lv_freertos.c:309:13:prvRunThread	8	static
lv_freertos.c:333:13:prvCheckMutexInit.part.0	8	static
lv_freertos.c:66:13:lv_thread_init	24	static
lv_freertos.c:90:13:lv_thread_delete	8	static
lv_freertos.c:97:13:lv_mutex_init	8	static
lv_freertos.c:105:13:lv_mutex_lock	8	static
lv_freertos.c:119:13:lv_mutex_lock_isr	24	static,ignoring_inline_asm
lv_freertos.c:141:13:lv_mutex_unlock	8	static
lv_freertos.c:155:13:lv_mutex_delete	8	static
lv_freertos.c:163:13:lv_thread_sync_init	8	static
lv_freertos.c:176:13:lv_thread_sync_wait	8	static
lv_freertos.c:245:13:lv_thread_sync_signal	8	static
lv_freertos.c:289:13:lv_thread_sync_delete	0	static
