qrcodegen.c:561:14:getAlignmentPatternPositions	12	static
qrcodegen.c:768:13:hasFinderLikePattern	0	static
qrcodegen.c:802:15:getModule	4	static
qrcodegen.c:812:15:setModule	8	static
qrcodegen.c:888:14:calcSegmentBitLength	0	static
qrcodegen.c:426:15:initializeFunctionModules	72	static
qrcodegen.c:188:15:appendBitsToBuffer.part.0	16	static
qrcodegen.c:345:14:getNumRawDataModules.part.0	0	static
qrcodegen.c:332:14:getNumDataCodewords	16	static
qrcodegen.c:1061:12:numCharCountBits.part.0	0	static
qrcodegen.c:1037:14:getTotalBits.part.0	48	static
qrcodegen.c:622:13:applyMask.part.0	56	static
qrcodegen.c:526:13:drawFormatBits.part.0	24	static
qrcodegen.c:846:6:qrcodegen_isAlphanumeric.part.0	16	static
qrcodegen.c:932:26:qrcodegen_makeNumeric.part.0	40	static
qrcodegen.c:967:26:qrcodegen_makeAlphanumeric.part.0	56	static
qrcodegen.c:827:15:setModuleBounded.constprop	4	static
qrcodegen.c:209:6:qrcodegen_encodeSegmentsAdvanced	136	static
qrcodegen.c:169:6:qrcodegen_encodeBinary	64	static
qrcodegen.c:200:6:qrcodegen_encodeSegments	48	static
qrcodegen.c:128:6:qrcodegen_encodeText	104	static
qrcodegen.c:782:5:qrcodegen_getSize	0	static
qrcodegen.c:793:6:qrcodegen_getModule	8	static
qrcodegen.c:846:6:qrcodegen_isAlphanumeric	0	static
qrcodegen.c:858:6:qrcodegen_isNumeric	0	static
qrcodegen.c:870:8:qrcodegen_calcSegmentBufferSize	8	static
qrcodegen.c:916:26:qrcodegen_makeBytes	24	static
qrcodegen.c:932:26:qrcodegen_makeNumeric	8	static
qrcodegen.c:967:26:qrcodegen_makeAlphanumeric	8	static
qrcodegen.c:1002:26:qrcodegen_makeEci	32	static
qrcodegen.c:1090:5:qrcodegen_getMinFitVersion	32	static
qrcodegen.c:1106:5:qrcodegen_version2size	0	static
