lv_indev.c:1573:13:indev_scroll_throw_anim_completed_cb	0	static
lv_indev.c:1557:13:indev_scroll_throw_anim_cb	8	static
lv_indev.c:105:14:lv_indev_create	16	static
lv_indev.c:152:14:lv_indev_get_next	0	static
lv_indev.c:260:6:lv_indev_enable	8	static
lv_indev.c:274:14:lv_indev_active	0	static
lv_indev.c:279:6:lv_indev_set_type	0	static
lv_indev.c:287:6:lv_indev_set_read_cb	0	static
lv_indev.c:294:6:lv_indev_set_user_data	0	static
lv_indev.c:300:6:lv_indev_set_driver_data	0	static
lv_indev.c:306:20:lv_indev_get_read_cb	0	static
lv_indev.c:316:17:lv_indev_get_type	0	static
lv_indev.c:323:18:lv_indev_get_state	0	static
lv_indev.c:330:14:lv_indev_get_group	0	static
lv_indev.c:337:16:lv_indev_get_display	0	static
lv_indev.c:344:6:lv_indev_set_display	0	static
lv_indev.c:351:8:lv_indev_get_user_data	0	static
lv_indev.c:357:8:lv_indev_get_driver_data	0	static
lv_indev.c:379:6:lv_indev_reset_long_press	8	static
lv_indev.c:386:6:lv_indev_set_cursor	16	static
lv_indev.c:397:6:lv_indev_set_group	0	static
lv_indev.c:404:6:lv_indev_set_button_points	0	static
lv_indev.c:411:6:lv_indev_get_point	0	static
lv_indev.c:427:10:lv_indev_get_gesture_dir	0	static
lv_indev.c:432:10:lv_indev_get_key	0	static
lv_indev.c:442:10:lv_indev_get_scroll_dir	0	static
lv_indev.c:449:12:lv_indev_get_scroll_obj	0	static
lv_indev.c:456:6:lv_indev_get_vect	0	static
lv_indev.c:469:6:lv_indev_wait_release	0	static
lv_indev.c:475:12:lv_indev_get_active_obj	0	static
lv_indev.c:480:14:lv_indev_get_read_timer	0	static
lv_indev.c:490:17:lv_indev_get_mode	0	static
lv_indev.c:496:6:lv_indev_set_mode	8	static
lv_indev.c:514:12:lv_indev_search_obj	48	static
lv_indev.c:1318:19:pointer_search_obj	16	static
lv_indev.c:550:6:lv_indev_add_event_cb	0	static
lv_indev.c:557:10:lv_indev_get_event_count	0	static
lv_indev.c:563:18:lv_indev_get_event_dsc	0	static
lv_indev.c:570:6:lv_indev_remove_event	0	static
lv_indev.c:577:10:lv_indev_remove_event_cb_with_user_data	24	static
lv_indev.c:596:13:lv_indev_send_event	56	static
lv_indev.c:136:6:lv_indev_delete	8	static
lv_indev.c:1540:20:send_event	16	static
lv_indev.c:1239:13:indev_proc_release	160	static
lv_indev.c:1503:13:indev_reset_core	16	static
lv_indev.c:364:6:lv_indev_reset	16	static
lv_indev.c:1096:13:indev_proc_press	40	static
lv_indev.c:195:6:lv_indev_read	56	static
lv_indev.c:190:6:lv_indev_read_timer_cb	0	static
