audio_inputs.c:66:13:encocder_input_init	8	static
audio_inputs.c:89:6:encocder_input_start	8	static
audio_inputs.c:101:6:encocder_input_stop	4	static
audio_inputs.c:108:6:deinterlace_decoder_channels_f32	32	static
audio_inputs.c:141:15:push_to_encoder_fifo	40	static
audio_inputs.c:164:6:encoder_HAL_SAI_RxHalfCpltCallback	24	static
audio_inputs.c:173:6:encoder_HAL_SAI_RxCpltCallback	32	static,ignoring_inline_asm
audio_inputs.c:187:10:get_encoder_I2S_sample_count	48	static,ignoring_inline_asm
audio_inputs.c:227:10:get_encoder_I2S_sample_count_TIM	24	static
audio_inputs.c:269:6:init_USB_player	16	static
