audio_outputs.c:65:6:output_to_usb_init	16	static
audio_outputs.c:77:6:output_to_usb_start	4	static
audio_outputs.c:81:6:output_to_usb_stop	4	static
audio_outputs.c:87:6:output_to_decoder_init	16	static
audio_outputs.c:108:6:output_to_decoder_start	8	static
audio_outputs.c:123:6:output_to_decoder_stop	4	static
audio_outputs.c:149:15:output_fifo_mixer_absorb	96	static
audio_outputs.c:487:13:process_encoder_data	40	static
audio_outputs.c:571:6:decoder_HAL_SAI_TxHalfCpltCallback	24	static
audio_outputs.c:586:6:decoder_HAL_SAI_TxCpltCallback	32	static
