main.c:162:6:hold_power_enable	8	static
main.c:166:6:power_off	8	static
main.c:170:6:charging_disable	8	static
main.c:174:6:charging_enable	8	static
main.c:179:6:NP_power_enable	16	static
main.c:184:6:encoder_preamp_power_enable	16	static
main.c:200:5:__io_putchar	16	static
main.c:211:6:SAI_encoder_init	24	static
main.c:239:6:SAI_decoder_init	24	static
main.c:270:6:HAL_SAI_TxHalfCpltCallback	16	static
main.c:285:6:HAL_SAI_TxCpltCallback	16	static
main.c:306:6:HAL_SAI_RxHalfCpltCallback	24	static
main.c:325:6:HAL_SAI_RxCpltCallback	16	static
main.c:337:6:HAL_SAI_ErrorCallback	16	static
main.c:345:6:HAL_GPIO_EXTI_Callback	24	static
main.c:445:6:HAL_TIM_PeriodElapsedCallback	48	static
main.c:584:6:HAL_LTDC_LineEventCallback	16	static
main.c:613:5:main	32	static,ignoring_inline_asm
main.c:804:6:SystemClock_Config	120	static
main.c:867:6:PeriphCommonClock_Config	192	static
main.c:910:13:MX_ADC2_Init	40	static
main.c:967:13:MX_DMA2D_Init	8	static
main.c:1004:13:MX_IWDG1_Init	8	static
main.c:1033:13:MX_I2C1_Init	8	static
main.c:1081:13:MX_LTDC_Init	64	static
main.c:1146:13:MX_OCTOSPI1_Init	32	static
main.c:1202:13:MX_SAI2_Init	8	static
main.c:1257:13:MX_SDMMC1_SD_Init	4	static
main.c:1284:13:MX_SPI1_Init	8	static
main.c:1332:13:MX_TIM2_Init	40	static
main.c:1379:6:MX_TIM5_Init	40	static
main.c:1432:13:MX_USART1_UART_Init	8	static
main.c:1478:13:MX_DMA_Init	16	static
main.c:1504:13:MX_MDMA_Init	16	static
main.c:1544:13:MX_GPIO_Init	56	static
main.c:1720:6:taskLVGLTimer	40	static
main.c:1784:6:init_async_i2c	16	static
main.c:1793:9:transmit_async_i2c	32	static
main.c:1812:6:StartHumanInOutTask	40	static
main.c:2015:13:save_config_local	16	static
main.c:2054:6:StartDefaultTask	168	static
main.c:2296:6:MPU_Config	24	static
main.c:2418:6:Error_Handler	4	static,ignoring_inline_asm
