lv_area.h:139:23:lv_area_get_width	0	static
lv_area.h:149:23:lv_area_get_height	0	static
lv_bar.c:261:13:draw_indic	536	static
lv_bar.c:252:13:lv_bar_destructor	8	static
lv_bar.c:602:13:lv_bar_anim_completed	0	static
lv_bar.c:595:13:lv_bar_anim	0	static
lv_bar.c:616:13:lv_bar_set_value_with_anim	128	static
lv_bar.c:554:13:lv_bar_event	32	static
lv_bar.c:79:12:lv_bar_create	8	static
lv_bar.c:91:6:lv_bar_set_value	32	static
lv_bar.c:225:13:lv_bar_constructor	16	static
lv_bar.c:106:6:lv_bar_set_start_value	24	static
lv_bar.c:124:6:lv_bar_set_range	16	static
lv_bar.c:154:6:lv_bar_set_mode	0	static
lv_bar.c:171:9:lv_bar_get_value	0	static
lv_bar.c:179:9:lv_bar_get_start_value	0	static
lv_bar.c:189:9:lv_bar_get_min_value	0	static
lv_bar.c:196:9:lv_bar_get_max_value	0	static
lv_bar.c:204:15:lv_bar_get_mode	0	static
lv_bar.c:212:6:lv_bar_is_symmetrical	0	static
