lv_span.c:542:13:lv_spangroup_destructor	16	static
lv_span.c:528:13:lv_spangroup_constructor	8	static
lv_span.c:696:16:lv_span_get_style_text_letter_space	16	static
lv_span.c:682:26:lv_span_get_style_text_font	16	static
lv_span.c:793:13:lv_draw_span	384	static
lv_span.c:90:6:lv_span_stack_init	8	static
lv_span.c:99:6:lv_span_stack_deinit	0	static
lv_span.c:104:12:lv_spangroup_create	8	static
lv_span.c:111:13:lv_spangroup_new_span	16	static
lv_span.c:132:6:lv_spangroup_delete_span	24	static
lv_span.c:162:6:lv_span_set_text	16	static
lv_span.c:187:6:lv_span_set_text_static	16	static
lv_span.c:203:6:lv_spangroup_set_align	0	static
lv_span.c:208:6:lv_spangroup_set_overflow	4	static
lv_span.c:218:6:lv_spangroup_set_indent	8	static
lv_span.c:252:13:lv_spangroup_get_child	16	static
lv_span.c:289:10:lv_spangroup_get_span_count	0	static
lv_span.c:302:17:lv_spangroup_get_align	16	static
lv_span.c:307:20:lv_spangroup_get_overflow	0	static
lv_span.c:314:9:lv_spangroup_get_indent	0	static
lv_span.c:321:16:lv_spangroup_get_mode	0	static
lv_span.c:328:9:lv_spangroup_get_max_lines	0	static
lv_span.c:369:9:lv_spangroup_get_max_line_height	24	static
lv_span.c:387:10:lv_spangroup_get_expand_width	64	static
lv_span.c:419:9:lv_spangroup_get_expand_height	120	static
lv_span.c:559:13:lv_spangroup_event	16	static
lv_span.c:335:6:lv_spangroup_refr_mode	16	static
lv_span.c:229:6:lv_spangroup_set_mode	0	static
lv_span.c:240:6:lv_spangroup_set_max_lines	0	static
