lv_string.h:65:20:lv_memzero	16	static
lv_color.h:272:26:lv_color_hex	24	static
lv_obj_pos.h:184:20:lv_obj_center	16	static
lv_obj_style.h:241:20:lv_obj_set_style_pad_all	24	static
lv_obj_style.h:255:20:lv_obj_set_style_pad_ver	24	static
lv_simple_file_explorer_unicode.c:83:12:lv_simple_file_explorer_unicode_create	24	static
lv_simple_file_explorer_unicode.c:95:6:lv_simple_file_explorer_unicode_set_sort	24	static
lv_simple_file_explorer_unicode.c:109:15:lv_simple_file_explorer_unicode_get_selected_file_name	24	static
lv_simple_file_explorer_unicode.c:120:15:lv_simple_file_explorer_unicode_get_current_path	24	static
lv_simple_file_explorer_unicode.c:129:12:lv_simple_file_explorer_unicode_get_file_table	24	static
lv_simple_file_explorer_unicode.c:138:12:lv_simple_file_explorer_unicode_get_header	24	static
lv_simple_file_explorer_unicode.c:157:12:lv_simple_file_explorer_unicode_get_path_label	24	static
lv_simple_file_explorer_unicode.c:168:25:lv_simple_file_explorer_unicode_get_sort	24	static
lv_simple_file_explorer_unicode.c:189:6:lv_simple_file_explorer_unicode_open_dir	16	static
lv_simple_file_explorer_unicode.c:200:13:lv_simple_file_explorer_unicode_constructor	24	static
lv_simple_file_explorer_unicode.c:262:13:init_style	40	static
lv_simple_file_explorer_unicode.c:306:13:browser_file_event_handler	112	static
lv_simple_file_explorer_unicode.c:393:13:show_dir	408	static
lv_simple_file_explorer_unicode.c:516:6:strip_slash	24	static
lv_simple_file_explorer_unicode.c:534:8:concat_full_path	32	static
lv_simple_file_explorer_unicode.c:544:13:exch_table_item	24	static
lv_simple_file_explorer_unicode.c:557:13:file_explorer_sort	24	static
lv_simple_file_explorer_unicode.c:579:13:sort_by_file_kind	32	static
lv_simple_file_explorer_unicode.c:600:13:is_end_with	24	static
