lv_color.h:272:26:lv_color_hex	24	static
lv_style.h:560:20:lv_style_set_pad_all	16	static
lv_display.h:392:26:lv_screen_active	8	static
lv_display.h:410:26:lv_layer_sys	8	static
lv_obj_pos.h:184:20:lv_obj_center	16	static
lv_obj_style.h:241:20:lv_obj_set_style_pad_all	24	static
lv_obj_style.h:261:20:lv_obj_set_style_margin_all	24	static
lv_api_map_v8.h:69:20:lv_obj_move_foreground	24	static
LVGL_GUI.c:26:6:set_back_light	16	static
LVGL_GUI.c:31:6:set_display_enable	16	static
LVGL_GUI.c:37:6:lv_lock	8	static
LVGL_GUI.c:42:6:lv_unlock	8	static
LVGL_GUI.c:76:13:get_current_group	4	static
LVGL_GUI.c:84:6:register_group	16	static
LVGL_GUI.c:96:6:deregister_group	24	static
LVGL_GUI.c:134:6:deregister_group_without_del	24	static
LVGL_GUI.c:173:13:encoder_global_cb	24	static
LVGL_GUI.c:189:6:init_LVGL_GUI	16	static
LVGL_GUI.c:258:13:new_theme_apply_cb	16	static
LVGL_GUI.c:300:6:init_styles	48	static
LVGL_GUI.c:439:13:btn_record_cb	8	static
LVGL_GUI.c:444:13:btn_player_cb	8	static
LVGL_GUI.c:449:13:btn_settings_cb	8	static
LVGL_GUI.c:456:13:transfer_btn_cb	40	static
LVGL_GUI.c:477:6:display_main_widgets	64	static
LVGL_GUI.c:606:13:back_event_cb	32	static
LVGL_GUI.c:619:11:create_back_button	32	static
LVGL_GUI.c:634:13:volume_button_event_cb	32	static
LVGL_GUI.c:647:18:create_volume_button	24	static
LVGL_GUI.c:666:13:create_battery_SOC_temp_symbol	24	static
LVGL_GUI.c:698:6:GUI_set_temperature	24	static
LVGL_GUI.c:714:6:GUI_set_battery_SOC	16	static
LVGL_GUI.c:749:13:btn_event_cb_dismiss_touchscreen_calib	24	static
LVGL_GUI.c:762:6:display_touchscreen_calib_widgets	24	static
LVGL_GUI.c:809:6:dismiss_touchscreen_calib_widgets	8	static
LVGL_GUI.c:829:13:msgbox_event_handler	24	static
LVGL_GUI.c:859:18:show_msgbox	40	static
LVGL_GUI.c:899:11:show_msgbox_warning	16	static
LVGL_GUI.c:904:11:show_msgbox_farewell	8	static
LVGL_GUI.c:914:9:number2text	40	static
LVGL_GUI.c:954:6:my_i16toa	24	static
LVGL_GUI.c:988:6:my_utoa	24	static
