lv_timer.h:247:22:lv_timer_get_user_data	16	static
lv_display.h:392:26:lv_screen_active	8	static
lv_obj_pos.h:184:20:lv_obj_center	16	static
lv_obj.h:311:20:lv_obj_set_user_data	16	static
lv_obj.h:363:22:lv_obj_get_user_data	16	static
lv_slider.h:77:20:lv_slider_set_value	24	static
lv_slider.h:99:20:lv_slider_set_range	24	static
lv_slider.h:123:23:lv_slider_get_value	16	static
LVGL_GUI_dsp.c:80:13:close_btn_event_handler	32	static
LVGL_GUI_dsp.c:96:13:preset_dropdown_event_handler	40	static
LVGL_GUI_dsp.c:131:13:master_switch_event_handler	32	static
LVGL_GUI_dsp.c:159:13:drywet_switch_event_handler	32	static
LVGL_GUI_dsp.c:201:13:eq_led_event_handler	40	static
LVGL_GUI_dsp.c:232:13:eq_slider_event_handler	48	static
LVGL_GUI_dsp.c:254:13:eq_reset_event_handler	40	static
LVGL_GUI_dsp.c:284:13:compress_led_event_handler	40	static
LVGL_GUI_dsp.c:316:13:compress_attack_slider_event_handler	72	static
LVGL_GUI_dsp.c:339:13:compress_release_slider_event_handler	72	static
LVGL_GUI_dsp.c:362:13:compress_threshold_slider_event_handler	72	static
LVGL_GUI_dsp.c:385:13:compress_makeup_slider_event_handler	72	static
LVGL_GUI_dsp.c:408:13:compress_ratio_slider_event_handler	72	static
LVGL_GUI_dsp.c:431:13:compress_knee_slider_event_handler	72	static
LVGL_GUI_dsp.c:461:13:reverb_led_event_handler	40	static
LVGL_GUI_dsp.c:494:13:reverb_predelay_slider_event_handler	56	static
LVGL_GUI_dsp.c:521:13:reverb_decay_slider_event_handler	56	static
LVGL_GUI_dsp.c:548:13:reverb_feedback_slider_event_handler	56	static
LVGL_GUI_dsp.c:579:13:value_update_timer_cb	48	static
LVGL_GUI_dsp.c:620:6:dismiss_dsp_ui	32	static
LVGL_GUI_dsp.c:651:11:create_dsp_ui	256	static
