lv_anim.h:197:20:lv_anim_set_var	16	static
lv_anim.h:209:20:lv_anim_set_exec_cb	16	static
lv_anim.h:219:20:lv_anim_set_duration	16	static
lv_anim.h:227:20:lv_anim_set_time	16	static
lv_anim.h:248:20:lv_anim_set_values	24	static
lv_anim.h:273:20:lv_anim_set_path_cb	16	static
lv_anim.h:304:20:lv_anim_set_completed_cb	16	static
lv_display.h:392:26:lv_screen_active	8	static
LVGL_toast.c:5:13:toast_anim_in_exec	16	static
LVGL_toast.c:11:13:toast_anim_out_ready	16	static
LVGL_toast.c:17:13:toast_anim_out_exec	16	static
LVGL_toast.c:23:13:toast_timer_callback	24	static
LVGL_toast.c:40:6:show_toast	120	static
