lv_area.h:352:23:lv_pct	16	static
lv_display.h:392:26:lv_screen_active	8	static
lv_obj_pos.h:184:20:lv_obj_center	16	static
lv_slider.h:99:20:lv_slider_set_range	24	static
LVGL_GUI_settings.c:32:13:dismiss_settings_screen	16	static
LVGL_GUI_settings.c:54:13:menu_settings_event_cb	32	static,ignoring_inline_asm
LVGL_GUI_settings.c:162:6:back_event_cb	24	static
LVGL_GUI_settings.c:205:13:buffer_dashboard_timer_cb	48	static
LVGL_GUI_settings.c:262:13:dismiss_sub_page_buffer_dashboard_event_cb	16	static
LVGL_GUI_settings.c:270:13:create_sub_page_buffer_dashboard	88	static
LVGL_GUI_settings.c:401:6:display_settings_screen	64	static
