lv_color.h:272:26:lv_color_hex	24	static
lv_font.h:170:23:lv_font_get_line_height	16	static
lv_display.h:392:26:lv_screen_active	8	static
lv_obj_style.h:241:20:lv_obj_set_style_pad_all	24	static
lv_obj_style.h:261:20:lv_obj_set_style_margin_all	24	static
lv_slider.h:77:20:lv_slider_set_value	24	static
lv_slider.h:99:20:lv_slider_set_range	24	static
LVGL_GUI_player.c:62:13:dismiss_FS_player_screen	16	static
LVGL_GUI_player.c:108:13:file_explorer_event_handler_cb	48	static
LVGL_GUI_player.c:147:13:loop_icon_change	16	static
LVGL_GUI_player.c:165:13:loop_event_handler_cb	24	static
LVGL_GUI_player.c:194:13:prev_event_handler_cb	24	static
LVGL_GUI_player.c:202:13:play_pause_event_handler_cb	24	static
LVGL_GUI_player.c:225:13:next_event_handler_cb	24	static
LVGL_GUI_player.c:232:13:del_counter_timer_event_cb	24	static
LVGL_GUI_player.c:240:19:create_player_cont	32	static
LVGL_GUI_player.c:303:19:create_player_ctrl_box	72	static
LVGL_GUI_player.c:424:19:create_player_title_box	32	static
LVGL_GUI_player.c:469:13:light_on_playlist_logo	16	static
LVGL_GUI_player.c:478:14:add_playlist_event_handler_cb	56	static
LVGL_GUI_player.c:514:18:create_player_playlist_indicator	24	static
LVGL_GUI_player.c:540:13:duration_timer_cb	24	static
LVGL_GUI_player.c:560:6:display_FS_player_screen	136	static
LVGL_GUI_player.c:744:5:GUI_notify_change_track	40	static
LVGL_GUI_player.c:788:6:GUI_notify_play_pause	16	static
LVGL_GUI_player.c:814:6:GUI_notify_sample_rate_and_bitdepth	24	static
