lv_string.h:65:20:lv_memzero	16	static
lv_draw_buf.h:224:20:lv_draw_buf_has_flag	16	static
lv_ll.h:85:20:_lv_ll_clear	16	static
lv_image_decoder.c:69:6:_lv_image_decoder_init	40	static
lv_image_decoder.c:96:6:_lv_image_decoder_deinit	8	static
lv_image_decoder.c:108:13:lv_image_decoder_get_info	24	static
lv_image_decoder.c:116:13:lv_image_decoder_open	32	static
lv_image_decoder.c:157:13:lv_image_decoder_get_area	40	static
lv_image_decoder.c:166:6:lv_image_decoder_close	16	static
lv_image_decoder.c:177:22:lv_image_decoder_create	16	static
lv_image_decoder.c:189:6:lv_image_decoder_delete	16	static
lv_image_decoder.c:195:22:lv_image_decoder_get_next	16	static
lv_image_decoder.c:203:6:lv_image_decoder_set_info_cb	16	static
lv_image_decoder.c:208:6:lv_image_decoder_set_open_cb	16	static
lv_image_decoder.c:213:6:lv_image_decoder_set_get_area_cb	16	static
lv_image_decoder.c:218:6:lv_image_decoder_set_close_cb	16	static
lv_image_decoder.c:223:6:lv_image_decoder_set_cache_free_cb	16	static
lv_image_decoder.c:229:20:lv_image_decoder_add_to_cache	32	static
lv_image_decoder.c:253:17:lv_image_decoder_post_process	32	static
lv_image_decoder.c:305:29:image_decoder_get_info	104	static
lv_image_decoder.c:373:17:img_width_to_stride	24	static
lv_image_decoder.c:384:38:image_decoder_common_compare	32	static
lv_image_decoder.c:406:31:image_decoder_header_cache_compare_cb	16	static
lv_image_decoder.c:413:13:image_decoder_header_cache_free_cb	16	static
lv_image_decoder.c:422:31:image_decoder_cache_compare_cb	16	static
lv_image_decoder.c:429:13:image_decoder_cache_free_cb	24	static
lv_image_decoder.c:450:20:try_cache	56	static
