lv_tabview.c:58:12:lv_tabview_create	8	static
lv_tabview.c:96:6:lv_tabview_rename_tab	16	static
lv_tabview.c:152:6:lv_tabview_set_tab_bar_position	24	static
lv_tabview.c:254:13:lv_tabview_constructor	16	static
lv_tabview.c:211:6:lv_tabview_set_tab_bar_size	16	static
lv_tabview.c:226:10:lv_tabview_get_tab_active	0	static
lv_tabview.c:233:10:lv_tabview_get_tab_count	8	static
lv_tabview.c:106:6:lv_tabview_set_active	40	static
lv_tabview.c:276:13:lv_tabview_event	8	static
lv_tabview.c:299:13:cont_scroll_end_event_cb	32	static
lv_tabview.c:290:13:button_clicked_event_cb	16	static
lv_tabview.c:67:12:lv_tabview_add_tab	24	static
lv_tabview.c:240:12:lv_tabview_get_content	0	static
lv_tabview.c:245:12:lv_tabview_get_tab_bar	0	static
