TLV320ADCx120.c:125:13:read_reg.isra.0.constprop	40	static
TLV320ADCx120.c:137:6:adcx120_set_reg	40	static
TLV320ADCx120.c:152:5:adcx120_reset	24	static
TLV320ADCx120.c:166:6:adcx120_set_volume	32	static
TLV320ADCx120.c:180:9:adcx120_set_volume_async	16	static
TLV320ADCx120.c:197:6:adcx120_mute	32	static
TLV320ADCx120.c:216:9:adcx120_mute_async	8	static
TLV320ADCx120.c:245:6:adcx120_set_gain	8	static
TLV320ADCx120.c:259:9:adcx120_set_gain_async	8	static
TLV320ADCx120.c:290:6:adcx120_set_power	32	static
TLV320ADCx120.c:299:6:adcx120_set_sleep	32	static
TLV320ADCx120.c:323:6:adcx120_set_format	40	static
TLV320ADCx120.c:358:6:adcx120_set_channel_enable	40	static
TLV320ADCx120.c:381:6:adcx120_awake	16	static
TLV320ADCx120.c:390:6:adcx120_init	32	static
TLV320ADCx120.c:477:5:adcx120_test	24	static
