my_usbd_audio.c:554:9:VOL_PERCENT	24	static
my_usbd_audio.c:577:16:USBD_AUDIO_Init	32	static
my_usbd_audio.c:701:16:USBD_AUDIO_DeInit	24	static
my_usbd_audio.c:751:16:USBD_AUDIO_Setup	40	static
my_usbd_audio.c:919:17:USBD_AUDIO_GetCfgDesc	32	static
my_usbd_audio.c:972:8:USB_absorb_from_fifo_mic_in	88	static
my_usbd_audio.c:1071:15:USB_generate_fake_mic_in_data	56	static
my_usbd_audio.c:1111:16:USBD_AUDIO_DataIn	32	static
my_usbd_audio.c:1177:13:AUDIO_OUT_Restart	24	static
my_usbd_audio.c:1210:13:AUDIO_IN_Restart	24	static
my_usbd_audio.c:1241:16:USBD_AUDIO_EP0_RxReady	40	static
my_usbd_audio.c:1331:16:USBD_AUDIO_EP0_TxReady	16	static
my_usbd_audio.c:1345:16:USBD_AUDIO_SOF	56	static
my_usbd_audio.c:1478:6:USBD_AUDIO_Sync	16	static
my_usbd_audio.c:1502:16:USBD_AUDIO_IsoINIncomplete	24	static
my_usbd_audio.c:1565:16:USBD_AUDIO_IsoOutIncomplete	16	static
my_usbd_audio.c:1598:15:USB_push_speaker_out_data_to_fifo	48	static
my_usbd_audio.c:1641:16:USBD_AUDIO_DataOut	32	static
my_usbd_audio.c:1700:13:AUDIO_REQ_GetCurrent	24	static
my_usbd_audio.c:1725:13:AUDIO_REQ_SetCurrent	24	static
my_usbd_audio.c:1764:13:AUDIO_REQ_GetMin	24	static
my_usbd_audio.c:1800:13:AUDIO_REQ_SetMin	24	static
my_usbd_audio.c:1829:13:AUDIO_REQ_GetMax	24	static
my_usbd_audio.c:1865:13:AUDIO_REQ_SetMax	24	static
my_usbd_audio.c:1894:13:AUDIO_REQ_GetRes	24	static
my_usbd_audio.c:1927:17:USBD_AUDIO_GetDeviceQualifierDesc	16	static
my_usbd_audio.c:1939:9:USBD_AUDIO_RegisterInterface	16	static
my_usbd_audio.c:1954:10:get_audio_feedback_Hz_from_fifo_free	48	static
my_usbd_audio.c:1983:9:get_UAC1_0_feedback_bytes	32	static
