_lv_cache_lru_rb.c:204:13:destroy_cb	0	static
_lv_cache_lru_rb.c:393:36:reserve_cond_cb	16	static
_lv_cache_lru_rb.c:417:17:cnt_get_data_size_cb	0	static
_lv_cache_lru_rb.c:423:17:size_get_data_size_cb	0	static
_lv_cache_lru_rb.c:143:15:alloc_cb	8	static
_lv_cache_lru_rb.c:373:27:get_victim_cb	24	static
_lv_cache_lru_rb.c:339:13:drop_all_cb	24	static
_lv_cache_lru_rb.c:308:13:drop_cb	24	static
_lv_cache_lru_rb.c:281:13:remove_cb	16	static
_lv_cache_lru_rb.c:256:27:add_cb	32	static
_lv_cache_lru_rb.c:219:27:get_cb	32	static
_lv_cache_lru_rb.c:156:13:init_cnt_cb	16	static
_lv_cache_lru_rb.c:180:13:init_size_cb	16	static
