lv_simple_file_explorer_unicode.c:544:13:exch_table_item	24	static
lv_simple_file_explorer_unicode.c:579:13:sort_by_file_kind	48	static
lv_simple_file_explorer_unicode.c:557:13:file_explorer_sort	8	static
lv_simple_file_explorer_unicode.c:600:13:is_end_with.part.0.constprop	16	static
lv_simple_file_explorer_unicode.c:393:13:show_dir	392	static
lv_simple_file_explorer_unicode.c:200:13:lv_simple_file_explorer_unicode_constructor	48	static
lv_simple_file_explorer_unicode.c:83:12:lv_simple_file_explorer_unicode_create	8	static
lv_simple_file_explorer_unicode.c:95:6:lv_simple_file_explorer_unicode_set_sort	0	static
lv_simple_file_explorer_unicode.c:109:15:lv_simple_file_explorer_unicode_get_selected_file_name	0	static
lv_simple_file_explorer_unicode.c:120:15:lv_simple_file_explorer_unicode_get_current_path	0	static
lv_simple_file_explorer_unicode.c:129:12:lv_simple_file_explorer_unicode_get_file_table	0	static
lv_simple_file_explorer_unicode.c:138:12:lv_simple_file_explorer_unicode_get_header	0	static
lv_simple_file_explorer_unicode.c:157:12:lv_simple_file_explorer_unicode_get_path_label	0	static
lv_simple_file_explorer_unicode.c:168:25:lv_simple_file_explorer_unicode_get_sort	0	static
lv_simple_file_explorer_unicode.c:189:6:lv_simple_file_explorer_unicode_open_dir	0	static
lv_simple_file_explorer_unicode.c:516:6:strip_slash	8	static
lv_simple_file_explorer_unicode.c:306:13:browser_file_event_handler	88	static
lv_simple_file_explorer_unicode.c:534:8:concat_full_path	16	static
