LVGL_GUI_player.c:61:13:dismiss_FS_player_screen	16	static
LVGL_GUI_player.c:533:13:duration_timer_cb	16	static
LVGL_GUI_player.c:193:13:prev_event_handler_cb	8	static
LVGL_GUI_player.c:224:13:next_event_handler_cb	0	static
LVGL_GUI_player.c:231:13:del_counter_timer_event_cb	0	static
LVGL_GUI_player.c:107:13:file_explorer_event_handler_cb	24	static
LVGL_GUI_player.c:146:13:loop_icon_change	0	static
LVGL_GUI_player.c:164:13:loop_event_handler_cb	16	static
LVGL_GUI_player.c:201:13:play_pause_event_handler_cb	8	static
LVGL_GUI_player.c:471:14:add_playlist_event_handler_cb	32	static
LVGL_GUI_player.c:553:6:display_FS_player_screen	144	static
LVGL_GUI_player.c:737:5:GUI_notify_change_track	24	static
LVGL_GUI_player.c:781:6:GUI_notify_play_pause	8	static
LVGL_GUI_player.c:807:6:GUI_notify_sample_rate_and_bitdepth	32	static
