LVGL_GUI.c:449:13:btn_settings_cb	0	static
LVGL_GUI.c:444:13:btn_player_cb	0	static
LVGL_GUI.c:439:13:btn_record_cb	0	static
LVGL_GUI.c:173:13:encoder_global_cb	16	static
LVGL_GUI.c:606:13:back_event_cb	8	static
LVGL_GUI.c:634:13:volume_button_event_cb	0	static
LVGL_GUI.c:456:13:transfer_btn_cb	8	static
LVGL_GUI.c:954:6:my_i16toa.part.0	16	static
LVGL_GUI.c:300:6:init_styles.part.0	64	static
LVGL_GUI.c:258:13:new_theme_apply_cb	16	static
LVGL_GUI.c:26:6:set_back_light	8	static
LVGL_GUI.c:31:6:set_display_enable	0	static
LVGL_GUI.c:37:6:lv_lock	0	static
LVGL_GUI.c:42:6:lv_unlock	0	static
LVGL_GUI.c:76:13:get_current_group	0	static
LVGL_GUI.c:84:6:register_group	16	static
LVGL_GUI.c:859:18:show_msgbox	40	static
LVGL_GUI.c:96:6:deregister_group	32	static
LVGL_GUI.c:829:13:msgbox_event_handler	16	static
LVGL_GUI.c:134:6:deregister_group_without_del	24	static
LVGL_GUI.c:189:6:init_LVGL_GUI	24	static
LVGL_GUI.c:300:6:init_styles	0	static
LVGL_GUI.c:477:6:display_main_widgets	56	static
LVGL_GUI.c:619:11:create_back_button	16	static
LVGL_GUI.c:698:6:GUI_set_temperature	24	static
LVGL_GUI.c:714:6:GUI_set_battery_SOC	0	static
LVGL_GUI.c:762:6:display_touchscreen_calib_widgets	16	static
LVGL_GUI.c:809:6:dismiss_touchscreen_calib_widgets	16	static
LVGL_GUI.c:749:13:btn_event_cb_dismiss_touchscreen_calib	16	static
LVGL_GUI.c:899:11:show_msgbox_warning	0	static
LVGL_GUI.c:904:11:show_msgbox_farewell	0	static
LVGL_GUI.c:914:9:number2text	56	static
LVGL_GUI.c:954:6:my_i16toa	0	static
LVGL_GUI.c:988:6:my_utoa	16	static
