audio_inputs.c:141:15:push_to_encoder_fifo	24	static
audio_inputs.c:89:6:encocder_input_start	16	static
audio_inputs.c:101:6:encocder_input_stop	0	static
audio_inputs.c:108:6:deinterlace_decoder_channels_f32	16	static
audio_inputs.c:164:6:encoder_HAL_SAI_RxHalfCpltCallback	8	static
audio_inputs.c:173:6:encoder_HAL_SAI_RxCpltCallback	8	static,ignoring_inline_asm
audio_inputs.c:187:10:get_encoder_I2S_sample_count	8	static,ignoring_inline_asm
audio_inputs.c:227:10:get_encoder_I2S_sample_count_TIM	0	static
audio_inputs.c:269:6:init_USB_player	16	static
