lv_group.c:501:21:get_indev	16	static
lv_group.c:418:13:focus_next_core.part.0	32	static
lv_group.c:316:6:lv_group_set_editing.part.0	8	static
lv_group.c:239:6:lv_group_focus_obj.part.0	24	static
lv_group.c:46:6:_lv_group_init	0	static
lv_group.c:51:6:_lv_group_deinit	0	static
lv_group.c:56:14:lv_group_create	8	static
lv_group.c:75:6:lv_group_delete	16	static
lv_group.c:106:6:lv_group_set_default	0	static
lv_group.c:111:14:lv_group_get_default	0	static
lv_group.c:161:6:lv_group_swap_obj	16	static
lv_group.c:221:6:lv_group_remove_all_objs	16	static
lv_group.c:239:6:lv_group_focus_obj	0	static
lv_group.c:272:6:lv_group_focus_next	8	static
lv_group.c:281:6:lv_group_focus_prev	8	static
lv_group.c:404:13:lv_group_refocus	16	static
lv_group.c:180:6:lv_group_remove_obj	24	static
lv_group.c:116:6:lv_group_add_obj	16	static
lv_group.c:290:6:lv_group_focus_freeze	0	static
lv_group.c:296:13:lv_group_send_data	16	static
lv_group.c:306:6:lv_group_set_focus_cb	0	static
lv_group.c:311:6:lv_group_set_edge_cb	0	static
lv_group.c:316:6:lv_group_set_editing	0	static
lv_group.c:334:6:lv_group_set_refocus_policy	0	static
lv_group.c:339:6:lv_group_set_wrap	0	static
lv_group.c:344:12:lv_group_get_focused	0	static
lv_group.c:352:21:lv_group_get_focus_cb	0	static
lv_group.c:358:20:lv_group_get_edge_cb	0	static
lv_group.c:364:6:lv_group_get_editing	0	static
lv_group.c:370:6:lv_group_get_wrap	0	static
lv_group.c:376:10:lv_group_get_obj_count	0	static
lv_group.c:381:10:lv_group_get_count	0	static
lv_group.c:386:15:lv_group_by_index	16	static
