lv_obj_pos.c:1121:13:transform_point	64	static
lv_obj_pos.c:53:6:lv_obj_set_x	24	static
lv_obj_pos.c:67:6:lv_obj_set_y	24	static
lv_obj_pos.c:45:6:lv_obj_set_pos	16	static
lv_obj_pos.c:215:6:lv_obj_set_width	24	static
lv_obj_pos.c:228:6:lv_obj_set_height	24	static
lv_obj_pos.c:207:6:lv_obj_set_size	16	static
lv_obj_pos.c:241:6:lv_obj_set_content_width	32	static
lv_obj_pos.c:248:6:lv_obj_set_content_height	32	static
lv_obj_pos.c:264:6:lv_obj_is_layout_positioned	24	static
lv_obj_pos.c:276:6:lv_obj_mark_layout_as_dirty	8	static
lv_obj_pos.c:255:6:lv_obj_set_layout	8	static
lv_obj_pos.c:311:6:lv_obj_set_align	0	static
lv_obj_pos.c:316:6:lv_obj_align	16	static
lv_obj_pos.c:469:6:lv_obj_get_coords	8	static
lv_obj_pos.c:476:9:lv_obj_get_x	24	static
lv_obj_pos.c:493:9:lv_obj_get_x2	8	static
lv_obj_pos.c:500:9:lv_obj_get_y	24	static
lv_obj_pos.c:517:9:lv_obj_get_y2	8	static
lv_obj_pos.c:524:9:lv_obj_get_x_aligned	16	static
lv_obj_pos.c:529:9:lv_obj_get_y_aligned	16	static
lv_obj_pos.c:534:9:lv_obj_get_width	0	static
lv_obj_pos.c:541:9:lv_obj_get_height	0	static
lv_obj_pos.c:548:9:lv_obj_get_content_width	32	static
lv_obj_pos.c:558:9:lv_obj_get_content_height	32	static
lv_obj_pos.c:568:6:lv_obj_get_content_coords	32	static
lv_obj_pos.c:580:9:lv_obj_get_self_width	16	static
lv_obj_pos.c:587:9:lv_obj_get_self_height	16	static
lv_obj_pos.c:594:6:lv_obj_refresh_self_size	24	static
lv_obj_pos.c:749:6:lv_obj_move_children_by	40	static
lv_obj_pos.c:765:6:lv_obj_transform_point	24	static
lv_obj_pos.c:781:6:lv_obj_get_transformed_area	56	static
lv_obj_pos.c:832:6:lv_obj_area_is_visible	64	static
lv_obj_pos.c:802:6:lv_obj_invalidate_area	32	static
lv_obj_pos.c:816:6:lv_obj_invalidate	40	static
lv_obj_pos.c:680:6:lv_obj_move_to	72	static
lv_obj_pos.c:604:6:lv_obj_refr_pos	56	static
lv_obj_pos.c:880:6:lv_obj_is_visible	40	static
lv_obj_pos.c:895:6:lv_obj_set_ext_click_area	16	static
lv_obj_pos.c:903:6:lv_obj_get_click_area	12	static
lv_obj_pos.c:911:6:lv_obj_hit_test	40	static
lv_obj_pos.c:931:9:lv_clamp_width	4	static
lv_obj_pos.c:81:6:lv_obj_refr_size.part.0	104	static
lv_obj_pos.c:81:6:lv_obj_refr_size	0	static
lv_obj_pos.c:1096:13:layout_update_core	16	static
lv_obj_pos.c:289:6:lv_obj_update_layout.part.0	16	static
lv_obj_pos.c:289:6:lv_obj_update_layout	0	static
lv_obj_pos.c:322:6:lv_obj_align_to	64	static
lv_obj_pos.c:938:9:lv_clamp_height	0	static
