lv_obj_style.c:853:13:trans_delete	48	static
lv_obj_style.c:830:13:refresh_children_style	24	static
lv_obj_style.c:722:26:get_trans_style	24	static
lv_obj_style.c:1074:13:fade_anim_cb	0	static
lv_obj_style.c:1084:13:style_has_flag.constprop	16	static
lv_obj_style.c:749:23:get_prop_core	48	static
lv_obj_style.c:1107:23:get_selector_style_prop.constprop	24	static
lv_obj_style.c:392:18:lv_obj_get_style_prop.part.0	32	static
lv_obj_style.c:272:6:lv_obj_refresh_style.part.0	88	static
lv_obj_style.c:808:13:report_style_change_core	24	static
lv_obj_style.c:887:13:trans_anim_cb	40	static
lv_obj_style.c:951:13:trans_anim_start_cb	32	static
lv_obj_style.c:81:6:_lv_obj_style_init	0	static
lv_obj_style.c:86:6:_lv_obj_style_deinit	8	static
lv_obj_style.c:154:6:lv_obj_replace_style	48	static
lv_obj_style.c:200:6:lv_obj_remove_style	48	static
lv_obj_style.c:973:13:trans_anim_completed_cb	24	static
lv_obj_style.c:95:6:lv_obj_add_style	24	static
lv_obj_style.c:253:6:lv_obj_remove_style_all	0	static
lv_obj_style.c:258:6:lv_obj_report_style_change	16	static
lv_obj_style.c:272:6:lv_obj_refresh_style	0	static
lv_obj_style.c:323:6:lv_obj_enable_style_refresh	0	static
lv_obj_style.c:392:18:lv_obj_get_style_prop	8	static
lv_obj_style.c:406:6:lv_obj_has_style_prop	16	static
lv_obj_style.c:419:6:lv_obj_set_local_style_prop	32	static
lv_obj_style.c:442:16:lv_obj_get_local_style_prop	12	static
lv_obj_style.c:456:6:lv_obj_remove_local_style_prop	32	static
lv_obj_style.c:1079:13:fade_in_anim_completed	0	static
lv_obj_style.c:481:6:_lv_obj_style_create_transition	144	static
lv_obj_style.c:535:18:_lv_obj_style_apply_color_filter	40	static
lv_obj_style.c:546:23:_lv_obj_style_state_compare	40	static
lv_obj_style.c:607:6:lv_obj_fade_in	112	static
lv_obj_style.c:620:6:lv_obj_fade_out	112	static
lv_obj_style.c:632:17:lv_obj_calculate_style_text_align	24	static
lv_obj_style.c:640:10:lv_obj_get_style_opa_recursive	24	static
