usbd_conf.c:69:6:HAL_PCD_MspInit	48	static
usbd_conf.c:117:6:HAL_PCD_MspDeInit	8	static
usbd_conf.c:151:6:HAL_PCD_SetupStageCallback	0	static
usbd_conf.c:166:6:HAL_PCD_DataOutStageCallback	0	static
usbd_conf.c:181:6:HAL_PCD_DataInStageCallback	0	static
usbd_conf.c:195:6:HAL_PCD_SOFCallback	0	static
usbd_conf.c:209:6:HAL_PCD_ResetCallback	8	static
usbd_conf.c:242:6:HAL_PCD_SuspendCallback	8	static
usbd_conf.c:267:6:HAL_PCD_ResumeCallback	0	static
usbd_conf.c:285:6:HAL_PCD_ISOOUTIncompleteCallback	0	static
usbd_conf.c:300:6:HAL_PCD_ISOINIncompleteCallback	0	static
usbd_conf.c:314:6:HAL_PCD_ConnectCallback	0	static
usbd_conf.c:328:6:HAL_PCD_DisconnectCallback	0	static
usbd_conf.c:343:20:USBD_LL_Init	16	static
usbd_conf.c:399:20:USBD_LL_DeInit	8	static
usbd_conf.c:416:20:USBD_LL_Start	8	static
usbd_conf.c:433:20:USBD_LL_Stop	8	static
usbd_conf.c:453:20:USBD_LL_OpenEP	8	static
usbd_conf.c:471:20:USBD_LL_CloseEP	8	static
usbd_conf.c:489:20:USBD_LL_FlushEP	8	static
usbd_conf.c:507:20:USBD_LL_StallEP	8	static
usbd_conf.c:525:20:USBD_LL_ClearStallEP	8	static
usbd_conf.c:543:9:USBD_LL_IsStallEP	0	static
usbd_conf.c:563:20:USBD_LL_SetUSBAddress	8	static
usbd_conf.c:583:20:USBD_LL_Transmit	8	static
usbd_conf.c:603:20:USBD_LL_PrepareReceive	8	static
usbd_conf.c:621:10:USBD_LL_GetRxDataSize	0	static
usbd_conf.c:631:7:USBD_static_malloc	0	static
usbd_conf.c:643:6:USBD_static_free	0	static
usbd_conf.c:653:6:USBD_LL_Delay	0	static
usbd_conf.c:663:20:USBD_Get_USB_Status	0	static
