stm32h7xx_ll_sdmmc.c:200:19:SDMMC_Init	12	static
stm32h7xx_ll_sdmmc.c:251:10:SDMMC_ReadFIFO	0	static
stm32h7xx_ll_sdmmc.c:263:19:SDMMC_WriteFIFO	0	static
stm32h7xx_ll_sdmmc.c:295:19:SDMMC_PowerState_ON	0	static
stm32h7xx_ll_sdmmc.c:308:19:SDMMC_PowerState_Cycle	0	static
stm32h7xx_ll_sdmmc.c:321:19:SDMMC_PowerState_OFF	0	static
stm32h7xx_ll_sdmmc.c:338:10:SDMMC_GetPowerState	0	static
stm32h7xx_ll_sdmmc.c:351:19:SDMMC_SendCommand	12	static
stm32h7xx_ll_sdmmc.c:381:9:SDMMC_GetCommandResponse	0	static
stm32h7xx_ll_sdmmc.c:398:10:SDMMC_GetResponse	0	static
stm32h7xx_ll_sdmmc.c:419:19:SDMMC_ConfigData	8	static
stm32h7xx_ll_sdmmc.c:454:10:SDMMC_GetDataCounter	0	static
stm32h7xx_ll_sdmmc.c:464:10:SDMMC_GetFIFOCount	0	static
stm32h7xx_ll_sdmmc.c:478:19:SDMMC_SetSDMMCReadWaitMode	0	static
stm32h7xx_ll_sdmmc.c:815:10:SDMMC_CmdGoIdleState	8	static
stm32h7xx_ll_sdmmc.c:1258:10:SDMMC_GetCmdResp1	4	static
stm32h7xx_ll_sdmmc.c:513:10:SDMMC_CmdBlockLength	12	static
stm32h7xx_ll_sdmmc.c:537:10:SDMMC_CmdReadSingleBlock	12	static
stm32h7xx_ll_sdmmc.c:561:10:SDMMC_CmdReadMultiBlock	12	static
stm32h7xx_ll_sdmmc.c:585:10:SDMMC_CmdWriteSingleBlock	12	static
stm32h7xx_ll_sdmmc.c:609:10:SDMMC_CmdWriteMultiBlock	12	static
stm32h7xx_ll_sdmmc.c:633:10:SDMMC_CmdSDEraseStartAdd	8	static
stm32h7xx_ll_sdmmc.c:657:10:SDMMC_CmdSDEraseEndAdd	12	static
stm32h7xx_ll_sdmmc.c:681:10:SDMMC_CmdEraseStartAdd	12	static
stm32h7xx_ll_sdmmc.c:705:10:SDMMC_CmdEraseEndAdd	12	static
stm32h7xx_ll_sdmmc.c:730:10:SDMMC_CmdErase	12	static
stm32h7xx_ll_sdmmc.c:754:10:SDMMC_CmdStopTransfer	16	static
stm32h7xx_ll_sdmmc.c:791:10:SDMMC_CmdSelDesel	12	static
stm32h7xx_ll_sdmmc.c:869:10:SDMMC_CmdAppCommand	12	static
stm32h7xx_ll_sdmmc.c:921:10:SDMMC_CmdBusWidth	12	static
stm32h7xx_ll_sdmmc.c:1165:10:SDMMC_CmdSwitch	0	static
stm32h7xx_ll_sdmmc.c:944:10:SDMMC_CmdSendSCR	12	static
stm32h7xx_ll_sdmmc.c:1043:10:SDMMC_CmdSetRelAddMmc	12	static
stm32h7xx_ll_sdmmc.c:1068:10:SDMMC_CmdSleepMmc	12	static
stm32h7xx_ll_sdmmc.c:1093:10:SDMMC_CmdSendStatus	12	static
stm32h7xx_ll_sdmmc.c:1116:10:SDMMC_CmdStatusRegister	12	static
stm32h7xx_ll_sdmmc.c:1191:10:SDMMC_CmdVoltageSwitch	12	static
stm32h7xx_ll_sdmmc.c:1215:10:SDMMC_CmdSendEXTCSD	12	static
stm32h7xx_ll_sdmmc.c:1393:10:SDMMC_GetCmdResp2	4	static
stm32h7xx_ll_sdmmc.c:968:10:SDMMC_CmdSendCID	4	static
stm32h7xx_ll_sdmmc.c:993:10:SDMMC_CmdSendCSD	4	static
stm32h7xx_ll_sdmmc.c:1437:10:SDMMC_GetCmdResp3	0	static
stm32h7xx_ll_sdmmc.c:897:10:SDMMC_CmdAppOperCommand	4	static
stm32h7xx_ll_sdmmc.c:1141:10:SDMMC_CmdOpCondition	4	static
stm32h7xx_ll_sdmmc.c:1477:10:SDMMC_GetCmdResp6	4	static
stm32h7xx_ll_sdmmc.c:1018:10:SDMMC_CmdSetRelAdd	12	static
stm32h7xx_ll_sdmmc.c:1551:10:SDMMC_GetCmdResp7	4	static
stm32h7xx_ll_sdmmc.c:838:10:SDMMC_CmdOperCond	4	static
