Archive member included to satisfy reference by file (symbol)

c:/st/stm32cubeide_1.7.0/stm32cubeide/plugins/com.st.stm32cube.ide.mcu.externaltools.gnu-tools-for-stm32.9-2020-q2-update.win32_2.0.0.202105311346/tools/bin/../lib/gcc/arm-none-eabi/9.3.1/../../../../arm-none-eabi/lib/thumb/v7e-m+dp/hard\libc_nano.a(lib_a-errno.o)
                              ./Core/Src/syscalls.o (__errno)
c:/st/stm32cubeide_1.7.0/stm32cubeide/plugins/com.st.stm32cube.ide.mcu.externaltools.gnu-tools-for-stm32.9-2020-q2-update.win32_2.0.0.202105311346/tools/bin/../lib/gcc/arm-none-eabi/9.3.1/../../../../arm-none-eabi/lib/thumb/v7e-m+dp/hard\libc_nano.a(lib_a-exit.o)
                              c:/st/stm32cubeide_1.7.0/stm32cubeide/plugins/com.st.stm32cube.ide.mcu.externaltools.gnu-tools-for-stm32.9-2020-q2-update.win32_2.0.0.202105311346/tools/bin/../lib/gcc/arm-none-eabi/9.3.1/../../../../arm-none-eabi/lib/thumb/v7e-m+dp/hard/crt0.o (exit)
c:/st/stm32cubeide_1.7.0/stm32cubeide/plugins/com.st.stm32cube.ide.mcu.externaltools.gnu-tools-for-stm32.9-2020-q2-update.win32_2.0.0.202105311346/tools/bin/../lib/gcc/arm-none-eabi/9.3.1/../../../../arm-none-eabi/lib/thumb/v7e-m+dp/hard\libc_nano.a(lib_a-impure.o)
                              c:/st/stm32cubeide_1.7.0/stm32cubeide/plugins/com.st.stm32cube.ide.mcu.externaltools.gnu-tools-for-stm32.9-2020-q2-update.win32_2.0.0.202105311346/tools/bin/../lib/gcc/arm-none-eabi/9.3.1/../../../../arm-none-eabi/lib/thumb/v7e-m+dp/hard\libc_nano.a(lib_a-exit.o) (_global_impure_ptr)
c:/st/stm32cubeide_1.7.0/stm32cubeide/plugins/com.st.stm32cube.ide.mcu.externaltools.gnu-tools-for-stm32.9-2020-q2-update.win32_2.0.0.202105311346/tools/bin/../lib/gcc/arm-none-eabi/9.3.1/../../../../arm-none-eabi/lib/thumb/v7e-m+dp/hard\libc_nano.a(lib_a-init.o)
                              c:/st/stm32cubeide_1.7.0/stm32cubeide/plugins/com.st.stm32cube.ide.mcu.externaltools.gnu-tools-for-stm32.9-2020-q2-update.win32_2.0.0.202105311346/tools/bin/../lib/gcc/arm-none-eabi/9.3.1/../../../../arm-none-eabi/lib/thumb/v7e-m+dp/hard/crt0.o (__libc_init_array)
c:/st/stm32cubeide_1.7.0/stm32cubeide/plugins/com.st.stm32cube.ide.mcu.externaltools.gnu-tools-for-stm32.9-2020-q2-update.win32_2.0.0.202105311346/tools/bin/../lib/gcc/arm-none-eabi/9.3.1/../../../../arm-none-eabi/lib/thumb/v7e-m+dp/hard\libc_nano.a(lib_a-memset.o)
                              c:/st/stm32cubeide_1.7.0/stm32cubeide/plugins/com.st.stm32cube.ide.mcu.externaltools.gnu-tools-for-stm32.9-2020-q2-update.win32_2.0.0.202105311346/tools/bin/../lib/gcc/arm-none-eabi/9.3.1/../../../../arm-none-eabi/lib/thumb/v7e-m+dp/hard/crt0.o (memset)

Allocating common symbols
Common symbol       size              file

rxbuf               0x64              ./Core/Src/main.o
hospi1              0x60              ./Core/Src/octospi.o
uwTick              0x4               ./Drivers/STM32H7xx_HAL_Driver/Src/stm32h7xx_hal.o
pFlash              0x1c              ./Drivers/STM32H7xx_HAL_Driver/Src/stm32h7xx_hal_flash.o
htim5               0x4c              ./Core/Src/tim.o

Discarded input sections

 .text          0x0000000000000000        0x0 c:/st/stm32cubeide_1.7.0/stm32cubeide/plugins/com.st.stm32cube.ide.mcu.externaltools.gnu-tools-for-stm32.9-2020-q2-update.win32_2.0.0.202105311346/tools/bin/../lib/gcc/arm-none-eabi/9.3.1/thumb/v7e-m+dp/hard/crti.o
 .data          0x0000000000000000        0x0 c:/st/stm32cubeide_1.7.0/stm32cubeide/plugins/com.st.stm32cube.ide.mcu.externaltools.gnu-tools-for-stm32.9-2020-q2-update.win32_2.0.0.202105311346/tools/bin/../lib/gcc/arm-none-eabi/9.3.1/thumb/v7e-m+dp/hard/crti.o
 .bss           0x0000000000000000        0x0 c:/st/stm32cubeide_1.7.0/stm32cubeide/plugins/com.st.stm32cube.ide.mcu.externaltools.gnu-tools-for-stm32.9-2020-q2-update.win32_2.0.0.202105311346/tools/bin/../lib/gcc/arm-none-eabi/9.3.1/thumb/v7e-m+dp/hard/crti.o
 .data          0x0000000000000000        0x4 c:/st/stm32cubeide_1.7.0/stm32cubeide/plugins/com.st.stm32cube.ide.mcu.externaltools.gnu-tools-for-stm32.9-2020-q2-update.win32_2.0.0.202105311346/tools/bin/../lib/gcc/arm-none-eabi/9.3.1/thumb/v7e-m+dp/hard/crtbegin.o
 .text          0x0000000000000000       0x7c c:/st/stm32cubeide_1.7.0/stm32cubeide/plugins/com.st.stm32cube.ide.mcu.externaltools.gnu-tools-for-stm32.9-2020-q2-update.win32_2.0.0.202105311346/tools/bin/../lib/gcc/arm-none-eabi/9.3.1/../../../../arm-none-eabi/lib/thumb/v7e-m+dp/hard/crt0.o
 .data          0x0000000000000000        0x0 c:/st/stm32cubeide_1.7.0/stm32cubeide/plugins/com.st.stm32cube.ide.mcu.externaltools.gnu-tools-for-stm32.9-2020-q2-update.win32_2.0.0.202105311346/tools/bin/../lib/gcc/arm-none-eabi/9.3.1/../../../../arm-none-eabi/lib/thumb/v7e-m+dp/hard/crt0.o
 .bss           0x0000000000000000        0x0 c:/st/stm32cubeide_1.7.0/stm32cubeide/plugins/com.st.stm32cube.ide.mcu.externaltools.gnu-tools-for-stm32.9-2020-q2-update.win32_2.0.0.202105311346/tools/bin/../lib/gcc/arm-none-eabi/9.3.1/../../../../arm-none-eabi/lib/thumb/v7e-m+dp/hard/crt0.o
[...]
Memory Configuration

Name             Origin             Length             Attributes
ITCMRAM          0x0000000000000000 0x0000000000010000 xrw
FLASH            0x0000000008000000 0x0000000000020000 xr
DTCMRAM1         0x0000000020000000 0x0000000000010000 xrw
DTCMRAM2         0x0000000020010000 0x0000000000010000 xrw
RAM              0x0000000024000000 0x0000000000100000 xrw
RAM_CD           0x0000000030000000 0x0000000000020000 xrw
RAM_SRD          0x0000000038000000 0x0000000000008000 xrw
*default*        0x0000000000000000 0xffffffffffffffff

Linker script and memory map

LOAD c:/st/stm32cubeide_1.7.0/stm32cubeide/plugins/com.st.stm32cube.ide.mcu.externaltools.gnu-tools-for-stm32.9-2020-q2-update.win32_2.0.0.202105311346/tools/bin/../lib/gcc/arm-none-eabi/9.3.1/thumb/v7e-m+dp/hard/crti.o
LOAD c:/st/stm32cubeide_1.7.0/stm32cubeide/plugins/com.st.stm32cube.ide.mcu.externaltools.gnu-tools-for-stm32.9-2020-q2-update.win32_2.0.0.202105311346/tools/bin/../lib/gcc/arm-none-eabi/9.3.1/thumb/v7e-m+dp/hard/crtbegin.o
LOAD c:/st/stm32cubeide_1.7.0/stm32cubeide/plugins/com.st.stm32cube.ide.mcu.externaltools.gnu-tools-for-stm32.9-2020-q2-update.win32_2.0.0.202105311346/tools/bin/../lib/gcc/arm-none-eabi/9.3.1/../../../../arm-none-eabi/lib/thumb/v7e-m+dp/hard/crt0.o
LOAD ./Core/Src/W25Q128.o
LOAD ./Core/Src/gpio.o
LOAD ./Core/Src/main.o
LOAD ./Core/Src/octospi.o
LOAD ./Core/Src/stm32h7xx_hal_msp.o
LOAD ./Core/Src/stm32h7xx_it.o
LOAD ./Core/Src/syscalls.o
LOAD ./Core/Src/sysmem.o
LOAD ./Core/Src/system_stm32h7xx.o
LOAD ./Core/Src/tim.o
LOAD ./Core/Startup/startup_stm32h7b0vbtx.o
LOAD ./Drivers/STM32H7xx_HAL_Driver/Src/stm32h7xx_hal.o
LOAD ./Drivers/STM32H7xx_HAL_Driver/Src/stm32h7xx_hal_cortex.o
LOAD ./Drivers/STM32H7xx_HAL_Driver/Src/stm32h7xx_hal_dma.o
LOAD ./Drivers/STM32H7xx_HAL_Driver/Src/stm32h7xx_hal_dma_ex.o
LOAD ./Drivers/STM32H7xx_HAL_Driver/Src/stm32h7xx_hal_exti.o
LOAD ./Drivers/STM32H7xx_HAL_Driver/Src/stm32h7xx_hal_flash.o
LOAD ./Drivers/STM32H7xx_HAL_Driver/Src/stm32h7xx_hal_flash_ex.o
LOAD ./Drivers/STM32H7xx_HAL_Driver/Src/stm32h7xx_hal_gpio.o
LOAD ./Drivers/STM32H7xx_HAL_Driver/Src/stm32h7xx_hal_hsem.o
LOAD ./Drivers/STM32H7xx_HAL_Driver/Src/stm32h7xx_hal_i2c.o
LOAD ./Drivers/STM32H7xx_HAL_Driver/Src/stm32h7xx_hal_i2c_ex.o
LOAD ./Drivers/STM32H7xx_HAL_Driver/Src/stm32h7xx_hal_mdma.o
LOAD ./Drivers/STM32H7xx_HAL_Driver/Src/stm32h7xx_hal_ospi.o
LOAD ./Drivers/STM32H7xx_HAL_Driver/Src/stm32h7xx_hal_pwr.o
LOAD ./Drivers/STM32H7xx_HAL_Driver/Src/stm32h7xx_hal_pwr_ex.o
LOAD ./Drivers/STM32H7xx_HAL_Driver/Src/stm32h7xx_hal_rcc.o
LOAD ./Drivers/STM32H7xx_HAL_Driver/Src/stm32h7xx_hal_rcc_ex.o
LOAD ./Drivers/STM32H7xx_HAL_Driver/Src/stm32h7xx_hal_tim.o
LOAD ./Drivers/STM32H7xx_HAL_Driver/Src/stm32h7xx_hal_tim_ex.o
START GROUP
LOAD c:/st/stm32cubeide_1.7.0/stm32cubeide/plugins/com.st.stm32cube.ide.mcu.externaltools.gnu-tools-for-stm32.9-2020-q2-update.win32_2.0.0.202105311346/tools/bin/../lib/gcc/arm-none-eabi/9.3.1/../../../../arm-none-eabi/lib/thumb/v7e-m+dp/hard\libc_nano.a
LOAD c:/st/stm32cubeide_1.7.0/stm32cubeide/plugins/com.st.stm32cube.ide.mcu.externaltools.gnu-tools-for-stm32.9-2020-q2-update.win32_2.0.0.202105311346/tools/bin/../lib/gcc/arm-none-eabi/9.3.1/../../../../arm-none-eabi/lib/thumb/v7e-m+dp/hard\libm.a
END GROUP
START GROUP
LOAD c:/st/stm32cubeide_1.7.0/stm32cubeide/plugins/com.st.stm32cube.ide.mcu.externaltools.gnu-tools-for-stm32.9-2020-q2-update.win32_2.0.0.202105311346/tools/bin/../lib/gcc/arm-none-eabi/9.3.1/thumb/v7e-m+dp/hard\libgcc.a
LOAD c:/st/stm32cubeide_1.7.0/stm32cubeide/plugins/com.st.stm32cube.ide.mcu.externaltools.gnu-tools-for-stm32.9-2020-q2-update.win32_2.0.0.202105311346/tools/bin/../lib/gcc/arm-none-eabi/9.3.1/../../../../arm-none-eabi/lib/thumb/v7e-m+dp/hard\libc_nano.a
END GROUP
START GROUP
LOAD c:/st/stm32cubeide_1.7.0/stm32cubeide/plugins/com.st.stm32cube.ide.mcu.externaltools.gnu-tools-for-stm32.9-2020-q2-update.win32_2.0.0.202105311346/tools/bin/../lib/gcc/arm-none-eabi/9.3.1/thumb/v7e-m+dp/hard\libgcc.a
LOAD c:/st/stm32cubeide_1.7.0/stm32cubeide/plugins/com.st.stm32cube.ide.mcu.externaltools.gnu-tools-for-stm32.9-2020-q2-update.win32_2.0.0.202105311346/tools/bin/../lib/gcc/arm-none-eabi/9.3.1/../../../../arm-none-eabi/lib/thumb/v7e-m+dp/hard\libc_nano.a
LOAD c:/st/stm32cubeide_1.7.0/stm32cubeide/plugins/com.st.stm32cube.ide.mcu.externaltools.gnu-tools-for-stm32.9-2020-q2-update.win32_2.0.0.202105311346/tools/bin/../lib/gcc/arm-none-eabi/9.3.1/../../../../arm-none-eabi/lib/thumb/v7e-m+dp/hard\libnosys.a
END GROUP
START GROUP
LOAD c:/st/stm32cubeide_1.7.0/stm32cubeide/plugins/com.st.stm32cube.ide.mcu.externaltools.gnu-tools-for-stm32.9-2020-q2-update.win32_2.0.0.202105311346/tools/bin/../lib/gcc/arm-none-eabi/9.3.1/thumb/v7e-m+dp/hard\libgcc.a
LOAD c:/st/stm32cubeide_1.7.0/stm32cubeide/plugins/com.st.stm32cube.ide.mcu.externaltools.gnu-tools-for-stm32.9-2020-q2-update.win32_2.0.0.202105311346/tools/bin/../lib/gcc/arm-none-eabi/9.3.1/../../../../arm-none-eabi/lib/thumb/v7e-m+dp/hard\libc_nano.a
LOAD c:/st/stm32cubeide_1.7.0/stm32cubeide/plugins/com.st.stm32cube.ide.mcu.externaltools.gnu-tools-for-stm32.9-2020-q2-update.win32_2.0.0.202105311346/tools/bin/../lib/gcc/arm-none-eabi/9.3.1/../../../../arm-none-eabi/lib/thumb/v7e-m+dp/hard\libnosys.a
END GROUP
LOAD c:/st/stm32cubeide_1.7.0/stm32cubeide/plugins/com.st.stm32cube.ide.mcu.externaltools.gnu-tools-for-stm32.9-2020-q2-update.win32_2.0.0.202105311346/tools/bin/../lib/gcc/arm-none-eabi/9.3.1/thumb/v7e-m+dp/hard/crtend.o
LOAD c:/st/stm32cubeide_1.7.0/stm32cubeide/plugins/com.st.stm32cube.ide.mcu.externaltools.gnu-tools-for-stm32.9-2020-q2-update.win32_2.0.0.202105311346/tools/bin/../lib/gcc/arm-none-eabi/9.3.1/thumb/v7e-m+dp/hard/crtn.o
                0x0000000024100000                _estack = (ORIGIN (RAM) + LENGTH (RAM))
                0x0000000000000200                _Min_Heap_Size = 0x200
                0x0000000000000400                _Min_Stack_Size = 0x400

.isr_vector     0x0000000008000000      0x2ac
                0x0000000008000000                . = ALIGN (0x4)
 *(.isr_vector)
 .isr_vector    0x0000000008000000      0x2ac ./Core/Startup/startup_stm32h7b0vbtx.o
                0x0000000008000000                g_pfnVectors
                0x00000000080002ac                . = ALIGN (0x4)

.text           0x00000000080002ac     0x5aa4
                0x00000000080002ac                . = ALIGN (0x4)
 *(.text)
 .text          0x00000000080002ac       0x40 c:/st/stm32cubeide_1.7.0/stm32cubeide/plugins/com.st.stm32cube.ide.mcu.externaltools.gnu-tools-for-stm32.9-2020-q2-update.win32_2.0.0.202105311346/tools/bin/../lib/gcc/arm-none-eabi/9.3.1/thumb/v7e-m+dp/hard/crtbegin.o
 *(.text*)
 .text.W25Q128_OCTO_SPI_Init
                0x00000000080002ec       0x76 ./Core/Src/W25Q128.o
                0x00000000080002ec                W25Q128_OCTO_SPI_Init
 .text.W25Q128_OSPI_ResetChip
                0x0000000008000362       0xf8 ./Core/Src/W25Q128.o
                0x0000000008000362                W25Q128_OSPI_ResetChip
 *fill*         0x000000000800045a        0x2 
 .text.W25Q128_OSPI_Configuration
                0x000000000800045c      0x17c ./Core/Src/W25Q128.o
                0x000000000800045c                W25Q128_OSPI_Configuration
 .text.W25Q128_OSPI_WriteEnable
                0x00000000080005d8      0x11c ./Core/Src/W25Q128.o
                0x00000000080005d8                W25Q128_OSPI_WriteEnable
 .text.W25Q128_OSPI_AutoPollingMemReady
                0x00000000080006f4       0xb0 ./Core/Src/W25Q128.o
                0x00000000080006f4                W25Q128_OSPI_AutoPollingMemReady
 .text.W25Q128_OSPI_EnableMemoryMappedMode
                0x00000000080007a4      0x124 ./Core/Src/W25Q128.o
                0x00000000080007a4                W25Q128_OSPI_EnableMemoryMappedMode
 .text.W25Q128_Read_Status_Registers
                0x00000000080008c8       0xd2 ./Core/Src/W25Q128.o
                0x00000000080008c8                W25Q128_Read_Status_Registers
 .text.W25Q128_Read_JEDEC_ID
                0x000000000800099a       0xae ./Core/Src/W25Q128.o
                0x000000000800099a                W25Q128_Read_JEDEC_ID
 .text.W25Q128_Write_Status_Registers
                0x0000000008000a48      0x15e ./Core/Src/W25Q128.o
                0x0000000008000a48                W25Q128_Write_Status_Registers
 *fill*         0x0000000008000ba6        0x2 
 .text.MX_GPIO_Init
                0x0000000008000ba8       0xe4 ./Core/Src/gpio.o
                0x0000000008000ba8                MX_GPIO_Init
 .text.main     0x0000000008000c8c       0xd0 ./Core/Src/main.o
                0x0000000008000c8c                main
 .text.SystemClock_Config
                0x0000000008000d5c       0xdc ./Core/Src/main.o
                0x0000000008000d5c                SystemClock_Config
 .text.MPU_Config
                0x0000000008000e38       0x70 ./Core/Src/main.o
 .text.Error_Handler
                0x0000000008000ea8        0xa ./Core/Src/main.o
                0x0000000008000ea8                Error_Handler
 *fill*         0x0000000008000eb2        0x2 
 .text.MX_OCTOSPI1_Init
                0x0000000008000eb4       0xbc ./Core/Src/octospi.o
                0x0000000008000eb4                MX_OCTOSPI1_Init
 .text.HAL_OSPI_MspInit
                0x0000000008000f70      0x1c4 ./Core/Src/octospi.o
                0x0000000008000f70                HAL_OSPI_MspInit
 .text.HAL_OSPI_MspDeInit
                0x0000000008001134       0x68 ./Core/Src/octospi.o
                0x0000000008001134                HAL_OSPI_MspDeInit
 .text.HAL_MspInit
                0x000000000800119c       0x34 ./Core/Src/stm32h7xx_hal_msp.o
                0x000000000800119c                HAL_MspInit
 .text.NMI_Handler
                0x00000000080011d0        0x6 ./Core/Src/stm32h7xx_it.o
                0x00000000080011d0                NMI_Handler
 .text.HardFault_Handler
                0x00000000080011d6        0x6 ./Core/Src/stm32h7xx_it.o
                0x00000000080011d6                HardFault_Handler
 .text.MemManage_Handler
                0x00000000080011dc        0x6 ./Core/Src/stm32h7xx_it.o
                0x00000000080011dc                MemManage_Handler
 .text.BusFault_Handler
                0x00000000080011e2        0x6 ./Core/Src/stm32h7xx_it.o
                0x00000000080011e2                BusFault_Handler
 .text.UsageFault_Handler
                0x00000000080011e8        0x6 ./Core/Src/stm32h7xx_it.o
                0x00000000080011e8                UsageFault_Handler
 .text.SVC_Handler
                0x00000000080011ee        0xe ./Core/Src/stm32h7xx_it.o
                0x00000000080011ee                SVC_Handler
 .text.DebugMon_Handler
                0x00000000080011fc        0xe ./Core/Src/stm32h7xx_it.o
                0x00000000080011fc                DebugMon_Handler
 .text.PendSV_Handler
                0x000000000800120a        0xe ./Core/Src/stm32h7xx_it.o
                0x000000000800120a                PendSV_Handler
 .text.SysTick_Handler
                0x0000000008001218        0xc ./Core/Src/stm32h7xx_it.o
                0x0000000008001218                SysTick_Handler
 .text.SystemInit
                0x0000000008001224       0xf0 ./Core/Src/system_stm32h7xx.o
                0x0000000008001224                SystemInit
 .text.MX_TIM5_Init
                0x0000000008001314       0xc0 ./Core/Src/tim.o
                0x0000000008001314                MX_TIM5_Init
 .text.HAL_TIM_Base_MspInit
                0x00000000080013d4       0x44 ./Core/Src/tim.o
                0x00000000080013d4                HAL_TIM_Base_MspInit
 .text.Reset_Handler
                0x0000000008001418       0x50 ./Core/Startup/startup_stm32h7b0vbtx.o
                0x0000000008001418                Reset_Handler
 .text.Default_Handler
                0x0000000008001468        0x2 ./Core/Startup/startup_stm32h7b0vbtx.o
                0x0000000008001468                RTC_Alarm_IRQHandler
                0x0000000008001468                HASH_RNG_IRQHandler
                0x0000000008001468                EXTI2_IRQHandler
                0x0000000008001468                TIM8_CC_IRQHandler
                0x0000000008001468                UART8_IRQHandler
                0x0000000008001468                BDMA2_Channel1_IRQHandler
                0x0000000008001468                SPI4_IRQHandler
                0x0000000008001468                BDMA2_Channel0_IRQHandler
                0x0000000008001468                TIM1_CC_IRQHandler
                0x0000000008001468                DMA2_Stream5_IRQHandler
                0x0000000008001468                JPEG_IRQHandler
                0x0000000008001468                DMA1_Stream5_IRQHandler
                0x0000000008001468                EXTI3_IRQHandler
                0x0000000008001468                LPTIM4_IRQHandler
                0x0000000008001468                TIM8_TRG_COM_TIM14_IRQHandler
                0x0000000008001468                LPTIM2_IRQHandler
                0x0000000008001468                DFSDM1_FLT1_IRQHandler
                0x0000000008001468                DMAMUX2_OVR_IRQHandler
                0x0000000008001468                GFXMMU_IRQHandler
                0x0000000008001468                TIM8_UP_TIM13_IRQHandler
                0x0000000008001468                I2C3_ER_IRQHandler
                0x0000000008001468                DFSDM1_FLT2_IRQHandler
                0x0000000008001468                USART10_IRQHandler
                0x0000000008001468                MDMA_IRQHandler
                0x0000000008001468                LPTIM3_IRQHandler
                0x0000000008001468                BDMA2_Channel3_IRQHandler
                0x0000000008001468                HSEM1_IRQHandler
                0x0000000008001468                EXTI0_IRQHandler
                0x0000000008001468                I2C2_EV_IRQHandler
                0x0000000008001468                DAC2_IRQHandler
                0x0000000008001468                DMA1_Stream2_IRQHandler
                0x0000000008001468                FPU_IRQHandler
                0x0000000008001468                OTG_HS_WKUP_IRQHandler
                0x0000000008001468                FDCAN1_IT1_IRQHandler
                0x0000000008001468                LTDC_ER_IRQHandler
                0x0000000008001468                DMA2_Stream2_IRQHandler
                0x0000000008001468                SPI1_IRQHandler
                0x0000000008001468                OCTOSPI1_IRQHandler
                0x0000000008001468                TIM6_DAC_IRQHandler
                0x0000000008001468                BDMA2_Channel6_IRQHandler
                0x0000000008001468                DMA2_Stream3_IRQHandler
                0x0000000008001468                OCTOSPI2_IRQHandler
                0x0000000008001468                SAI2_IRQHandler
                0x0000000008001468                BDMA1_IRQHandler
                0x0000000008001468                DFSDM1_FLT3_IRQHandler
                0x0000000008001468                USART6_IRQHandler
                0x0000000008001468                TIM17_IRQHandler
                0x0000000008001468                USART3_IRQHandler
                0x0000000008001468                CRYP_IRQHandler
                0x0000000008001468                LPTIM5_IRQHandler
                0x0000000008001468                UART5_IRQHandler
                0x0000000008001468                DMA2_Stream0_IRQHandler
                0x0000000008001468                TIM4_IRQHandler
                0x0000000008001468                I2C1_EV_IRQHandler
                0x0000000008001468                DMA1_Stream6_IRQHandler
                0x0000000008001468                DMAMUX1_OVR_IRQHandler
                0x0000000008001468                DMA1_Stream1_IRQHandler
                0x0000000008001468                TIM16_IRQHandler
                0x0000000008001468                UART4_IRQHandler
                0x0000000008001468                TIM3_IRQHandler
                0x0000000008001468                RCC_IRQHandler
                0x0000000008001468                UART9_IRQHandler
                0x0000000008001468                TIM8_BRK_TIM12_IRQHandler
                0x0000000008001468                TIM1_TRG_COM_IRQHandler
                0x0000000008001468                Default_Handler
                0x0000000008001468                ECC_IRQHandler
                0x0000000008001468                BDMA2_Channel2_IRQHandler
                0x0000000008001468                CEC_IRQHandler
                0x0000000008001468                EXTI15_10_IRQHandler
                0x0000000008001468                DFSDM1_FLT4_IRQHandler
                0x0000000008001468                ADC_IRQHandler
                0x0000000008001468                OTFDEC1_IRQHandler
                0x0000000008001468                DMA1_Stream7_IRQHandler
                0x0000000008001468                SPI5_IRQHandler
                0x0000000008001468                TIM7_IRQHandler
                0x0000000008001468                SDMMC1_IRQHandler
                0x0000000008001468                TIM5_IRQHandler
                0x0000000008001468                DMA2_Stream7_IRQHandler
                0x0000000008001468                TIM15_IRQHandler
                0x0000000008001468                I2C3_EV_IRQHandler
                0x0000000008001468                DFSDM2_IRQHandler
                0x0000000008001468                EXTI9_5_IRQHandler
                0x0000000008001468                RTC_WKUP_IRQHandler
                0x0000000008001468                LTDC_IRQHandler
                0x0000000008001468                SPDIF_RX_IRQHandler
                0x0000000008001468                PVD_PVM_IRQHandler
                0x0000000008001468                SPI2_IRQHandler
                0x0000000008001468                OTG_HS_EP1_IN_IRQHandler
                0x0000000008001468                DFSDM1_FLT5_IRQHandler
                0x0000000008001468                DMA1_Stream0_IRQHandler
                0x0000000008001468                OTFDEC2_IRQHandler
                0x0000000008001468                CRS_IRQHandler
                0x0000000008001468                EXTI4_IRQHandler
                0x0000000008001468                DFSDM1_FLT6_IRQHandler
                0x0000000008001468                FDCAN2_IT1_IRQHandler
                0x0000000008001468                COMP_IRQHandler
                0x0000000008001468                TIM1_UP_IRQHandler
                0x0000000008001468                OTG_HS_EP1_OUT_IRQHandler
                0x0000000008001468                WWDG_IRQHandler
                0x0000000008001468                SPI6_IRQHandler
                0x0000000008001468                MDIOS_IRQHandler
                0x0000000008001468                I2C4_EV_IRQHandler
                0x0000000008001468                FDCAN2_IT0_IRQHandler
                0x0000000008001468                LPUART1_IRQHandler
                0x0000000008001468                FDCAN1_IT0_IRQHandler
                0x0000000008001468                TIM2_IRQHandler
                0x0000000008001468                BDMA2_Channel5_IRQHandler
                0x0000000008001468                OTG_HS_IRQHandler
                0x0000000008001468                DMA2D_IRQHandler
                0x0000000008001468                TIM1_BRK_IRQHandler
                0x0000000008001468                EXTI1_IRQHandler
                0x0000000008001468                SDMMC2_IRQHandler
                0x0000000008001468                DTS_IRQHandler
                0x0000000008001468                UART7_IRQHandler
                0x0000000008001468                MDIOS_WKUP_IRQHandler
                0x0000000008001468                USART2_IRQHandler
                0x0000000008001468                DFSDM1_FLT0_IRQHandler
                0x0000000008001468                I2C2_ER_IRQHandler
                0x0000000008001468                DMA2_Stream1_IRQHandler
                0x0000000008001468                DFSDM1_FLT7_IRQHandler
                0x0000000008001468                FLASH_IRQHandler
                0x0000000008001468                DMA2_Stream4_IRQHandler
                0x0000000008001468                USART1_IRQHandler
                0x0000000008001468                SPI3_IRQHandler
                0x0000000008001468                WAKEUP_PIN_IRQHandler
                0x0000000008001468                DMA1_Stream4_IRQHandler
                0x0000000008001468                I2C1_ER_IRQHandler
                0x0000000008001468                FMC_IRQHandler
                0x0000000008001468                BDMA2_Channel7_IRQHandler
                0x0000000008001468                FDCAN_CAL_IRQHandler
                0x0000000008001468                SWPMI1_IRQHandler
                0x0000000008001468                LPTIM1_IRQHandler
                0x0000000008001468                DCMI_PSSI_IRQHandler
                0x0000000008001468                I2C4_ER_IRQHandler
                0x0000000008001468                DMA2_Stream6_IRQHandler
                0x0000000008001468                SAI1_IRQHandler
                0x0000000008001468                DMA1_Stream3_IRQHandler
                0x0000000008001468                RTC_TAMP_STAMP_CSS_LSE_IRQHandler
                0x0000000008001468                BDMA2_Channel4_IRQHandler
 *fill*         0x000000000800146a        0x2 
 .text.HAL_Init
                0x000000000800146c       0x78 ./Drivers/STM32H7xx_HAL_Driver/Src/stm32h7xx_hal.o
                0x000000000800146c                HAL_Init
 .text.HAL_InitTick
                0x00000000080014e4       0x6c ./Drivers/STM32H7xx_HAL_Driver/Src/stm32h7xx_hal.o
                0x00000000080014e4                HAL_InitTick
 .text.HAL_IncTick
                0x0000000008001550       0x28 ./Drivers/STM32H7xx_HAL_Driver/Src/stm32h7xx_hal.o
                0x0000000008001550                HAL_IncTick
 .text.HAL_GetTick
                0x0000000008001578       0x18 ./Drivers/STM32H7xx_HAL_Driver/Src/stm32h7xx_hal.o
                0x0000000008001578                HAL_GetTick
 .text.HAL_Delay
                0x0000000008001590       0x48 ./Drivers/STM32H7xx_HAL_Driver/Src/stm32h7xx_hal.o
                0x0000000008001590                HAL_Delay
 .text.__NVIC_SetPriorityGrouping
                0x00000000080015d8       0x48 ./Drivers/STM32H7xx_HAL_Driver/Src/stm32h7xx_hal_cortex.o
 .text.__NVIC_GetPriorityGrouping
                0x0000000008001620       0x1c ./Drivers/STM32H7xx_HAL_Driver/Src/stm32h7xx_hal_cortex.o
 .text.__NVIC_SetPriority
                0x000000000800163c       0x54 ./Drivers/STM32H7xx_HAL_Driver/Src/stm32h7xx_hal_cortex.o
 .text.NVIC_EncodePriority
                0x0000000008001690       0x66 ./Drivers/STM32H7xx_HAL_Driver/Src/stm32h7xx_hal_cortex.o
 *fill*         0x00000000080016f6        0x2 
 .text.SysTick_Config
                0x00000000080016f8       0x44 ./Drivers/STM32H7xx_HAL_Driver/Src/stm32h7xx_hal_cortex.o
 .text.HAL_NVIC_SetPriorityGrouping
                0x000000000800173c       0x16 ./Drivers/STM32H7xx_HAL_Driver/Src/stm32h7xx_hal_cortex.o
                0x000000000800173c                HAL_NVIC_SetPriorityGrouping
 .text.HAL_NVIC_SetPriority
                0x0000000008001752       0x34 ./Drivers/STM32H7xx_HAL_Driver/Src/stm32h7xx_hal_cortex.o
                0x0000000008001752                HAL_NVIC_SetPriority
 .text.HAL_SYSTICK_Config
                0x0000000008001786       0x18 ./Drivers/STM32H7xx_HAL_Driver/Src/stm32h7xx_hal_cortex.o
                0x0000000008001786                HAL_SYSTICK_Config
 *fill*         0x000000000800179e        0x2 
 .text.HAL_MPU_Disable
                0x00000000080017a0       0x30 ./Drivers/STM32H7xx_HAL_Driver/Src/stm32h7xx_hal_cortex.o
                0x00000000080017a0                HAL_MPU_Disable
 .text.HAL_MPU_Enable
                0x00000000080017d0       0x40 ./Drivers/STM32H7xx_HAL_Driver/Src/stm32h7xx_hal_cortex.o
                0x00000000080017d0                HAL_MPU_Enable
 .text.HAL_MPU_ConfigRegion
                0x0000000008001810       0x88 ./Drivers/STM32H7xx_HAL_Driver/Src/stm32h7xx_hal_cortex.o
                0x0000000008001810                HAL_MPU_ConfigRegion
 .text.HAL_GPIO_Init
                0x0000000008001898      0x360 ./Drivers/STM32H7xx_HAL_Driver/Src/stm32h7xx_hal_gpio.o
                0x0000000008001898                HAL_GPIO_Init
 .text.HAL_GPIO_DeInit
                0x0000000008001bf8      0x214 ./Drivers/STM32H7xx_HAL_Driver/Src/stm32h7xx_hal_gpio.o
                0x0000000008001bf8                HAL_GPIO_DeInit
 .text.HAL_GPIO_WritePin
                0x0000000008001e0c       0x32 ./Drivers/STM32H7xx_HAL_Driver/Src/stm32h7xx_hal_gpio.o
                0x0000000008001e0c                HAL_GPIO_WritePin
 *fill*         0x0000000008001e3e        0x2 
 .text.HAL_OSPI_Init
                0x0000000008001e40      0x17c ./Drivers/STM32H7xx_HAL_Driver/Src/stm32h7xx_hal_ospi.o
                0x0000000008001e40                HAL_OSPI_Init
 .text.HAL_OSPI_DeInit
                0x0000000008001fbc       0x4e ./Drivers/STM32H7xx_HAL_Driver/Src/stm32h7xx_hal_ospi.o
                0x0000000008001fbc                HAL_OSPI_DeInit
 .text.HAL_OSPI_Command
                0x000000000800200a      0x11a ./Drivers/STM32H7xx_HAL_Driver/Src/stm32h7xx_hal_ospi.o
                0x000000000800200a                HAL_OSPI_Command
 .text.HAL_OSPI_Transmit
                0x0000000008002124       0xe6 ./Drivers/STM32H7xx_HAL_Driver/Src/stm32h7xx_hal_ospi.o
                0x0000000008002124                HAL_OSPI_Transmit
 .text.HAL_OSPI_Receive
                0x000000000800220a      0x146 ./Drivers/STM32H7xx_HAL_Driver/Src/stm32h7xx_hal_ospi.o
                0x000000000800220a                HAL_OSPI_Receive
 .text.HAL_OSPI_AutoPolling
                0x0000000008002350      0x10e ./Drivers/STM32H7xx_HAL_Driver/Src/stm32h7xx_hal_ospi.o
                0x0000000008002350                HAL_OSPI_AutoPolling
 *fill*         0x000000000800245e        0x2 
 .text.HAL_OSPI_MemoryMapped
                0x0000000008002460       0x9c ./Drivers/STM32H7xx_HAL_Driver/Src/stm32h7xx_hal_ospi.o
                0x0000000008002460                HAL_OSPI_MemoryMapped
 .text.HAL_OSPI_SetTimeout
                0x00000000080024fc       0x1e ./Drivers/STM32H7xx_HAL_Driver/Src/stm32h7xx_hal_ospi.o
                0x00000000080024fc                HAL_OSPI_SetTimeout
 *fill*         0x000000000800251a        0x2 
 .text.HAL_OSPIM_Config
                0x000000000800251c      0xa2c ./Drivers/STM32H7xx_HAL_Driver/Src/stm32h7xx_hal_ospi.o
                0x000000000800251c                HAL_OSPIM_Config
 .text.OSPI_WaitFlagStateUntilTimeout
                0x0000000008002f48       0x6e ./Drivers/STM32H7xx_HAL_Driver/Src/stm32h7xx_hal_ospi.o
 *fill*         0x0000000008002fb6        0x2 
 .text.OSPI_ConfigCmd
                0x0000000008002fb8      0x2f4 ./Drivers/STM32H7xx_HAL_Driver/Src/stm32h7xx_hal_ospi.o
 .text.OSPIM_GetConfig
                0x00000000080032ac      0x174 ./Drivers/STM32H7xx_HAL_Driver/Src/stm32h7xx_hal_ospi.o
 .text.HAL_PWREx_ConfigSupply
                0x0000000008003420       0x74 ./Drivers/STM32H7xx_HAL_Driver/Src/stm32h7xx_hal_pwr_ex.o
                0x0000000008003420                HAL_PWREx_ConfigSupply
 .text.HAL_RCC_DeInit
                0x0000000008003494      0x260 ./Drivers/STM32H7xx_HAL_Driver/Src/stm32h7xx_hal_rcc.o
                0x0000000008003494                HAL_RCC_DeInit
 .text.HAL_RCC_OscConfig
                0x00000000080036f4      0x808 ./Drivers/STM32H7xx_HAL_Driver/Src/stm32h7xx_hal_rcc.o
                0x00000000080036f4                HAL_RCC_OscConfig
 .text.HAL_RCC_ClockConfig
                0x0000000008003efc      0x36c ./Drivers/STM32H7xx_HAL_Driver/Src/stm32h7xx_hal_rcc.o
                0x0000000008003efc                HAL_RCC_ClockConfig
 .text.HAL_RCC_GetSysClockFreq
                0x0000000008004268      0x2f4 ./Drivers/STM32H7xx_HAL_Driver/Src/stm32h7xx_hal_rcc.o
                0x0000000008004268                HAL_RCC_GetSysClockFreq
 .text.HAL_RCCEx_PeriphCLKConfig
                0x000000000800455c      0xe18 ./Drivers/STM32H7xx_HAL_Driver/Src/stm32h7xx_hal_rcc_ex.o
                0x000000000800455c                HAL_RCCEx_PeriphCLKConfig
 .text.RCCEx_PLL2_Config
                0x0000000008005374      0x164 ./Drivers/STM32H7xx_HAL_Driver/Src/stm32h7xx_hal_rcc_ex.o
 .text.RCCEx_PLL3_Config
                0x00000000080054d8      0x164 ./Drivers/STM32H7xx_HAL_Driver/Src/stm32h7xx_hal_rcc_ex.o
 .text.HAL_TIM_Base_Init
                0x000000000800563c       0xae ./Drivers/STM32H7xx_HAL_Driver/Src/stm32h7xx_hal_tim.o
                0x000000000800563c                HAL_TIM_Base_Init
 .text.HAL_TIM_SlaveConfigSynchro
                0x00000000080056ea       0x84 ./Drivers/STM32H7xx_HAL_Driver/Src/stm32h7xx_hal_tim.o
                0x00000000080056ea                HAL_TIM_SlaveConfigSynchro
 *fill*         0x000000000800576e        0x2 
 .text.TIM_Base_SetConfig
                0x0000000008005770      0x134 ./Drivers/STM32H7xx_HAL_Driver/Src/stm32h7xx_hal_tim.o
                0x0000000008005770                TIM_Base_SetConfig
 .text.TIM_SlaveTimer_SetConfig
                0x00000000080058a4      0x1d4 ./Drivers/STM32H7xx_HAL_Driver/Src/stm32h7xx_hal_tim.o
 .text.TIM_TI1_ConfigInputStage
                0x0000000008005a78       0x5e ./Drivers/STM32H7xx_HAL_Driver/Src/stm32h7xx_hal_tim.o
 .text.TIM_TI2_ConfigInputStage
                0x0000000008005ad6       0x60 ./Drivers/STM32H7xx_HAL_Driver/Src/stm32h7xx_hal_tim.o
 .text.TIM_ETR_SetConfig
                0x0000000008005b36       0x40 ./Drivers/STM32H7xx_HAL_Driver/Src/stm32h7xx_hal_tim.o
                0x0000000008005b36                TIM_ETR_SetConfig
 *fill*         0x0000000008005b76        0x2 
 .text.HAL_TIMEx_MasterConfigSynchronization
                0x0000000008005b78      0x11c ./Drivers/STM32H7xx_HAL_Driver/Src/stm32h7xx_hal_tim_ex.o
                0x0000000008005b78                HAL_TIMEx_MasterConfigSynchronization
 .text.HAL_TIMEx_RemapConfig
                0x0000000008005c94       0x4a ./Drivers/STM32H7xx_HAL_Driver/Src/stm32h7xx_hal_tim_ex.o
                0x0000000008005c94                HAL_TIMEx_RemapConfig
 *fill*         0x0000000008005cde        0x2 
 .text.__libc_init_array
                0x0000000008005ce0       0x48 c:/st/stm32cubeide_1.7.0/stm32cubeide/plugins/com.st.stm32cube.ide.mcu.externaltools.gnu-tools-for-stm32.9-2020-q2-update.win32_2.0.0.202105311346/tools/bin/../lib/gcc/arm-none-eabi/9.3.1/../../../../arm-none-eabi/lib/thumb/v7e-m+dp/hard\libc_nano.a(lib_a-init.o)
                0x0000000008005ce0                __libc_init_array
 .text.memset   0x0000000008005d28       0x10 c:/st/stm32cubeide_1.7.0/stm32cubeide/plugins/com.st.stm32cube.ide.mcu.externaltools.gnu-tools-for-stm32.9-2020-q2-update.win32_2.0.0.202105311346/tools/bin/../lib/gcc/arm-none-eabi/9.3.1/../../../../arm-none-eabi/lib/thumb/v7e-m+dp/hard\libc_nano.a(lib_a-memset.o)
                0x0000000008005d28                memset
 *(.glue_7)
 .glue_7        0x0000000008005d38        0x0 linker stubs
 *(.glue_7t)
 .glue_7t       0x0000000008005d38        0x0 linker stubs
 *(.eh_frame)
 .eh_frame      0x0000000008005d38        0x0 c:/st/stm32cubeide_1.7.0/stm32cubeide/plugins/com.st.stm32cube.ide.mcu.externaltools.gnu-tools-for-stm32.9-2020-q2-update.win32_2.0.0.202105311346/tools/bin/../lib/gcc/arm-none-eabi/9.3.1/thumb/v7e-m+dp/hard/crtbegin.o
 *(.init)
 .init          0x0000000008005d38        0x4 c:/st/stm32cubeide_1.7.0/stm32cubeide/plugins/com.st.stm32cube.ide.mcu.externaltools.gnu-tools-for-stm32.9-2020-q2-update.win32_2.0.0.202105311346/tools/bin/../lib/gcc/arm-none-eabi/9.3.1/thumb/v7e-m+dp/hard/crti.o
                0x0000000008005d38                _init
 .init          0x0000000008005d3c        0x8 c:/st/stm32cubeide_1.7.0/stm32cubeide/plugins/com.st.stm32cube.ide.mcu.externaltools.gnu-tools-for-stm32.9-2020-q2-update.win32_2.0.0.202105311346/tools/bin/../lib/gcc/arm-none-eabi/9.3.1/thumb/v7e-m+dp/hard/crtn.o
 *(.fini)
 .fini          0x0000000008005d44        0x4 c:/st/stm32cubeide_1.7.0/stm32cubeide/plugins/com.st.stm32cube.ide.mcu.externaltools.gnu-tools-for-stm32.9-2020-q2-update.win32_2.0.0.202105311346/tools/bin/../lib/gcc/arm-none-eabi/9.3.1/thumb/v7e-m+dp/hard/crti.o
                0x0000000008005d44                _fini
 .fini          0x0000000008005d48        0x8 c:/st/stm32cubeide_1.7.0/stm32cubeide/plugins/com.st.stm32cube.ide.mcu.externaltools.gnu-tools-for-stm32.9-2020-q2-update.win32_2.0.0.202105311346/tools/bin/../lib/gcc/arm-none-eabi/9.3.1/thumb/v7e-m+dp/hard/crtn.o
                0x0000000008005d50                . = ALIGN (0x4)
                0x0000000008005d50                _etext = .

.vfp11_veneer   0x0000000008005d50        0x0
 .vfp11_veneer  0x0000000008005d50        0x0 linker stubs

.v4_bx          0x0000000008005d50        0x0
 .v4_bx         0x0000000008005d50        0x0 linker stubs

.iplt           0x0000000008005d50        0x0
 .iplt          0x0000000008005d50        0x0 c:/st/stm32cubeide_1.7.0/stm32cubeide/plugins/com.st.stm32cube.ide.mcu.externaltools.gnu-tools-for-stm32.9-2020-q2-update.win32_2.0.0.202105311346/tools/bin/../lib/gcc/arm-none-eabi/9.3.1/thumb/v7e-m+dp/hard/crtbegin.o

.rodata         0x0000000008005d50       0x10
                0x0000000008005d50                . = ALIGN (0x4)
 *(.rodata)
 *(.rodata*)
 .rodata.D1CorePrescTable
                0x0000000008005d50       0x10 ./Core/Src/system_stm32h7xx.o
                0x0000000008005d50                D1CorePrescTable
                0x0000000008005d60                . = ALIGN (0x4)

.rel.dyn        0x0000000008005d60        0x0
 .rel.iplt      0x0000000008005d60        0x0 c:/st/stm32cubeide_1.7.0/stm32cubeide/plugins/com.st.stm32cube.ide.mcu.externaltools.gnu-tools-for-stm32.9-2020-q2-update.win32_2.0.0.202105311346/tools/bin/../lib/gcc/arm-none-eabi/9.3.1/thumb/v7e-m+dp/hard/crtbegin.o

.ARM.extab
 *(.ARM.extab* .gnu.linkonce.armextab.*)

.ARM            0x0000000008005d60        0x0
                0x0000000008005d60                __exidx_start = .
 *(.ARM.exidx*)
                0x0000000008005d60                __exidx_end = .

.preinit_array  0x0000000008005d60        0x0
                0x0000000008005d60                PROVIDE (__preinit_array_start = .)
 *(.preinit_array*)
                0x0000000008005d60                PROVIDE (__preinit_array_end = .)

.init_array     0x0000000008005d60        0x4
                0x0000000008005d60                PROVIDE (__init_array_start = .)
 *(SORT_BY_NAME(.init_array.*))
 *(.init_array*)
 .init_array    0x0000000008005d60        0x4 c:/st/stm32cubeide_1.7.0/stm32cubeide/plugins/com.st.stm32cube.ide.mcu.externaltools.gnu-tools-for-stm32.9-2020-q2-update.win32_2.0.0.202105311346/tools/bin/../lib/gcc/arm-none-eabi/9.3.1/thumb/v7e-m+dp/hard/crtbegin.o
                0x0000000008005d64                PROVIDE (__init_array_end = .)

.fini_array     0x0000000008005d64        0x4
                [!provide]                        PROVIDE (__fini_array_start = .)
 *(SORT_BY_NAME(.fini_array.*))
 *(.fini_array*)
 .fini_array    0x0000000008005d64        0x4 c:/st/stm32cubeide_1.7.0/stm32cubeide/plugins/com.st.stm32cube.ide.mcu.externaltools.gnu-tools-for-stm32.9-2020-q2-update.win32_2.0.0.202105311346/tools/bin/../lib/gcc/arm-none-eabi/9.3.1/thumb/v7e-m+dp/hard/crtbegin.o
                [!provide]                        PROVIDE (__fini_array_end = .)
                0x0000000008005d68                _sidata = LOADADDR (.data)

.data           0x0000000024000000       0x10 load address 0x0000000008005d68
                0x0000000024000000                . = ALIGN (0x4)
                0x0000000024000000                _sdata = .
 *(.data)
 *(.data*)
 .data.SystemCoreClock
                0x0000000024000000        0x4 ./Core/Src/system_stm32h7xx.o
                0x0000000024000000                SystemCoreClock
 .data.SystemD2Clock
                0x0000000024000004        0x4 ./Core/Src/system_stm32h7xx.o
                0x0000000024000004                SystemD2Clock
 .data.uwTickPrio
                0x0000000024000008        0x4 ./Drivers/STM32H7xx_HAL_Driver/Src/stm32h7xx_hal.o
                0x0000000024000008                uwTickPrio
 .data.uwTickFreq
                0x000000002400000c        0x1 ./Drivers/STM32H7xx_HAL_Driver/Src/stm32h7xx_hal.o
                0x000000002400000c                uwTickFreq
 *(.RamFunc)
 *(.RamFunc*)
                0x0000000024000010                . = ALIGN (0x4)
 *fill*         0x000000002400000d        0x3 
                0x0000000024000010                _edata = .

.igot.plt       0x0000000024000010        0x0 load address 0x0000000008005d78
 .igot.plt      0x0000000024000010        0x0 c:/st/stm32cubeide_1.7.0/stm32cubeide/plugins/com.st.stm32cube.ide.mcu.externaltools.gnu-tools-for-stm32.9-2020-q2-update.win32_2.0.0.202105311346/tools/bin/../lib/gcc/arm-none-eabi/9.3.1/thumb/v7e-m+dp/hard/crtbegin.o
                0x0000000024000010                . = ALIGN (0x4)

.bss            0x0000000024000010       0xd0 load address 0x0000000008005d78
                0x0000000024000010                _sbss = .
                0x0000000024000010                __bss_start__ = _sbss
 *(.bss)
 .bss           0x0000000024000010       0x1c c:/st/stm32cubeide_1.7.0/stm32cubeide/plugins/com.st.stm32cube.ide.mcu.externaltools.gnu-tools-for-stm32.9-2020-q2-update.win32_2.0.0.202105311346/tools/bin/../lib/gcc/arm-none-eabi/9.3.1/thumb/v7e-m+dp/hard/crtbegin.o
 *(.bss*)
 .bss.flash_locked
                0x000000002400002c        0x1 ./Core/Src/W25Q128.o
                0x000000002400002c                flash_locked
 *(COMMON)
 *fill*         0x000000002400002d        0x3 
 COMMON         0x0000000024000030       0x60 ./Core/Src/octospi.o
                0x0000000024000030                hospi1
 COMMON         0x0000000024000090       0x4c ./Core/Src/tim.o
                0x0000000024000090                htim5
 COMMON         0x00000000240000dc        0x4 ./Drivers/STM32H7xx_HAL_Driver/Src/stm32h7xx_hal.o
                0x00000000240000dc                uwTick
                0x00000000240000e0                . = ALIGN (0x4)
                0x00000000240000e0                _ebss = .
                0x00000000240000e0                __bss_end__ = _ebss

._user_heap_stack
                0x00000000240000e0      0x600 load address 0x0000000008005d78
                0x00000000240000e0                . = ALIGN (0x8)
                [!provide]                        PROVIDE (end = .)
                0x00000000240000e0                PROVIDE (_end = .)
                0x00000000240002e0                . = (. + _Min_Heap_Size)
 *fill*         0x00000000240000e0      0x200 
                0x00000000240006e0                . = (. + _Min_Stack_Size)
 *fill*         0x00000000240002e0      0x400 
                0x00000000240006e0                . = ALIGN (0x8)

/DISCARD/
 libc.a(*)
 libm.a(*)
 libgcc.a(*)

.ARM.attributes
                0x0000000000000000       0x2e
 *(.ARM.attributes)
 .ARM.attributes
                0x0000000000000000       0x1e c:/st/stm32cubeide_1.7.0/stm32cubeide/plugins/com.st.stm32cube.ide.mcu.externaltools.gnu-tools-for-stm32.9-2020-q2-update.win32_2.0.0.202105311346/tools/bin/../lib/gcc/arm-none-eabi/9.3.1/thumb/v7e-m+dp/hard/crti.o
 .ARM.attributes
                0x000000000000001e       0x32 c:/st/stm32cubeide_1.7.0/stm32cubeide/plugins/com.st.stm32cube.ide.mcu.externaltools.gnu-tools-for-stm32.9-2020-q2-update.win32_2.0.0.202105311346/tools/bin/../lib/gcc/arm-none-eabi/9.3.1/thumb/v7e-m+dp/hard/crtbegin.o
 .ARM.attributes
                0x0000000000000050       0x32 ./Core/Src/W25Q128.o
 .ARM.attributes
                0x0000000000000082       0x32 ./Core/Src/gpio.o
 .ARM.attributes
                0x00000000000000b4       0x32 ./Core/Src/main.o
 .ARM.attributes
                0x00000000000000e6       0x32 ./Core/Src/octospi.o
 .ARM.attributes
                0x0000000000000118       0x32 ./Core/Src/stm32h7xx_hal_msp.o
 .ARM.attributes
                0x000000000000014a       0x32 ./Core/Src/stm32h7xx_it.o
 .ARM.attributes
                0x000000000000017c       0x32 ./Core/Src/system_stm32h7xx.o
 .ARM.attributes
                0x00000000000001ae       0x32 ./Core/Src/tim.o
 .ARM.attributes
                0x00000000000001e0       0x21 ./Core/Startup/startup_stm32h7b0vbtx.o
 .ARM.attributes
                0x0000000000000201       0x32 ./Drivers/STM32H7xx_HAL_Driver/Src/stm32h7xx_hal.o
 .ARM.attributes
                0x0000000000000233       0x32 ./Drivers/STM32H7xx_HAL_Driver/Src/stm32h7xx_hal_cortex.o
 .ARM.attributes
                0x0000000000000265       0x32 ./Drivers/STM32H7xx_HAL_Driver/Src/stm32h7xx_hal_gpio.o
 .ARM.attributes
                0x0000000000000297       0x32 ./Drivers/STM32H7xx_HAL_Driver/Src/stm32h7xx_hal_ospi.o
 .ARM.attributes
                0x00000000000002c9       0x32 ./Drivers/STM32H7xx_HAL_Driver/Src/stm32h7xx_hal_pwr_ex.o
 .ARM.attributes
                0x00000000000002fb       0x32 ./Drivers/STM32H7xx_HAL_Driver/Src/stm32h7xx_hal_rcc.o
 .ARM.attributes
                0x000000000000032d       0x32 ./Drivers/STM32H7xx_HAL_Driver/Src/stm32h7xx_hal_rcc_ex.o
 .ARM.attributes
                0x000000000000035f       0x32 ./Drivers/STM32H7xx_HAL_Driver/Src/stm32h7xx_hal_tim.o
 .ARM.attributes
                0x0000000000000391       0x32 ./Drivers/STM32H7xx_HAL_Driver/Src/stm32h7xx_hal_tim_ex.o
 .ARM.attributes
                0x00000000000003c3       0x32 c:/st/stm32cubeide_1.7.0/stm32cubeide/plugins/com.st.stm32cube.ide.mcu.externaltools.gnu-tools-for-stm32.9-2020-q2-update.win32_2.0.0.202105311346/tools/bin/../lib/gcc/arm-none-eabi/9.3.1/../../../../arm-none-eabi/lib/thumb/v7e-m+dp/hard\libc_nano.a(lib_a-init.o)
 .ARM.attributes
                0x00000000000003f5       0x32 c:/st/stm32cubeide_1.7.0/stm32cubeide/plugins/com.st.stm32cube.ide.mcu.externaltools.gnu-tools-for-stm32.9-2020-q2-update.win32_2.0.0.202105311346/tools/bin/../lib/gcc/arm-none-eabi/9.3.1/../../../../arm-none-eabi/lib/thumb/v7e-m+dp/hard\libc_nano.a(lib_a-memset.o)
 .ARM.attributes
                0x0000000000000427       0x1e c:/st/stm32cubeide_1.7.0/stm32cubeide/plugins/com.st.stm32cube.ide.mcu.externaltools.gnu-tools-for-stm32.9-2020-q2-update.win32_2.0.0.202105311346/tools/bin/../lib/gcc/arm-none-eabi/9.3.1/thumb/v7e-m+dp/hard/crtn.o
OUTPUT(LLMC_DAC_bootloader.elf elf32-littlearm)
LOAD linker stubs
LOAD c:/st/stm32cubeide_1.7.0/stm32cubeide/plugins/com.st.stm32cube.ide.mcu.externaltools.gnu-tools-for-stm32.9-2020-q2-update.win32_2.0.0.202105311346/tools/bin/../lib/gcc/arm-none-eabi/9.3.1/../../../../arm-none-eabi/lib/thumb/v7e-m+dp/hard\libc.a
LOAD c:/st/stm32cubeide_1.7.0/stm32cubeide/plugins/com.st.stm32cube.ide.mcu.externaltools.gnu-tools-for-stm32.9-2020-q2-update.win32_2.0.0.202105311346/tools/bin/../lib/gcc/arm-none-eabi/9.3.1/../../../../arm-none-eabi/lib/thumb/v7e-m+dp/hard\libm.a
LOAD c:/st/stm32cubeide_1.7.0/stm32cubeide/plugins/com.st.stm32cube.ide.mcu.externaltools.gnu-tools-for-stm32.9-2020-q2-update.win32_2.0.0.202105311346/tools/bin/../lib/gcc/arm-none-eabi/9.3.1/thumb/v7e-m+dp/hard\libgcc.a

.comment        0x0000000000000000       0x53
 .comment       0x0000000000000000       0x53 ./Core/Src/W25Q128.o
                                         0x54 (size before relaxing)
 .comment       0x0000000000000053       0x54 ./Core/Src/gpio.o
 .comment       0x0000000000000053       0x54 ./Core/Src/main.o
 .comment       0x0000000000000053       0x54 ./Core/Src/octospi.o
 .comment       0x0000000000000053       0x54 ./Core/Src/stm32h7xx_hal_msp.o
 .comment       0x0000000000000053       0x54 ./Core/Src/stm32h7xx_it.o
 .comment       0x0000000000000053       0x54 ./Core/Src/system_stm32h7xx.o
 .comment       0x0000000000000053       0x54 ./Core/Src/tim.o
 .comment       0x0000000000000053       0x54 ./Drivers/STM32H7xx_HAL_Driver/Src/stm32h7xx_hal.o
 .comment       0x0000000000000053       0x54 ./Drivers/STM32H7xx_HAL_Driver/Src/stm32h7xx_hal_cortex.o
 .comment       0x0000000000000053       0x54 ./Drivers/STM32H7xx_HAL_Driver/Src/stm32h7xx_hal_gpio.o
 .comment       0x0000000000000053       0x54 ./Drivers/STM32H7xx_HAL_Driver/Src/stm32h7xx_hal_ospi.o
 .comment       0x0000000000000053       0x54 ./Drivers/STM32H7xx_HAL_Driver/Src/stm32h7xx_hal_pwr_ex.o
 .comment       0x0000000000000053       0x54 ./Drivers/STM32H7xx_HAL_Driver/Src/stm32h7xx_hal_rcc.o
 .comment       0x0000000000000053       0x54 ./Drivers/STM32H7xx_HAL_Driver/Src/stm32h7xx_hal_rcc_ex.o
 .comment       0x0000000000000053       0x54 ./Drivers/STM32H7xx_HAL_Driver/Src/stm32h7xx_hal_tim.o
 .comment       0x0000000000000053       0x54 ./Drivers/STM32H7xx_HAL_Driver/Src/stm32h7xx_hal_tim_ex.o

.debug_frame    0x0000000000000000       0x4c
 .debug_frame   0x0000000000000000       0x2c c:/st/stm32cubeide_1.7.0/stm32cubeide/plugins/com.st.stm32cube.ide.mcu.externaltools.gnu-tools-for-stm32.9-2020-q2-update.win32_2.0.0.202105311346/tools/bin/../lib/gcc/arm-none-eabi/9.3.1/../../../../arm-none-eabi/lib/thumb/v7e-m+dp/hard\libc_nano.a(lib_a-init.o)
 .debug_frame   0x000000000000002c       0x20 c:/st/stm32cubeide_1.7.0/stm32cubeide/plugins/com.st.stm32cube.ide.mcu.externaltools.gnu-tools-for-stm32.9-2020-q2-update.win32_2.0.0.202105311346/tools/bin/../lib/gcc/arm-none-eabi/9.3.1/../../../../arm-none-eabi/lib/thumb/v7e-m+dp/hard\libc_nano.a(lib_a-memset.o)
