Archive member included to satisfy reference by file (symbol)

c:/st/stm32cubeide_1.7.0/stm32cubeide/plugins/com.st.stm32cube.ide.mcu.externaltools.gnu-tools-for-stm32.9-2020-q2-update.win32_2.0.0.202105311346/tools/bin/../lib/gcc/arm-none-eabi/9.3.1/../../../../arm-none-eabi/lib/thumb/v7e-m+dp/hard\libc_nano.a(lib_a-errno.o)
                              ./Core/Src/syscalls.o (__errno)
c:/st/stm32cubeide_1.7.0/stm32cubeide/plugins/com.st.stm32cube.ide.mcu.externaltools.gnu-tools-for-stm32.9-2020-q2-update.win32_2.0.0.202105311346/tools/bin/../lib/gcc/arm-none-eabi/9.3.1/../../../../arm-none-eabi/lib/thumb/v7e-m+dp/hard\libc_nano.a(lib_a-exit.o)
                              c:/st/stm32cubeide_1.7.0/stm32cubeide/plugins/com.st.stm32cube.ide.mcu.externaltools.gnu-tools-for-stm32.9-2020-q2-update.win32_2.0.0.202105311346/tools/bin/../lib/gcc/arm-none-eabi/9.3.1/../../../../arm-none-eabi/lib/thumb/v7e-m+dp/hard/crt0.o (exit)
c:/st/stm32cubeide_1.7.0/stm32cubeide/plugins/com.st.stm32cube.ide.mcu.externaltools.gnu-tools-for-stm32.9-2020-q2-update.win32_2.0.0.202105311346/tools/bin/../lib/gcc/arm-none-eabi/9.3.1/../../../../arm-none-eabi/lib/thumb/v7e-m+dp/hard\libc_nano.a(lib_a-impure.o)
                              c:/st/stm32cubeide_1.7.0/stm32cubeide/plugins/com.st.stm32cube.ide.mcu.externaltools.gnu-tools-for-stm32.9-2020-q2-update.win32_2.0.0.202105311346/tools/bin/../lib/gcc/arm-none-eabi/9.3.1/../../../../arm-none-eabi/lib/thumb/v7e-m+dp/hard\libc_nano.a(lib_a-exit.o) (_global_impure_ptr)
c:/st/stm32cubeide_1.7.0/stm32cubeide/plugins/com.st.stm32cube.ide.mcu.externaltools.gnu-tools-for-stm32.9-2020-q2-update.win32_2.0.0.202105311346/tools/bin/../lib/gcc/arm-none-eabi/9.3.1/../../../../arm-none-eabi/lib/thumb/v7e-m+dp/hard\libc_nano.a(lib_a-init.o)
                              c:/st/stm32cubeide_1.7.0/stm32cubeide/plugins/com.st.stm32cube.ide.mcu.externaltools.gnu-tools-for-stm32.9-2020-q2-update.win32_2.0.0.202105311346/tools/bin/../lib/gcc/arm-none-eabi/9.3.1/../../../../arm-none-eabi/lib/thumb/v7e-m+dp/hard/crt0.o (__libc_init_array)
c:/st/stm32cubeide_1.7.0/stm32cubeide/plugins/com.st.stm32cube.ide.mcu.externaltools.gnu-tools-for-stm32.9-2020-q2-update.win32_2.0.0.202105311346/tools/bin/../lib/gcc/arm-none-eabi/9.3.1/../../../../arm-none-eabi/lib/thumb/v7e-m+dp/hard\libc_nano.a(lib_a-memset.o)
                              c:/st/stm32cubeide_1.7.0/stm32cubeide/plugins/com.st.stm32cube.ide.mcu.externaltools.gnu-tools-for-stm32.9-2020-q2-update.win32_2.0.0.202105311346/tools/bin/../lib/gcc/arm-none-eabi/9.3.1/../../../../arm-none-eabi/lib/thumb/v7e-m+dp/hard/crt0.o (memset)

Allocating common symbols
Common symbol       size              file

rxbuf               0x64              ./Core/Src/main.o
hospi1              0x60              ./Core/Src/octospi.o
uwTick              0x4               ./Drivers/STM32H7xx_HAL_Driver/Src/stm32h7xx_hal.o
pFlash              0x1c              ./Drivers/STM32H7xx_HAL_Driver/Src/stm32h7xx_hal_flash.o

Discarded input sections

 .group         0x0000000000000000        0xc ./Core/Src/Dev_Inf.o
 .group         0x0000000000000000        0xc ./Core/Src/Dev_Inf.o
 .group         0x0000000000000000        0xc ./Core/Src/Loader_Src.o
 .group         0x0000000000000000        0xc ./Core/Src/Loader_Src.o
 .group         0x0000000000000000        0xc ./Core/Src/Loader_Src.o
 .group         0x0000000000000000        0xc ./Core/Src/Loader_Src.o
 .group         0x0000000000000000        0xc ./Core/Src/Loader_Src.o
 .group         0x0000000000000000        0xc ./Core/Src/Loader_Src.o
 .group         0x0000000000000000        0xc ./Core/Src/Loader_Src.o
 .group         0x0000000000000000        0xc ./Core/Src/Loader_Src.o
 .group         0x0000000000000000        0xc ./Core/Src/Loader_Src.o
 .group         0x0000000000000000        0xc ./Core/Src/Loader_Src.o
 .group         0x0000000000000000        0xc ./Core/Src/Loader_Src.o
 .group         0x0000000000000000        0xc ./Core/Src/Loader_Src.o
 .group         0x0000000000000000        0xc ./Core/Src/Loader_Src.o
 .group         0x0000000000000000        0xc ./Core/Src/Loader_Src.o
 .group         0x0000000000000000        0xc ./Core/Src/Loader_Src.o
 .group         0x0000000000000000        0xc ./Core/Src/Loader_Src.o
 .group         0x0000000000000000        0xc ./Core/Src/Loader_Src.o
 .group         0x0000000000000000        0xc ./Core/Src/Loader_Src.o
 .group         0x0000000000000000        0xc ./Core/Src/Loader_Src.o
 .group         0x0000000000000000        0xc ./Core/Src/Loader_Src.o
 .group         0x0000000000000000        0xc ./Core/Src/Loader_Src.o
 .group         0x0000000000000000        0xc ./Core/Src/Loader_Src.o
 .group         0x0000000000000000        0xc ./Core/Src/Loader_Src.o
 .group         0x0000000000000000        0xc ./Core/Src/Loader_Src.o
 .group         0x0000000000000000        0xc ./Core/Src/Loader_Src.o
 .group         0x0000000000000000        0xc ./Core/Src/Loader_Src.o
[...]
Memory Configuration

Name             Origin             Length             Attributes
RAM_D1           0x0000000024000004 0x0000000000080000 xrw
*default*        0x0000000000000000 0xffffffffffffffff

Linker script and memory map

LOAD c:/st/stm32cubeide_1.7.0/stm32cubeide/plugins/com.st.stm32cube.ide.mcu.externaltools.gnu-tools-for-stm32.9-2020-q2-update.win32_2.0.0.202105311346/tools/bin/../lib/gcc/arm-none-eabi/9.3.1/thumb/v7e-m+dp/hard/crti.o
LOAD c:/st/stm32cubeide_1.7.0/stm32cubeide/plugins/com.st.stm32cube.ide.mcu.externaltools.gnu-tools-for-stm32.9-2020-q2-update.win32_2.0.0.202105311346/tools/bin/../lib/gcc/arm-none-eabi/9.3.1/thumb/v7e-m+dp/hard/crtbegin.o
LOAD c:/st/stm32cubeide_1.7.0/stm32cubeide/plugins/com.st.stm32cube.ide.mcu.externaltools.gnu-tools-for-stm32.9-2020-q2-update.win32_2.0.0.202105311346/tools/bin/../lib/gcc/arm-none-eabi/9.3.1/../../../../arm-none-eabi/lib/thumb/v7e-m+dp/hard/crt0.o
LOAD ./Core/Src/Dev_Inf.o
LOAD ./Core/Src/Loader_Src.o
LOAD ./Core/Src/W25Q128.o
LOAD ./Core/Src/gpio.o
LOAD ./Core/Src/main.o
LOAD ./Core/Src/octospi.o
LOAD ./Core/Src/stm32h7xx_hal_msp.o
LOAD ./Core/Src/stm32h7xx_it.o
LOAD ./Core/Src/syscalls.o
LOAD ./Core/Src/sysmem.o
LOAD ./Core/Src/system_stm32h7xx.o
LOAD ./Core/Startup/startup_stm32h7b0vbtx.o
LOAD ./Drivers/STM32H7xx_HAL_Driver/Src/stm32h7xx_hal.o
LOAD ./Drivers/STM32H7xx_HAL_Driver/Src/stm32h7xx_hal_cortex.o
LOAD ./Drivers/STM32H7xx_HAL_Driver/Src/stm32h7xx_hal_dma.o
LOAD ./Drivers/STM32H7xx_HAL_Driver/Src/stm32h7xx_hal_dma_ex.o
LOAD ./Drivers/STM32H7xx_HAL_Driver/Src/stm32h7xx_hal_exti.o
LOAD ./Drivers/STM32H7xx_HAL_Driver/Src/stm32h7xx_hal_flash.o
LOAD ./Drivers/STM32H7xx_HAL_Driver/Src/stm32h7xx_hal_flash_ex.o
LOAD ./Drivers/STM32H7xx_HAL_Driver/Src/stm32h7xx_hal_gpio.o
LOAD ./Drivers/STM32H7xx_HAL_Driver/Src/stm32h7xx_hal_hsem.o
LOAD ./Drivers/STM32H7xx_HAL_Driver/Src/stm32h7xx_hal_i2c.o
LOAD ./Drivers/STM32H7xx_HAL_Driver/Src/stm32h7xx_hal_i2c_ex.o
LOAD ./Drivers/STM32H7xx_HAL_Driver/Src/stm32h7xx_hal_mdma.o
LOAD ./Drivers/STM32H7xx_HAL_Driver/Src/stm32h7xx_hal_ospi.o
LOAD ./Drivers/STM32H7xx_HAL_Driver/Src/stm32h7xx_hal_pwr.o
LOAD ./Drivers/STM32H7xx_HAL_Driver/Src/stm32h7xx_hal_pwr_ex.o
LOAD ./Drivers/STM32H7xx_HAL_Driver/Src/stm32h7xx_hal_rcc.o
LOAD ./Drivers/STM32H7xx_HAL_Driver/Src/stm32h7xx_hal_rcc_ex.o
LOAD ./Drivers/STM32H7xx_HAL_Driver/Src/stm32h7xx_hal_tim.o
LOAD ./Drivers/STM32H7xx_HAL_Driver/Src/stm32h7xx_hal_tim_ex.o
START GROUP
LOAD c:/st/stm32cubeide_1.7.0/stm32cubeide/plugins/com.st.stm32cube.ide.mcu.externaltools.gnu-tools-for-stm32.9-2020-q2-update.win32_2.0.0.202105311346/tools/bin/../lib/gcc/arm-none-eabi/9.3.1/../../../../arm-none-eabi/lib/thumb/v7e-m+dp/hard\libc_nano.a
LOAD c:/st/stm32cubeide_1.7.0/stm32cubeide/plugins/com.st.stm32cube.ide.mcu.externaltools.gnu-tools-for-stm32.9-2020-q2-update.win32_2.0.0.202105311346/tools/bin/../lib/gcc/arm-none-eabi/9.3.1/../../../../arm-none-eabi/lib/thumb/v7e-m+dp/hard\libm.a
END GROUP
START GROUP
LOAD c:/st/stm32cubeide_1.7.0/stm32cubeide/plugins/com.st.stm32cube.ide.mcu.externaltools.gnu-tools-for-stm32.9-2020-q2-update.win32_2.0.0.202105311346/tools/bin/../lib/gcc/arm-none-eabi/9.3.1/thumb/v7e-m+dp/hard\libgcc.a
LOAD c:/st/stm32cubeide_1.7.0/stm32cubeide/plugins/com.st.stm32cube.ide.mcu.externaltools.gnu-tools-for-stm32.9-2020-q2-update.win32_2.0.0.202105311346/tools/bin/../lib/gcc/arm-none-eabi/9.3.1/../../../../arm-none-eabi/lib/thumb/v7e-m+dp/hard\libc_nano.a
END GROUP
START GROUP
LOAD c:/st/stm32cubeide_1.7.0/stm32cubeide/plugins/com.st.stm32cube.ide.mcu.externaltools.gnu-tools-for-stm32.9-2020-q2-update.win32_2.0.0.202105311346/tools/bin/../lib/gcc/arm-none-eabi/9.3.1/thumb/v7e-m+dp/hard\libgcc.a
LOAD c:/st/stm32cubeide_1.7.0/stm32cubeide/plugins/com.st.stm32cube.ide.mcu.externaltools.gnu-tools-for-stm32.9-2020-q2-update.win32_2.0.0.202105311346/tools/bin/../lib/gcc/arm-none-eabi/9.3.1/../../../../arm-none-eabi/lib/thumb/v7e-m+dp/hard\libc_nano.a
LOAD c:/st/stm32cubeide_1.7.0/stm32cubeide/plugins/com.st.stm32cube.ide.mcu.externaltools.gnu-tools-for-stm32.9-2020-q2-update.win32_2.0.0.202105311346/tools/bin/../lib/gcc/arm-none-eabi/9.3.1/../../../../arm-none-eabi/lib/thumb/v7e-m+dp/hard\libnosys.a
END GROUP
START GROUP
LOAD c:/st/stm32cubeide_1.7.0/stm32cubeide/plugins/com.st.stm32cube.ide.mcu.externaltools.gnu-tools-for-stm32.9-2020-q2-update.win32_2.0.0.202105311346/tools/bin/../lib/gcc/arm-none-eabi/9.3.1/thumb/v7e-m+dp/hard\libgcc.a
LOAD c:/st/stm32cubeide_1.7.0/stm32cubeide/plugins/com.st.stm32cube.ide.mcu.externaltools.gnu-tools-for-stm32.9-2020-q2-update.win32_2.0.0.202105311346/tools/bin/../lib/gcc/arm-none-eabi/9.3.1/../../../../arm-none-eabi/lib/thumb/v7e-m+dp/hard\libc_nano.a
LOAD c:/st/stm32cubeide_1.7.0/stm32cubeide/plugins/com.st.stm32cube.ide.mcu.externaltools.gnu-tools-for-stm32.9-2020-q2-update.win32_2.0.0.202105311346/tools/bin/../lib/gcc/arm-none-eabi/9.3.1/../../../../arm-none-eabi/lib/thumb/v7e-m+dp/hard\libnosys.a
END GROUP
LOAD c:/st/stm32cubeide_1.7.0/stm32cubeide/plugins/com.st.stm32cube.ide.mcu.externaltools.gnu-tools-for-stm32.9-2020-q2-update.win32_2.0.0.202105311346/tools/bin/../lib/gcc/arm-none-eabi/9.3.1/thumb/v7e-m+dp/hard/crtend.o
LOAD c:/st/stm32cubeide_1.7.0/stm32cubeide/plugins/com.st.stm32cube.ide.mcu.externaltools.gnu-tools-for-stm32.9-2020-q2-update.win32_2.0.0.202105311346/tools/bin/../lib/gcc/arm-none-eabi/9.3.1/thumb/v7e-m+dp/hard/crtn.o
                0x0000000024080004                _estack = (ORIGIN (RAM_D1) + LENGTH (RAM_D1))
                0x0000000000000200                _Min_Heap_Size = 0x200
                0x0000000000000400                _Min_Stack_Size = 0x400

.isr_vector     0x0000000024000004      0x4a8
                0x0000000024000200                . = (. + 0x1fc)
 *fill*         0x0000000024000004      0x1fc 
                0x0000000024000200                . = ALIGN (0x4)
 *(.isr_vector)
 .isr_vector    0x0000000024000200      0x2ac ./Core/Startup/startup_stm32h7b0vbtx.o
                0x0000000024000200                g_pfnVectors
                0x00000000240004ac                . = ALIGN (0x4)

.ARM.extab      0x00000000240004ac        0x0
 *(.ARM.extab* .gnu.linkonce.armextab.*)
 .ARM.extab     0x00000000240004ac        0x0 c:/st/stm32cubeide_1.7.0/stm32cubeide/plugins/com.st.stm32cube.ide.mcu.externaltools.gnu-tools-for-stm32.9-2020-q2-update.win32_2.0.0.202105311346/tools/bin/../lib/gcc/arm-none-eabi/9.3.1/../../../../arm-none-eabi/lib/thumb/v7e-m+dp/hard/crt0.o

.ARM            0x00000000240004ac        0x8
                0x00000000240004ac                __exidx_start = .
 *(.ARM.exidx*)
 .ARM.exidx     0x00000000240004ac        0x8 c:/st/stm32cubeide_1.7.0/stm32cubeide/plugins/com.st.stm32cube.ide.mcu.externaltools.gnu-tools-for-stm32.9-2020-q2-update.win32_2.0.0.202105311346/tools/bin/../lib/gcc/arm-none-eabi/9.3.1/../../../../arm-none-eabi/lib/thumb/v7e-m+dp/hard/crt0.o
                                         0x10 (size before relaxing)
                0x00000000240004b4                __exidx_end = .

.preinit_array  0x00000000240004b4        0x0
                0x00000000240004b4                PROVIDE (__preinit_array_start = .)
 *(.preinit_array*)
                0x00000000240004b4                PROVIDE (__preinit_array_end = .)

.init_array     0x00000000240004b4        0x4
                0x00000000240004b4                PROVIDE (__init_array_start = .)
 *(SORT_BY_NAME(.init_array.*))
 *(.init_array*)
 .init_array    0x00000000240004b4        0x4 c:/st/stm32cubeide_1.7.0/stm32cubeide/plugins/com.st.stm32cube.ide.mcu.externaltools.gnu-tools-for-stm32.9-2020-q2-update.win32_2.0.0.202105311346/tools/bin/../lib/gcc/arm-none-eabi/9.3.1/thumb/v7e-m+dp/hard/crtbegin.o
                0x00000000240004b8                PROVIDE (__init_array_end = .)

.fini_array     0x00000000240004b8        0x4
                [!provide]                        PROVIDE (__fini_array_start = .)
 *(SORT_BY_NAME(.fini_array.*))
 *(.fini_array*)
 .fini_array    0x00000000240004b8        0x4 c:/st/stm32cubeide_1.7.0/stm32cubeide/plugins/com.st.stm32cube.ide.mcu.externaltools.gnu-tools-for-stm32.9-2020-q2-update.win32_2.0.0.202105311346/tools/bin/../lib/gcc/arm-none-eabi/9.3.1/thumb/v7e-m+dp/hard/crtbegin.o
                [!provide]                        PROVIDE (__fini_array_end = .)
                0x00000000240004bc                _sidata = LOADADDR (.data)

.data           0x00000000240004bc       0x88
                0x00000000240004bc                . = ALIGN (0x4)
                0x00000000240004bc                _sdata = .
 *(.data)
 .data          0x00000000240004bc        0x0 c:/st/stm32cubeide_1.7.0/stm32cubeide/plugins/com.st.stm32cube.ide.mcu.externaltools.gnu-tools-for-stm32.9-2020-q2-update.win32_2.0.0.202105311346/tools/bin/../lib/gcc/arm-none-eabi/9.3.1/thumb/v7e-m+dp/hard/crti.o
 .data          0x00000000240004bc        0x4 c:/st/stm32cubeide_1.7.0/stm32cubeide/plugins/com.st.stm32cube.ide.mcu.externaltools.gnu-tools-for-stm32.9-2020-q2-update.win32_2.0.0.202105311346/tools/bin/../lib/gcc/arm-none-eabi/9.3.1/thumb/v7e-m+dp/hard/crtbegin.o
                0x00000000240004bc                __dso_handle
 .data          0x00000000240004c0        0x0 c:/st/stm32cubeide_1.7.0/stm32cubeide/plugins/com.st.stm32cube.ide.mcu.externaltools.gnu-tools-for-stm32.9-2020-q2-update.win32_2.0.0.202105311346/tools/bin/../lib/gcc/arm-none-eabi/9.3.1/../../../../arm-none-eabi/lib/thumb/v7e-m+dp/hard/crt0.o
 .data          0x00000000240004c0        0x0 ./Core/Src/Dev_Inf.o
 .data          0x00000000240004c0        0x0 ./Core/Src/Loader_Src.o
 .data          0x00000000240004c0        0x0 ./Core/Src/W25Q128.o
 .data          0x00000000240004c0        0x0 ./Core/Src/gpio.o
 .data          0x00000000240004c0        0xa ./Core/Src/main.o
                0x00000000240004c0                txbuf
                0x00000000240004c8                txbuf2
 .data          0x00000000240004ca        0x0 ./Core/Src/octospi.o
 .data          0x00000000240004ca        0x0 ./Core/Src/stm32h7xx_hal_msp.o
 .data          0x00000000240004ca        0x0 ./Core/Src/stm32h7xx_it.o
 *fill*         0x00000000240004ca        0x2 
 .data          0x00000000240004cc        0x4 ./Core/Src/syscalls.o
                0x00000000240004cc                environ
 .data          0x00000000240004d0        0x0 ./Core/Src/sysmem.o
 .data          0x00000000240004d0        0x8 ./Core/Src/system_stm32h7xx.o
                0x00000000240004d0                SystemCoreClock
                0x00000000240004d4                SystemD2Clock
 .data          0x00000000240004d8        0x0 ./Core/Startup/startup_stm32h7b0vbtx.o
 .data          0x00000000240004d8        0x5 ./Drivers/STM32H7xx_HAL_Driver/Src/stm32h7xx_hal.o
                0x00000000240004d8                uwTickPrio
                0x00000000240004dc                uwTickFreq
 .data          0x00000000240004dd        0x0 ./Drivers/STM32H7xx_HAL_Driver/Src/stm32h7xx_hal_cortex.o
 .data          0x00000000240004dd        0x0 ./Drivers/STM32H7xx_HAL_Driver/Src/stm32h7xx_hal_dma.o
 .data          0x00000000240004dd        0x0 ./Drivers/STM32H7xx_HAL_Driver/Src/stm32h7xx_hal_dma_ex.o
 .data          0x00000000240004dd        0x0 ./Drivers/STM32H7xx_HAL_Driver/Src/stm32h7xx_hal_exti.o
 .data          0x00000000240004dd        0x0 ./Drivers/STM32H7xx_HAL_Driver/Src/stm32h7xx_hal_flash.o
 .data          0x00000000240004dd        0x0 ./Drivers/STM32H7xx_HAL_Driver/Src/stm32h7xx_hal_flash_ex.o
 .data          0x00000000240004dd        0x0 ./Drivers/STM32H7xx_HAL_Driver/Src/stm32h7xx_hal_gpio.o
 .data          0x00000000240004dd        0x0 ./Drivers/STM32H7xx_HAL_Driver/Src/stm32h7xx_hal_hsem.o
 .data          0x00000000240004dd        0x0 ./Drivers/STM32H7xx_HAL_Driver/Src/stm32h7xx_hal_i2c.o
 .data          0x00000000240004dd        0x0 ./Drivers/STM32H7xx_HAL_Driver/Src/stm32h7xx_hal_i2c_ex.o
 .data          0x00000000240004dd        0x0 ./Drivers/STM32H7xx_HAL_Driver/Src/stm32h7xx_hal_mdma.o
 .data          0x00000000240004dd        0x0 ./Drivers/STM32H7xx_HAL_Driver/Src/stm32h7xx_hal_ospi.o
 .data          0x00000000240004dd        0x0 ./Drivers/STM32H7xx_HAL_Driver/Src/stm32h7xx_hal_pwr.o
 .data          0x00000000240004dd        0x0 ./Drivers/STM32H7xx_HAL_Driver/Src/stm32h7xx_hal_pwr_ex.o
 .data          0x00000000240004dd        0x0 ./Drivers/STM32H7xx_HAL_Driver/Src/stm32h7xx_hal_rcc.o
 .data          0x00000000240004dd        0x0 ./Drivers/STM32H7xx_HAL_Driver/Src/stm32h7xx_hal_rcc_ex.o
 .data          0x00000000240004dd        0x0 ./Drivers/STM32H7xx_HAL_Driver/Src/stm32h7xx_hal_tim.o
 .data          0x00000000240004dd        0x0 ./Drivers/STM32H7xx_HAL_Driver/Src/stm32h7xx_hal_tim_ex.o
 .data          0x00000000240004dd        0x0 c:/st/stm32cubeide_1.7.0/stm32cubeide/plugins/com.st.stm32cube.ide.mcu.externaltools.gnu-tools-for-stm32.9-2020-q2-update.win32_2.0.0.202105311346/tools/bin/../lib/gcc/arm-none-eabi/9.3.1/../../../../arm-none-eabi/lib/thumb/v7e-m+dp/hard\libc_nano.a(lib_a-errno.o)
 .data          0x00000000240004dd        0x0 c:/st/stm32cubeide_1.7.0/stm32cubeide/plugins/com.st.stm32cube.ide.mcu.externaltools.gnu-tools-for-stm32.9-2020-q2-update.win32_2.0.0.202105311346/tools/bin/../lib/gcc/arm-none-eabi/9.3.1/../../../../arm-none-eabi/lib/thumb/v7e-m+dp/hard\libc_nano.a(lib_a-exit.o)
 .data          0x00000000240004dd        0x0 c:/st/stm32cubeide_1.7.0/stm32cubeide/plugins/com.st.stm32cube.ide.mcu.externaltools.gnu-tools-for-stm32.9-2020-q2-update.win32_2.0.0.202105311346/tools/bin/../lib/gcc/arm-none-eabi/9.3.1/../../../../arm-none-eabi/lib/thumb/v7e-m+dp/hard\libc_nano.a(lib_a-impure.o)
 .data          0x00000000240004dd        0x0 c:/st/stm32cubeide_1.7.0/stm32cubeide/plugins/com.st.stm32cube.ide.mcu.externaltools.gnu-tools-for-stm32.9-2020-q2-update.win32_2.0.0.202105311346/tools/bin/../lib/gcc/arm-none-eabi/9.3.1/../../../../arm-none-eabi/lib/thumb/v7e-m+dp/hard\libc_nano.a(lib_a-init.o)
 .data          0x00000000240004dd        0x0 c:/st/stm32cubeide_1.7.0/stm32cubeide/plugins/com.st.stm32cube.ide.mcu.externaltools.gnu-tools-for-stm32.9-2020-q2-update.win32_2.0.0.202105311346/tools/bin/../lib/gcc/arm-none-eabi/9.3.1/../../../../arm-none-eabi/lib/thumb/v7e-m+dp/hard\libc_nano.a(lib_a-memset.o)
 .data          0x00000000240004dd        0x0 c:/st/stm32cubeide_1.7.0/stm32cubeide/plugins/com.st.stm32cube.ide.mcu.externaltools.gnu-tools-for-stm32.9-2020-q2-update.win32_2.0.0.202105311346/tools/bin/../lib/gcc/arm-none-eabi/9.3.1/thumb/v7e-m+dp/hard/crtend.o
 .data          0x00000000240004dd        0x0 c:/st/stm32cubeide_1.7.0/stm32cubeide/plugins/com.st.stm32cube.ide.mcu.externaltools.gnu-tools-for-stm32.9-2020-q2-update.win32_2.0.0.202105311346/tools/bin/../lib/gcc/arm-none-eabi/9.3.1/thumb/v7e-m+dp/hard/crtn.o
 *(.data*)
 *fill*         0x00000000240004dd        0x3 
 .data._impure_ptr
                0x00000000240004e0        0x4 c:/st/stm32cubeide_1.7.0/stm32cubeide/plugins/com.st.stm32cube.ide.mcu.externaltools.gnu-tools-for-stm32.9-2020-q2-update.win32_2.0.0.202105311346/tools/bin/../lib/gcc/arm-none-eabi/9.3.1/../../../../arm-none-eabi/lib/thumb/v7e-m+dp/hard\libc_nano.a(lib_a-impure.o)
                0x00000000240004e0                _impure_ptr
 .data.impure_data
                0x00000000240004e4       0x60 c:/st/stm32cubeide_1.7.0/stm32cubeide/plugins/com.st.stm32cube.ide.mcu.externaltools.gnu-tools-for-stm32.9-2020-q2-update.win32_2.0.0.202105311346/tools/bin/../lib/gcc/arm-none-eabi/9.3.1/../../../../arm-none-eabi/lib/thumb/v7e-m+dp/hard\libc_nano.a(lib_a-impure.o)
                0x0000000024000544                . = ALIGN (0x4)
                0x0000000024000544                _edata = .

.igot.plt       0x0000000024000544        0x0
 .igot.plt      0x0000000024000544        0x0 c:/st/stm32cubeide_1.7.0/stm32cubeide/plugins/com.st.stm32cube.ide.mcu.externaltools.gnu-tools-for-stm32.9-2020-q2-update.win32_2.0.0.202105311346/tools/bin/../lib/gcc/arm-none-eabi/9.3.1/thumb/v7e-m+dp/hard/crtbegin.o
                0x0000000024000544                . = ALIGN (0x4)

.bss            0x0000000024000544      0x10c
                0x0000000024000544                _sbss = .
                0x0000000024000544                __bss_start__ = _sbss
 *(.bss)
 .bss           0x0000000024000544        0x0 c:/st/stm32cubeide_1.7.0/stm32cubeide/plugins/com.st.stm32cube.ide.mcu.externaltools.gnu-tools-for-stm32.9-2020-q2-update.win32_2.0.0.202105311346/tools/bin/../lib/gcc/arm-none-eabi/9.3.1/thumb/v7e-m+dp/hard/crti.o
 .bss           0x0000000024000544       0x1c c:/st/stm32cubeide_1.7.0/stm32cubeide/plugins/com.st.stm32cube.ide.mcu.externaltools.gnu-tools-for-stm32.9-2020-q2-update.win32_2.0.0.202105311346/tools/bin/../lib/gcc/arm-none-eabi/9.3.1/thumb/v7e-m+dp/hard/crtbegin.o
 .bss           0x0000000024000560        0x0 c:/st/stm32cubeide_1.7.0/stm32cubeide/plugins/com.st.stm32cube.ide.mcu.externaltools.gnu-tools-for-stm32.9-2020-q2-update.win32_2.0.0.202105311346/tools/bin/../lib/gcc/arm-none-eabi/9.3.1/../../../../arm-none-eabi/lib/thumb/v7e-m+dp/hard/crt0.o
 .bss           0x0000000024000560        0x0 ./Core/Src/Dev_Inf.o
 .bss           0x0000000024000560        0x0 ./Core/Src/Loader_Src.o
 .bss           0x0000000024000560        0x1 ./Core/Src/W25Q128.o
                0x0000000024000560                flash_locked
 .bss           0x0000000024000561        0x0 ./Core/Src/gpio.o
 .bss           0x0000000024000561        0x1 ./Core/Src/main.o
                0x0000000024000561                ret
 .bss           0x0000000024000562        0x0 ./Core/Src/octospi.o
 .bss           0x0000000024000562        0x0 ./Core/Src/stm32h7xx_hal_msp.o
 .bss           0x0000000024000562        0x0 ./Core/Src/stm32h7xx_it.o
 *fill*         0x0000000024000562        0x2 
 .bss           0x0000000024000564        0x4 ./Core/Src/syscalls.o
                0x0000000024000564                __env
 .bss           0x0000000024000568        0x4 ./Core/Src/sysmem.o
 .bss           0x000000002400056c        0x0 ./Core/Src/system_stm32h7xx.o
 .bss           0x000000002400056c        0x0 ./Core/Startup/startup_stm32h7b0vbtx.o
 .bss           0x000000002400056c        0x0 ./Drivers/STM32H7xx_HAL_Driver/Src/stm32h7xx_hal.o
 .bss           0x000000002400056c        0x0 ./Drivers/STM32H7xx_HAL_Driver/Src/stm32h7xx_hal_cortex.o
 .bss           0x000000002400056c        0x0 ./Drivers/STM32H7xx_HAL_Driver/Src/stm32h7xx_hal_dma.o
 .bss           0x000000002400056c        0x0 ./Drivers/STM32H7xx_HAL_Driver/Src/stm32h7xx_hal_dma_ex.o
 .bss           0x000000002400056c        0x0 ./Drivers/STM32H7xx_HAL_Driver/Src/stm32h7xx_hal_exti.o
 .bss           0x000000002400056c        0x0 ./Drivers/STM32H7xx_HAL_Driver/Src/stm32h7xx_hal_flash.o
 .bss           0x000000002400056c        0x0 ./Drivers/STM32H7xx_HAL_Driver/Src/stm32h7xx_hal_flash_ex.o
 .bss           0x000000002400056c        0x0 ./Drivers/STM32H7xx_HAL_Driver/Src/stm32h7xx_hal_gpio.o
 .bss           0x000000002400056c        0x0 ./Drivers/STM32H7xx_HAL_Driver/Src/stm32h7xx_hal_hsem.o
 .bss           0x000000002400056c        0x0 ./Drivers/STM32H7xx_HAL_Driver/Src/stm32h7xx_hal_i2c.o
 .bss           0x000000002400056c        0x0 ./Drivers/STM32H7xx_HAL_Driver/Src/stm32h7xx_hal_i2c_ex.o
 .bss           0x000000002400056c        0x0 ./Drivers/STM32H7xx_HAL_Driver/Src/stm32h7xx_hal_mdma.o
 .bss           0x000000002400056c        0x0 ./Drivers/STM32H7xx_HAL_Driver/Src/stm32h7xx_hal_ospi.o
 .bss           0x000000002400056c        0x0 ./Drivers/STM32H7xx_HAL_Driver/Src/stm32h7xx_hal_pwr.o
 .bss           0x000000002400056c        0x0 ./Drivers/STM32H7xx_HAL_Driver/Src/stm32h7xx_hal_pwr_ex.o
 .bss           0x000000002400056c        0x0 ./Drivers/STM32H7xx_HAL_Driver/Src/stm32h7xx_hal_rcc.o
 .bss           0x000000002400056c        0x0 ./Drivers/STM32H7xx_HAL_Driver/Src/stm32h7xx_hal_rcc_ex.o
 .bss           0x000000002400056c        0x0 ./Drivers/STM32H7xx_HAL_Driver/Src/stm32h7xx_hal_tim.o
 .bss           0x000000002400056c        0x0 ./Drivers/STM32H7xx_HAL_Driver/Src/stm32h7xx_hal_tim_ex.o
 .bss           0x000000002400056c        0x0 c:/st/stm32cubeide_1.7.0/stm32cubeide/plugins/com.st.stm32cube.ide.mcu.externaltools.gnu-tools-for-stm32.9-2020-q2-update.win32_2.0.0.202105311346/tools/bin/../lib/gcc/arm-none-eabi/9.3.1/../../../../arm-none-eabi/lib/thumb/v7e-m+dp/hard\libc_nano.a(lib_a-errno.o)
 .bss           0x000000002400056c        0x0 c:/st/stm32cubeide_1.7.0/stm32cubeide/plugins/com.st.stm32cube.ide.mcu.externaltools.gnu-tools-for-stm32.9-2020-q2-update.win32_2.0.0.202105311346/tools/bin/../lib/gcc/arm-none-eabi/9.3.1/../../../../arm-none-eabi/lib/thumb/v7e-m+dp/hard\libc_nano.a(lib_a-exit.o)
 .bss           0x000000002400056c        0x0 c:/st/stm32cubeide_1.7.0/stm32cubeide/plugins/com.st.stm32cube.ide.mcu.externaltools.gnu-tools-for-stm32.9-2020-q2-update.win32_2.0.0.202105311346/tools/bin/../lib/gcc/arm-none-eabi/9.3.1/../../../../arm-none-eabi/lib/thumb/v7e-m+dp/hard\libc_nano.a(lib_a-impure.o)
 .bss           0x000000002400056c        0x0 c:/st/stm32cubeide_1.7.0/stm32cubeide/plugins/com.st.stm32cube.ide.mcu.externaltools.gnu-tools-for-stm32.9-2020-q2-update.win32_2.0.0.202105311346/tools/bin/../lib/gcc/arm-none-eabi/9.3.1/../../../../arm-none-eabi/lib/thumb/v7e-m+dp/hard\libc_nano.a(lib_a-init.o)
 .bss           0x000000002400056c        0x0 c:/st/stm32cubeide_1.7.0/stm32cubeide/plugins/com.st.stm32cube.ide.mcu.externaltools.gnu-tools-for-stm32.9-2020-q2-update.win32_2.0.0.202105311346/tools/bin/../lib/gcc/arm-none-eabi/9.3.1/../../../../arm-none-eabi/lib/thumb/v7e-m+dp/hard\libc_nano.a(lib_a-memset.o)
 .bss           0x000000002400056c        0x0 c:/st/stm32cubeide_1.7.0/stm32cubeide/plugins/com.st.stm32cube.ide.mcu.externaltools.gnu-tools-for-stm32.9-2020-q2-update.win32_2.0.0.202105311346/tools/bin/../lib/gcc/arm-none-eabi/9.3.1/thumb/v7e-m+dp/hard/crtend.o
 .bss           0x000000002400056c        0x0 c:/st/stm32cubeide_1.7.0/stm32cubeide/plugins/com.st.stm32cube.ide.mcu.externaltools.gnu-tools-for-stm32.9-2020-q2-update.win32_2.0.0.202105311346/tools/bin/../lib/gcc/arm-none-eabi/9.3.1/thumb/v7e-m+dp/hard/crtn.o
 *(.bss*)
 *(COMMON)
 COMMON         0x000000002400056c       0x64 ./Core/Src/main.o
                0x000000002400056c                rxbuf
 COMMON         0x00000000240005d0       0x60 ./Core/Src/octospi.o
                0x00000000240005d0                hospi1
 COMMON         0x0000000024000630        0x4 ./Drivers/STM32H7xx_HAL_Driver/Src/stm32h7xx_hal.o
                0x0000000024000630                uwTick
 COMMON         0x0000000024000634       0x1c ./Drivers/STM32H7xx_HAL_Driver/Src/stm32h7xx_hal_flash.o
                0x0000000024000634                pFlash
                0x0000000024000650                . = ALIGN (0x4)
                0x0000000024000650                _ebss = .
                0x0000000024000650                __bss_end__ = _ebss

.text           0x0000000024000650    0x17aec
                0x0000000024000650                . = ALIGN (0x4)
 *(.text)
 .text          0x0000000024000650        0x0 c:/st/stm32cubeide_1.7.0/stm32cubeide/plugins/com.st.stm32cube.ide.mcu.externaltools.gnu-tools-for-stm32.9-2020-q2-update.win32_2.0.0.202105311346/tools/bin/../lib/gcc/arm-none-eabi/9.3.1/thumb/v7e-m+dp/hard/crti.o
 .text          0x0000000024000650       0x40 c:/st/stm32cubeide_1.7.0/stm32cubeide/plugins/com.st.stm32cube.ide.mcu.externaltools.gnu-tools-for-stm32.9-2020-q2-update.win32_2.0.0.202105311346/tools/bin/../lib/gcc/arm-none-eabi/9.3.1/thumb/v7e-m+dp/hard/crtbegin.o
 .text          0x0000000024000690       0x7c c:/st/stm32cubeide_1.7.0/stm32cubeide/plugins/com.st.stm32cube.ide.mcu.externaltools.gnu-tools-for-stm32.9-2020-q2-update.win32_2.0.0.202105311346/tools/bin/../lib/gcc/arm-none-eabi/9.3.1/../../../../arm-none-eabi/lib/thumb/v7e-m+dp/hard/crt0.o
                0x0000000024000690                _stack_init
                0x0000000024000698                _start
                0x0000000024000698                _mainCRTStartup
 .text          0x000000002400070c        0x0 ./Core/Src/Dev_Inf.o
 .text          0x000000002400070c      0x414 ./Core/Src/Loader_Src.o
                0x000000002400070c                Init
                0x0000000024000784                Write
                0x00000000240007dc                SectorErase
                0x000000002400082c                MassErase
                0x000000002400086c                CheckSum
                0x0000000024000a32                Verify
 .text          0x0000000024000b20      0xcd0 ./Core/Src/W25Q128.o
                0x0000000024000b20                W25Q128_OCTO_SPI_Init
                0x0000000024000b96                W25Q128_OSPI_ResetChip
                0x0000000024000c8e                W25Q128_OSPI_Configuration
                0x0000000024000e44                W25Q128_OSPI_WriteEnable
                0x0000000024000f60                W25Q128_OSPI_AutoPollingMemReady
                0x0000000024001010                W25Q128_OSPI_Erase_Chip
                0x00000000240010ce                W25Q128_OSPI_EraseSector
                0x00000000240011a8                W25Q128_OSPI_Write
                0x00000000240012fc                W25Q128_OSPI_Read
                0x00000000240013a8                W25Q128_OSPI_EnableMemoryMappedMode
                0x00000000240014cc                W25Q128_IsBusy
                0x0000000024001512                W25Q128_Read_Status_Registers
                0x00000000240015e4                W25Q128_Read_JEDEC_ID
                0x0000000024001692                W25Q128_Write_Status_Registers
 .text          0x00000000240017f0       0xe4 ./Core/Src/gpio.o
                0x00000000240017f0                MX_GPIO_Init
 .text          0x00000000240018d4      0x24c ./Core/Src/main.o
                0x00000000240018d4                main
                0x00000000240019e0                SystemClock_Config
                0x0000000024001b16                Error_Handler
 .text          0x0000000024001b20      0x2e8 ./Core/Src/octospi.o
                0x0000000024001b20                MX_OCTOSPI1_Init
                0x0000000024001bdc                HAL_OSPI_MspInit
                0x0000000024001da0                HAL_OSPI_MspDeInit
 .text          0x0000000024001e08       0x34 ./Core/Src/stm32h7xx_hal_msp.o
                0x0000000024001e08                HAL_MspInit
 .text          0x0000000024001e3c       0x54 ./Core/Src/stm32h7xx_it.o
                0x0000000024001e3c                NMI_Handler
                0x0000000024001e42                HardFault_Handler
                0x0000000024001e48                MemManage_Handler
                0x0000000024001e4e                BusFault_Handler
                0x0000000024001e54                UsageFault_Handler
                0x0000000024001e5a                SVC_Handler
                0x0000000024001e68                DebugMon_Handler
                0x0000000024001e76                PendSV_Handler
                0x0000000024001e84                SysTick_Handler
 .text          0x0000000024001e90      0x214 ./Core/Src/syscalls.o
                0x0000000024001e90                initialise_monitor_handles
                0x0000000024001e9e                _getpid
                0x0000000024001eae                _kill
                0x0000000024001ece                _exit
                0x0000000024001ee2                _read
                0x0000000024001f1c                _write
                0x0000000024001f54                _close
                0x0000000024001f6c                _fstat
                0x0000000024001f8c                _isatty
                0x0000000024001fa2                _lseek
                0x0000000024001fbc                _open
                0x0000000024001fd8                _wait
                0x0000000024001ff6                _unlink
                0x0000000024002014                _times
                0x000000002400202c                _stat
                0x000000002400204c                _link
                0x000000002400206c                _fork
                0x0000000024002082                _execve
 .text          0x00000000240020a4       0x6c ./Core/Src/sysmem.o
                0x00000000240020a4                _sbrk
 .text          0x0000000024002110      0x3e4 ./Core/Src/system_stm32h7xx.o
                0x0000000024002110                SystemInit
                0x0000000024002200                SystemCoreClockUpdate
 .text          0x00000000240024f4       0x14 ./Core/Startup/startup_stm32h7b0vbtx.o
 .text          0x0000000024002508      0xa28 ./Drivers/STM32H7xx_HAL_Driver/Src/stm32h7xx_hal.o
                0x0000000024002508                HAL_Init
                0x0000000024002580                HAL_DeInit
                0x000000002400264a                HAL_MspDeInit
                0x0000000024002658                HAL_InitTick
                0x00000000240026c4                HAL_IncTick
                0x00000000240026ec                HAL_GetTick
                0x0000000024002704                HAL_GetTickPrio
                0x000000002400271c                HAL_SetTickFreq
                0x000000002400276c                HAL_GetTickFreq
                0x0000000024002784                HAL_Delay
                0x00000000240027cc                HAL_SuspendTick
                0x00000000240027ec                HAL_ResumeTick
                0x000000002400280c                HAL_GetHalVersion
                0x0000000024002820                HAL_GetREVID
                0x0000000024002838                HAL_GetDEVID
                0x0000000024002854                HAL_GetUIDw0
                0x000000002400286c                HAL_GetUIDw1
                0x0000000024002884                HAL_GetUIDw2
                0x000000002400289c                HAL_SYSCFG_VREFBUF_VoltageScalingConfig
                0x00000000240028c4                HAL_SYSCFG_VREFBUF_HighImpedanceConfig
                0x00000000240028ec                HAL_SYSCFG_VREFBUF_TrimmingConfig
                0x0000000024002914                HAL_SYSCFG_EnableVREFBUF
                0x000000002400295c                HAL_SYSCFG_DisableVREFBUF
                0x000000002400297c                HAL_SYSCFG_AnalogSwitchConfig
                0x00000000240029a8                HAL_EnableCompensationCell
                0x00000000240029c8                HAL_DisableCompensationCell
                0x00000000240029e8                HAL_SYSCFG_EnableIOSpeedOptimize
                0x0000000024002a08                HAL_SYSCFG_DisableIOSpeedOptimize
                0x0000000024002a28                HAL_SYSCFG_CompensationCodeSelect
                0x0000000024002a50                HAL_SYSCFG_CompensationCodeConfig
                0x0000000024002a80                HAL_SYSCFG_VDDMMC_CompensationCodeConfig
                0x0000000024002ab0                HAL_DBGMCU_EnableDBGSleepMode
                0x0000000024002ad0                HAL_DBGMCU_DisableDBGSleepMode
                0x0000000024002af0                HAL_DBGMCU_EnableDBGStopMode
                0x0000000024002b10                HAL_DBGMCU_DisableDBGStopMode
                0x0000000024002b30                HAL_DBGMCU_EnableDBGStandbyMode
                0x0000000024002b50                HAL_DBGMCU_DisableDBGStandbyMode
                0x0000000024002b70                HAL_EnableDomain3DBGStopMode
                0x0000000024002b90                HAL_DisableDomain3DBGStopMode
                0x0000000024002bb0                HAL_EnableDomain3DBGStandbyMode
                0x0000000024002bd0                HAL_DisableDomain3DBGStandbyMode
                0x0000000024002bf0                HAL_SetFMCMemorySwappingConfig
                0x0000000024002c18                HAL_GetFMCMemorySwappingConfig
                0x0000000024002c34                HAL_EXTI_EdgeConfig
                0x0000000024002d04                HAL_EXTI_GenerateSWInterrupt
                0x0000000024002d44                HAL_EXTI_D1_ClearFlag
                0x0000000024002d74                HAL_EXTI_D1_EventInputConfig
                0x0000000024002e60                HAL_EXTI_D3_EventInputConfig
 .text          0x0000000024002f30      0x67c ./Drivers/STM32H7xx_HAL_Driver/Src/stm32h7xx_hal_cortex.o
                0x0000000024003300                HAL_NVIC_SetPriorityGrouping
                0x0000000024003316                HAL_NVIC_SetPriority
                0x000000002400334a                HAL_NVIC_EnableIRQ
                0x0000000024003366                HAL_NVIC_DisableIRQ
                0x0000000024003382                HAL_NVIC_SystemReset
                0x000000002400338a                HAL_SYSTICK_Config
                0x00000000240033a2                HAL_MPU_Disable
                0x00000000240033d0                HAL_MPU_Enable
                0x0000000024003410                HAL_MPU_ConfigRegion
                0x0000000024003498                HAL_NVIC_GetPriorityGrouping
                0x00000000240034a6                HAL_NVIC_GetPriority
                0x00000000240034d2                HAL_NVIC_SetPendingIRQ
                0x00000000240034ee                HAL_NVIC_GetPendingIRQ
                0x000000002400350c                HAL_NVIC_ClearPendingIRQ
                0x0000000024003528                HAL_NVIC_GetActive
                0x0000000024003546                HAL_SYSTICK_CLKSourceConfig
                0x0000000024003580                HAL_SYSTICK_IRQHandler
                0x000000002400358c                HAL_SYSTICK_Callback
                0x000000002400359a                HAL_GetCurrentCPUID
 .text          0x00000000240035ac     0x3e28 ./Drivers/STM32H7xx_HAL_Driver/Src/stm32h7xx_hal_dma.o
                0x00000000240035ac                HAL_DMA_Init
                0x0000000024003ccc                HAL_DMA_DeInit
                0x00000000240041e4                HAL_DMA_Start
                0x0000000024004424                HAL_DMA_Start_IT
                0x00000000240048f8                HAL_DMA_Abort
                0x0000000024004f34                HAL_DMA_Abort_IT
                0x00000000240053bc                HAL_DMA_PollForTransfer
                0x0000000024005b10                HAL_DMA_IRQHandler
                0x00000000240069d4                HAL_DMA_RegisterCallback
                0x0000000024006a88                HAL_DMA_UnRegisterCallback
                0x0000000024006b62                HAL_DMA_GetState
                0x0000000024006b7e                HAL_DMA_GetError
 .text          0x00000000240073d4     0x1184 ./Drivers/STM32H7xx_HAL_Driver/Src/stm32h7xx_hal_dma_ex.o
                0x00000000240073d4                HAL_DMAEx_MultiBufferStart
                0x00000000240077d8                HAL_DMAEx_MultiBufferStart_IT
                0x0000000024007e94                HAL_DMAEx_ChangeMemory
                0x0000000024007fcc                HAL_DMAEx_ConfigMuxSync
                0x0000000024008158                HAL_DMAEx_ConfigMuxRequestGenerator
                0x00000000240082cc                HAL_DMAEx_EnableMuxRequestGenerator
                0x000000002400830a                HAL_DMAEx_DisableMuxRequestGenerator
                0x0000000024008348                HAL_DMAEx_MUX_IRQHandler
 .text          0x0000000024008558      0x760 ./Drivers/STM32H7xx_HAL_Driver/Src/stm32h7xx_hal_exti.o
                0x0000000024008558                HAL_EXTI_SetConfigLine
                0x00000000240087b0                HAL_EXTI_GetConfigLine
                0x000000002400897c                HAL_EXTI_ClearConfigLine
                0x0000000024008b10                HAL_EXTI_RegisterCallback
                0x0000000024008b4e                HAL_EXTI_GetHandle
                0x0000000024008b76                HAL_EXTI_IRQHandler
                0x0000000024008bd4                HAL_EXTI_GetPending
                0x0000000024008c2c                HAL_EXTI_ClearPending
                0x0000000024008c74                HAL_EXTI_GenerateSWI
 .text          0x0000000024008cb8      0x6d4 ./Drivers/STM32H7xx_HAL_Driver/Src/stm32h7xx_hal_flash.o
                0x0000000024008cb8                HAL_FLASH_Program
                0x0000000024008dec                HAL_FLASH_Program_IT
                0x0000000024008f04                HAL_FLASH_IRQHandler
                0x0000000024009060                HAL_FLASH_EndOfOperationCallback
                0x0000000024009074                HAL_FLASH_OperationErrorCallback
                0x0000000024009088                HAL_FLASH_Unlock
                0x00000000240090cc                HAL_FLASH_Lock
                0x00000000240090fc                HAL_FLASH_OB_Unlock
                0x0000000024009140                HAL_FLASH_OB_Lock
                0x0000000024009170                HAL_FLASH_OB_Launch
                0x00000000240091bc                HAL_FLASH_GetError
                0x00000000240091d4                FLASH_WaitForLastOperation
                0x0000000024009280                FLASH_OB_WaitForLastOperation
                0x00000000240092f8                FLASH_CRC_WaitForLastOperation
 .text          0x000000002400938c      0xb44 ./Drivers/STM32H7xx_HAL_Driver/Src/stm32h7xx_hal_flash_ex.o
                0x000000002400938c                HAL_FLASHEx_Erase
                0x00000000240094a4                HAL_FLASHEx_Erase_IT
                0x0000000024009580                HAL_FLASHEx_OBProgram
                0x00000000240096c8                HAL_FLASHEx_OBGetConfig
                0x000000002400978c                HAL_FLASHEx_Unlock_Bank1
                0x00000000240097d0                HAL_FLASHEx_Lock_Bank1
                0x00000000240097f0                HAL_FLASHEx_ComputeCRC
                0x0000000024009924                FLASH_Erase_Sector
 .text          0x0000000024009ed0      0x6a4 ./Drivers/STM32H7xx_HAL_Driver/Src/stm32h7xx_hal_gpio.o
                0x0000000024009ed0                HAL_GPIO_Init
                0x000000002400a230                HAL_GPIO_DeInit
                0x000000002400a444                HAL_GPIO_ReadPin
                0x000000002400a474                HAL_GPIO_WritePin
                0x000000002400a4a6                HAL_GPIO_TogglePin
                0x000000002400a4da                HAL_GPIO_LockPin
                0x000000002400a52a                HAL_GPIO_EXTI_IRQHandler
                0x000000002400a55e                HAL_GPIO_EXTI_Callback
 .text          0x000000002400a574      0x1d4 ./Drivers/STM32H7xx_HAL_Driver/Src/stm32h7xx_hal_hsem.o
                0x000000002400a574                HAL_HSEM_Take
                0x000000002400a5b8                HAL_HSEM_FastTake
                0x000000002400a5ec                HAL_HSEM_IsSemTaken
                0x000000002400a618                HAL_HSEM_Release
                0x000000002400a640                HAL_HSEM_ReleaseAll
                0x000000002400a66c                HAL_HSEM_SetClearKey
                0x000000002400a698                HAL_HSEM_GetClearKey
                0x000000002400a6b4                HAL_HSEM_ActivateNotification
                0x000000002400a6d8                HAL_HSEM_DeactivateNotification
                0x000000002400a700                HAL_HSEM_IRQHandler
                0x000000002400a734                HAL_HSEM_FreeCallback
 .text          0x000000002400a748     0x52c4 ./Drivers/STM32H7xx_HAL_Driver/Src/stm32h7xx_hal_i2c.o
                0x000000002400a748                HAL_I2C_Init
                0x000000002400a868                HAL_I2C_DeInit
                0x000000002400a8c6                HAL_I2C_MspInit
                0x000000002400a8da                HAL_I2C_MspDeInit
                0x000000002400a8ee                HAL_I2C_Master_Transmit
                0x000000002400aad8                HAL_I2C_Master_Receive
                0x000000002400acc4                HAL_I2C_Slave_Transmit
                0x000000002400aefe                HAL_I2C_Slave_Receive
                0x000000002400b11e                HAL_I2C_Master_Transmit_IT
                0x000000002400b1fc                HAL_I2C_Master_Receive_IT
                0x000000002400b2dc                HAL_I2C_Slave_Transmit_IT
                0x000000002400b37c                HAL_I2C_Slave_Receive_IT
                0x000000002400b41c                HAL_I2C_Master_Transmit_DMA
                0x000000002400b5fc                HAL_I2C_Master_Receive_DMA
                0x000000002400b7dc                HAL_I2C_Slave_Transmit_DMA
                0x000000002400b948                HAL_I2C_Slave_Receive_DMA
                0x000000002400bab4                HAL_I2C_Mem_Write
                0x000000002400bcdc                HAL_I2C_Mem_Read
                0x000000002400bf10                HAL_I2C_Mem_Write_IT
                0x000000002400c038                HAL_I2C_Mem_Read_IT
                0x000000002400c164                HAL_I2C_Mem_Write_DMA
                0x000000002400c350                HAL_I2C_Mem_Read_DMA
                0x000000002400c540                HAL_I2C_IsDeviceReady
                0x000000002400c750                HAL_I2C_Master_Seq_Transmit_IT
                0x000000002400c858                HAL_I2C_Master_Seq_Transmit_DMA
                0x000000002400ca60                HAL_I2C_Master_Seq_Receive_IT
                0x000000002400cb68                HAL_I2C_Master_Seq_Receive_DMA
                0x000000002400cd70                HAL_I2C_Slave_Seq_Transmit_IT
                0x000000002400ceb8                HAL_I2C_Slave_Seq_Transmit_DMA
                0x000000002400d128                HAL_I2C_Slave_Seq_Receive_IT
                0x000000002400d270                HAL_I2C_Slave_Seq_Receive_DMA
                0x000000002400d4e0                HAL_I2C_EnableListen_IT
                0x000000002400d520                HAL_I2C_DisableListen_IT
                0x000000002400d582                HAL_I2C_Master_Abort_IT
                0x000000002400d624                HAL_I2C_EV_IRQHandler
                0x000000002400d658                HAL_I2C_ER_IRQHandler
                0x000000002400d71a                HAL_I2C_MasterTxCpltCallback
                0x000000002400d72e                HAL_I2C_MasterRxCpltCallback
                0x000000002400d742                HAL_I2C_SlaveTxCpltCallback
                0x000000002400d756                HAL_I2C_SlaveRxCpltCallback
                0x000000002400d76a                HAL_I2C_AddrCallback
                0x000000002400d786                HAL_I2C_ListenCpltCallback
                0x000000002400d79a                HAL_I2C_MemTxCpltCallback
                0x000000002400d7ae                HAL_I2C_MemRxCpltCallback
                0x000000002400d7c2                HAL_I2C_ErrorCallback
                0x000000002400d7d6                HAL_I2C_AbortCpltCallback
                0x000000002400d7ea                HAL_I2C_GetState
                0x000000002400d806                HAL_I2C_GetMode
                0x000000002400d822                HAL_I2C_GetError
 .text          0x000000002400fa0c      0x2c4 ./Drivers/STM32H7xx_HAL_Driver/Src/stm32h7xx_hal_i2c_ex.o
                0x000000002400fa0c                HAL_I2CEx_ConfigAnalogFilter
                0x000000002400faa2                HAL_I2CEx_ConfigDigitalFilter
                0x000000002400fb3a                HAL_I2CEx_EnableWakeUp
                0x000000002400fbbe                HAL_I2CEx_DisableWakeUp
                0x000000002400fc42                HAL_I2CEx_EnableFastModePlus
                0x000000002400fc88                HAL_I2CEx_DisableFastModePlus
 .text          0x000000002400fcd0     0x12d0 ./Drivers/STM32H7xx_HAL_Driver/Src/stm32h7xx_hal_mdma.o
                0x000000002400fcd0                HAL_MDMA_Init
                0x000000002400fd68                HAL_MDMA_DeInit
                0x000000002400fe18                HAL_MDMA_ConfigPostRequestMask
                0x000000002400febc                HAL_MDMA_RegisterCallback
                0x000000002400ff6e                HAL_MDMA_UnRegisterCallback
                0x000000002401004a                HAL_MDMA_LinkedList_CreateNode
                0x0000000024010202                HAL_MDMA_LinkedList_AddNode
                0x000000002401038a                HAL_MDMA_LinkedList_RemoveNode
                0x00000000240104f0                HAL_MDMA_LinkedList_EnableCircularMode
                0x0000000024010576                HAL_MDMA_LinkedList_DisableCircularMode
                0x00000000240105fa                HAL_MDMA_Start
                0x00000000240106a4                HAL_MDMA_Start_IT
                0x00000000240107a6                HAL_MDMA_Abort
                0x000000002401085c                HAL_MDMA_Abort_IT
                0x00000000240108aa                HAL_MDMA_PollForTransfer
                0x0000000024010a3e                HAL_MDMA_GenerateSWRequest
                0x0000000024010ab2                HAL_MDMA_IRQHandler
                0x0000000024010d5a                HAL_MDMA_GetState
                0x0000000024010d76                HAL_MDMA_GetError
 .text          0x0000000024010fa0     0x245c ./Drivers/STM32H7xx_HAL_Driver/Src/stm32h7xx_hal_ospi.o
                0x0000000024010fa0                HAL_OSPI_Init
                0x0000000024011130                HAL_OSPI_DeInit
                0x0000000024011192                HAL_OSPI_IRQHandler
                0x0000000024011414                HAL_OSPI_Command
                0x000000002401152e                HAL_OSPI_Command_IT
                0x00000000240115cc                HAL_OSPI_HyperbusCfg
                0x000000002401164a                HAL_OSPI_HyperbusCmd
                0x000000002401170c                HAL_OSPI_Transmit
                0x00000000240117f2                HAL_OSPI_Receive
                0x0000000024011938                HAL_OSPI_Transmit_IT
                0x00000000240119c2                HAL_OSPI_Receive_IT
                0x0000000024011a9a                HAL_OSPI_Transmit_DMA
                0x0000000024011c14                HAL_OSPI_Receive_DMA
                0x0000000024011ddc                HAL_OSPI_AutoPolling
                0x0000000024011eea                HAL_OSPI_AutoPolling_IT
                0x0000000024011fe0                HAL_OSPI_MemoryMapped
                0x000000002401207c                HAL_OSPI_ErrorCallback
                0x0000000024012090                HAL_OSPI_AbortCpltCallback
                0x00000000240120a4                HAL_OSPI_FifoThresholdCallback
                0x00000000240120b8                HAL_OSPI_CmdCpltCallback
                0x00000000240120cc                HAL_OSPI_RxCpltCallback
                0x00000000240120e0                HAL_OSPI_TxCpltCallback
                0x00000000240120f4                HAL_OSPI_RxHalfCpltCallback
                0x0000000024012108                HAL_OSPI_TxHalfCpltCallback
                0x000000002401211c                HAL_OSPI_StatusMatchCallback
                0x0000000024012130                HAL_OSPI_TimeOutCallback
                0x0000000024012144                HAL_OSPI_Abort
                0x000000002401222e                HAL_OSPI_Abort_IT
                0x0000000024012314                HAL_OSPI_SetFifoThreshold
                0x0000000024012368                HAL_OSPI_GetFifoThreshold
                0x000000002401238a                HAL_OSPI_SetTimeout
                0x00000000240123a8                HAL_OSPI_GetError
                0x00000000240123c0                HAL_OSPI_GetState
                0x00000000240123d8                HAL_OSPIM_Config
 .text          0x00000000240133fc      0x374 ./Drivers/STM32H7xx_HAL_Driver/Src/stm32h7xx_hal_pwr.o
                0x00000000240133fc                HAL_PWR_DeInit
                0x000000002401340a                HAL_PWR_EnableBkUpAccess
                0x0000000024013428                HAL_PWR_DisableBkUpAccess
                0x0000000024013448                HAL_PWR_ConfigPVD
                0x000000002401353c                HAL_PWR_EnablePVD
                0x000000002401355c                HAL_PWR_DisablePVD
                0x000000002401357c                HAL_PWR_EnableWakeUpPin
                0x00000000240135a8                HAL_PWR_DisableWakeUpPin
                0x00000000240135d4                HAL_PWR_EnterSLEEPMode
                0x0000000024013608                HAL_PWR_EnterSTOPMode
                0x0000000024013674                HAL_PWR_EnterSTANDBYMode
                0x00000000240136b0                HAL_PWR_EnableSleepOnExit
                0x00000000240136d0                HAL_PWR_DisableSleepOnExit
                0x00000000240136f0                HAL_PWR_EnableSEVOnPend
                0x0000000024013710                HAL_PWR_DisableSEVOnPend
                0x0000000024013730                HAL_PWR_PVD_IRQHandler
                0x0000000024013762                HAL_PWR_PVDCallback
 .text          0x0000000024013770      0xae4 ./Drivers/STM32H7xx_HAL_Driver/Src/stm32h7xx_hal_pwr_ex.o
                0x0000000024013770                HAL_PWREx_ConfigSupply
                0x00000000240137e4                HAL_PWREx_GetSupplyConfig
                0x0000000024013800                HAL_PWREx_ControlVoltageScaling
                0x0000000024013864                HAL_PWREx_GetVoltageRange
                0x0000000024013880                HAL_PWREx_ControlStopModeVoltageScaling
                0x00000000240138ac                HAL_PWREx_GetStopModeVoltageRange
                0x00000000240138c8                HAL_PWREx_EnterSTOP2Mode
                0x0000000024013940                HAL_PWREx_EnterSTOPMode
                0x00000000240139c4                HAL_PWREx_ClearPendingEvent
                0x00000000240139d4                HAL_PWREx_EnterSTANDBYMode
                0x0000000024013a20                HAL_PWREx_ConfigD3Domain
                0x0000000024013a48                HAL_PWREx_EnableFlashPowerDown
                0x0000000024013a68                HAL_PWREx_DisableFlashPowerDown
                0x0000000024013a88                HAL_PWREx_EnableMemoryShutOff
                0x0000000024013aac                HAL_PWREx_DisableMemoryShutOff
                0x0000000024013ad4                HAL_PWREx_EnableWakeUpPin
                0x0000000024013bfc                HAL_PWREx_DisableWakeUpPin
                0x0000000024013c24                HAL_PWREx_GetWakeupFlag
                0x0000000024013c44                HAL_PWREx_ClearWakeupFlag
                0x0000000024013c7c                HAL_PWREx_WAKEUP_PIN_IRQHandler
                0x0000000024013d30                HAL_PWREx_WKUP1_Callback
                0x0000000024013d3e                HAL_PWREx_WKUP2_Callback
                0x0000000024013d4c                HAL_PWREx_WKUP3_Callback
                0x0000000024013d5a                HAL_PWREx_WKUP4_Callback
                0x0000000024013d68                HAL_PWREx_WKUP5_Callback
                0x0000000024013d76                HAL_PWREx_WKUP6_Callback
                0x0000000024013d84                HAL_PWREx_EnableBkUpReg
                0x0000000024013dd0                HAL_PWREx_DisableBkUpReg
                0x0000000024013e1c                HAL_PWREx_EnableUSBReg
                0x0000000024013e68                HAL_PWREx_DisableUSBReg
                0x0000000024013eb4                HAL_PWREx_EnableUSBVoltageDetector
                0x0000000024013ed4                HAL_PWREx_DisableUSBVoltageDetector
                0x0000000024013ef4                HAL_PWREx_EnableBatteryCharging
                0x0000000024013f28                HAL_PWREx_DisableBatteryCharging
                0x0000000024013f48                HAL_PWREx_EnableAnalogBooster
                0x0000000024013f74                HAL_PWREx_DisableAnalogBooster
                0x0000000024013fa0                HAL_PWREx_EnableMonitoring
                0x0000000024013fc0                HAL_PWREx_DisableMonitoring
                0x0000000024013fe0                HAL_PWREx_GetTemperatureLevel
                0x0000000024014028                HAL_PWREx_GetVBATLevel
                0x0000000024014070                HAL_PWREx_GetMMCVoltage
                0x00000000240140a0                HAL_PWREx_ConfigAVD
                0x000000002401418c                HAL_PWREx_EnableAVD
                0x00000000240141ac                HAL_PWREx_DisableAVD
                0x00000000240141cc                HAL_PWREx_PVD_AVD_IRQHandler
                0x0000000024014244                HAL_PWREx_AVDCallback
 .text          0x0000000024014254     0x1520 ./Drivers/STM32H7xx_HAL_Driver/Src/stm32h7xx_hal_rcc.o
                0x0000000024014254                HAL_RCC_DeInit
                0x00000000240144b4                HAL_RCC_OscConfig
                0x0000000024014cbc                HAL_RCC_ClockConfig
                0x0000000024015028                HAL_RCC_MCOConfig
                0x00000000240150fc                HAL_RCC_EnableCSS
                0x000000002401511c                HAL_RCC_DisableCSS
                0x000000002401513c                HAL_RCC_GetSysClockFreq
                0x0000000024015430                HAL_RCC_GetHCLKFreq
                0x0000000024015490                HAL_RCC_GetPCLK1Freq
                0x00000000240154bc                HAL_RCC_GetPCLK2Freq
                0x00000000240154e8                HAL_RCC_GetOscConfig
                0x00000000240156b8                HAL_RCC_GetClockConfig
                0x000000002401573c                HAL_RCC_NMI_IRQHandler
                0x0000000024015764                HAL_RCC_CSSCallback
 .text          0x0000000024015774     0x28cc ./Drivers/STM32H7xx_HAL_Driver/Src/stm32h7xx_hal_rcc_ex.o
                0x0000000024015774                HAL_RCCEx_PeriphCLKConfig
                0x000000002401658c                HAL_RCCEx_GetPeriphCLKConfig
                0x0000000024016844                HAL_RCCEx_GetPeriphCLKFreq
                0x0000000024017098                HAL_RCCEx_GetD1PCLK1Freq
                0x00000000240170c4                HAL_RCCEx_GetD3PCLK1Freq
                0x00000000240170f0                HAL_RCCEx_GetPLL2ClockFreq
                0x0000000024017398                HAL_RCCEx_GetPLL3ClockFreq
                0x0000000024017640                HAL_RCCEx_GetPLL1ClockFreq
                0x00000000240178e4                HAL_RCCEx_GetD1SysClockFreq
                0x0000000024017944                HAL_RCCEx_EnableLSECSS
                0x0000000024017964                HAL_RCCEx_DisableLSECSS
                0x0000000024017990                HAL_RCCEx_EnableLSECSS_IT
                0x00000000240179e0                HAL_RCCEx_WakeUpStopCLKConfig
                0x0000000024017a08                HAL_RCCEx_KerWakeUpStopCLKConfig
                0x0000000024017a30                HAL_RCCEx_CRSConfig
                0x0000000024017adc                HAL_RCCEx_CRSSoftwareSynchronizationGenerate
                0x0000000024017afc                HAL_RCCEx_CRSGetSynchronizationInfo
                0x0000000024017b44                HAL_RCCEx_CRSWaitSynchronization
                0x0000000024017c28                HAL_RCCEx_CRS_IRQHandler
                0x0000000024017d04                HAL_RCCEx_CRS_SyncOkCallback
                0x0000000024017d12                HAL_RCCEx_CRS_SyncWarnCallback
                0x0000000024017d20                HAL_RCCEx_CRS_ExpectedSyncCallback
                0x0000000024017d2e                HAL_RCCEx_CRS_ErrorCallback
                0x0000000024018008                HAL_RCCEx_LSECSS_IRQHandler
                0x0000000024018030                HAL_RCCEx_LSECSS_Callback
 .text          0x0000000024018040        0x0 ./Drivers/STM32H7xx_HAL_Driver/Src/stm32h7xx_hal_tim.o
 .text          0x0000000024018040        0x0 ./Drivers/STM32H7xx_HAL_Driver/Src/stm32h7xx_hal_tim_ex.o
 .text          0x0000000024018040        0x0 c:/st/stm32cubeide_1.7.0/stm32cubeide/plugins/com.st.stm32cube.ide.mcu.externaltools.gnu-tools-for-stm32.9-2020-q2-update.win32_2.0.0.202105311346/tools/bin/../lib/gcc/arm-none-eabi/9.3.1/../../../../arm-none-eabi/lib/thumb/v7e-m+dp/hard\libc_nano.a(lib_a-errno.o)
 .text          0x0000000024018040        0x0 c:/st/stm32cubeide_1.7.0/stm32cubeide/plugins/com.st.stm32cube.ide.mcu.externaltools.gnu-tools-for-stm32.9-2020-q2-update.win32_2.0.0.202105311346/tools/bin/../lib/gcc/arm-none-eabi/9.3.1/../../../../arm-none-eabi/lib/thumb/v7e-m+dp/hard\libc_nano.a(lib_a-exit.o)
 .text          0x0000000024018040        0x0 c:/st/stm32cubeide_1.7.0/stm32cubeide/plugins/com.st.stm32cube.ide.mcu.externaltools.gnu-tools-for-stm32.9-2020-q2-update.win32_2.0.0.202105311346/tools/bin/../lib/gcc/arm-none-eabi/9.3.1/../../../../arm-none-eabi/lib/thumb/v7e-m+dp/hard\libc_nano.a(lib_a-impure.o)
 .text          0x0000000024018040        0x0 c:/st/stm32cubeide_1.7.0/stm32cubeide/plugins/com.st.stm32cube.ide.mcu.externaltools.gnu-tools-for-stm32.9-2020-q2-update.win32_2.0.0.202105311346/tools/bin/../lib/gcc/arm-none-eabi/9.3.1/../../../../arm-none-eabi/lib/thumb/v7e-m+dp/hard\libc_nano.a(lib_a-init.o)
 .text          0x0000000024018040        0x0 c:/st/stm32cubeide_1.7.0/stm32cubeide/plugins/com.st.stm32cube.ide.mcu.externaltools.gnu-tools-for-stm32.9-2020-q2-update.win32_2.0.0.202105311346/tools/bin/../lib/gcc/arm-none-eabi/9.3.1/../../../../arm-none-eabi/lib/thumb/v7e-m+dp/hard\libc_nano.a(lib_a-memset.o)
 .text          0x0000000024018040        0x0 c:/st/stm32cubeide_1.7.0/stm32cubeide/plugins/com.st.stm32cube.ide.mcu.externaltools.gnu-tools-for-stm32.9-2020-q2-update.win32_2.0.0.202105311346/tools/bin/../lib/gcc/arm-none-eabi/9.3.1/thumb/v7e-m+dp/hard/crtend.o
 .text          0x0000000024018040        0x0 c:/st/stm32cubeide_1.7.0/stm32cubeide/plugins/com.st.stm32cube.ide.mcu.externaltools.gnu-tools-for-stm32.9-2020-q2-update.win32_2.0.0.202105311346/tools/bin/../lib/gcc/arm-none-eabi/9.3.1/thumb/v7e-m+dp/hard/crtn.o
 *(.text*)
 .text.Reset_Handler
                0x0000000024018040       0x50 ./Core/Startup/startup_stm32h7b0vbtx.o
                0x0000000024018040                Reset_Handler
 .text.Default_Handler
                0x0000000024018090        0x2 ./Core/Startup/startup_stm32h7b0vbtx.o
                0x0000000024018090                RTC_Alarm_IRQHandler
                0x0000000024018090                HASH_RNG_IRQHandler
                0x0000000024018090                EXTI2_IRQHandler
                0x0000000024018090                TIM8_CC_IRQHandler
                0x0000000024018090                UART8_IRQHandler
                0x0000000024018090                BDMA2_Channel1_IRQHandler
                0x0000000024018090                SPI4_IRQHandler
                0x0000000024018090                BDMA2_Channel0_IRQHandler
                0x0000000024018090                TIM1_CC_IRQHandler
                0x0000000024018090                DMA2_Stream5_IRQHandler
                0x0000000024018090                JPEG_IRQHandler
                0x0000000024018090                DMA1_Stream5_IRQHandler
                0x0000000024018090                EXTI3_IRQHandler
                0x0000000024018090                LPTIM4_IRQHandler
                0x0000000024018090                TIM8_TRG_COM_TIM14_IRQHandler
                0x0000000024018090                LPTIM2_IRQHandler
                0x0000000024018090                DFSDM1_FLT1_IRQHandler
                0x0000000024018090                DMAMUX2_OVR_IRQHandler
                0x0000000024018090                GFXMMU_IRQHandler
                0x0000000024018090                TIM8_UP_TIM13_IRQHandler
                0x0000000024018090                I2C3_ER_IRQHandler
                0x0000000024018090                DFSDM1_FLT2_IRQHandler
                0x0000000024018090                USART10_IRQHandler
                0x0000000024018090                MDMA_IRQHandler
                0x0000000024018090                LPTIM3_IRQHandler
                0x0000000024018090                BDMA2_Channel3_IRQHandler
                0x0000000024018090                HSEM1_IRQHandler
                0x0000000024018090                EXTI0_IRQHandler
                0x0000000024018090                I2C2_EV_IRQHandler
                0x0000000024018090                DAC2_IRQHandler
                0x0000000024018090                DMA1_Stream2_IRQHandler
                0x0000000024018090                FPU_IRQHandler
                0x0000000024018090                OTG_HS_WKUP_IRQHandler
                0x0000000024018090                FDCAN1_IT1_IRQHandler
                0x0000000024018090                LTDC_ER_IRQHandler
                0x0000000024018090                DMA2_Stream2_IRQHandler
                0x0000000024018090                SPI1_IRQHandler
                0x0000000024018090                OCTOSPI1_IRQHandler
                0x0000000024018090                TIM6_DAC_IRQHandler
                0x0000000024018090                BDMA2_Channel6_IRQHandler
                0x0000000024018090                DMA2_Stream3_IRQHandler
                0x0000000024018090                OCTOSPI2_IRQHandler
                0x0000000024018090                SAI2_IRQHandler
                0x0000000024018090                BDMA1_IRQHandler
                0x0000000024018090                DFSDM1_FLT3_IRQHandler
                0x0000000024018090                USART6_IRQHandler
                0x0000000024018090                TIM17_IRQHandler
                0x0000000024018090                USART3_IRQHandler
                0x0000000024018090                CRYP_IRQHandler
                0x0000000024018090                LPTIM5_IRQHandler
                0x0000000024018090                UART5_IRQHandler
                0x0000000024018090                DMA2_Stream0_IRQHandler
                0x0000000024018090                TIM4_IRQHandler
                0x0000000024018090                I2C1_EV_IRQHandler
                0x0000000024018090                DMA1_Stream6_IRQHandler
                0x0000000024018090                DMAMUX1_OVR_IRQHandler
                0x0000000024018090                DMA1_Stream1_IRQHandler
                0x0000000024018090                TIM16_IRQHandler
                0x0000000024018090                UART4_IRQHandler
                0x0000000024018090                TIM3_IRQHandler
                0x0000000024018090                RCC_IRQHandler
                0x0000000024018090                UART9_IRQHandler
                0x0000000024018090                TIM8_BRK_TIM12_IRQHandler
                0x0000000024018090                TIM1_TRG_COM_IRQHandler
                0x0000000024018090                Default_Handler
                0x0000000024018090                ECC_IRQHandler
                0x0000000024018090                BDMA2_Channel2_IRQHandler
                0x0000000024018090                CEC_IRQHandler
                0x0000000024018090                EXTI15_10_IRQHandler
                0x0000000024018090                DFSDM1_FLT4_IRQHandler
                0x0000000024018090                ADC_IRQHandler
                0x0000000024018090                OTFDEC1_IRQHandler
                0x0000000024018090                DMA1_Stream7_IRQHandler
                0x0000000024018090                SPI5_IRQHandler
                0x0000000024018090                TIM7_IRQHandler
                0x0000000024018090                SDMMC1_IRQHandler
                0x0000000024018090                TIM5_IRQHandler
                0x0000000024018090                DMA2_Stream7_IRQHandler
                0x0000000024018090                TIM15_IRQHandler
                0x0000000024018090                I2C3_EV_IRQHandler
                0x0000000024018090                DFSDM2_IRQHandler
                0x0000000024018090                EXTI9_5_IRQHandler
                0x0000000024018090                RTC_WKUP_IRQHandler
                0x0000000024018090                LTDC_IRQHandler
                0x0000000024018090                SPDIF_RX_IRQHandler
                0x0000000024018090                PVD_PVM_IRQHandler
                0x0000000024018090                SPI2_IRQHandler
                0x0000000024018090                OTG_HS_EP1_IN_IRQHandler
                0x0000000024018090                DFSDM1_FLT5_IRQHandler
                0x0000000024018090                DMA1_Stream0_IRQHandler
                0x0000000024018090                OTFDEC2_IRQHandler
                0x0000000024018090                CRS_IRQHandler
                0x0000000024018090                EXTI4_IRQHandler
                0x0000000024018090                DFSDM1_FLT6_IRQHandler
                0x0000000024018090                FDCAN2_IT1_IRQHandler
                0x0000000024018090                COMP_IRQHandler
                0x0000000024018090                TIM1_UP_IRQHandler
                0x0000000024018090                OTG_HS_EP1_OUT_IRQHandler
                0x0000000024018090                WWDG_IRQHandler
                0x0000000024018090                SPI6_IRQHandler
                0x0000000024018090                MDIOS_IRQHandler
                0x0000000024018090                I2C4_EV_IRQHandler
                0x0000000024018090                FDCAN2_IT0_IRQHandler
                0x0000000024018090                LPUART1_IRQHandler
                0x0000000024018090                FDCAN1_IT0_IRQHandler
                0x0000000024018090                TIM2_IRQHandler
                0x0000000024018090                BDMA2_Channel5_IRQHandler
                0x0000000024018090                OTG_HS_IRQHandler
                0x0000000024018090                DMA2D_IRQHandler
                0x0000000024018090                TIM1_BRK_IRQHandler
                0x0000000024018090                EXTI1_IRQHandler
                0x0000000024018090                SDMMC2_IRQHandler
                0x0000000024018090                DTS_IRQHandler
                0x0000000024018090                UART7_IRQHandler
                0x0000000024018090                MDIOS_WKUP_IRQHandler
                0x0000000024018090                USART2_IRQHandler
                0x0000000024018090                DFSDM1_FLT0_IRQHandler
                0x0000000024018090                I2C2_ER_IRQHandler
                0x0000000024018090                DMA2_Stream1_IRQHandler
                0x0000000024018090                DFSDM1_FLT7_IRQHandler
                0x0000000024018090                FLASH_IRQHandler
                0x0000000024018090                DMA2_Stream4_IRQHandler
                0x0000000024018090                USART1_IRQHandler
                0x0000000024018090                SPI3_IRQHandler
                0x0000000024018090                WAKEUP_PIN_IRQHandler
                0x0000000024018090                DMA1_Stream4_IRQHandler
                0x0000000024018090                I2C1_ER_IRQHandler
                0x0000000024018090                FMC_IRQHandler
                0x0000000024018090                BDMA2_Channel7_IRQHandler
                0x0000000024018090                FDCAN_CAL_IRQHandler
                0x0000000024018090                SWPMI1_IRQHandler
                0x0000000024018090                LPTIM1_IRQHandler
                0x0000000024018090                DCMI_PSSI_IRQHandler
                0x0000000024018090                I2C4_ER_IRQHandler
                0x0000000024018090                DMA2_Stream6_IRQHandler
                0x0000000024018090                SAI1_IRQHandler
                0x0000000024018090                DMA1_Stream3_IRQHandler
                0x0000000024018090                RTC_TAMP_STAMP_CSS_LSE_IRQHandler
                0x0000000024018090                BDMA2_Channel4_IRQHandler
 *fill*         0x0000000024018092        0x2 
 .text.__errno  0x0000000024018094        0xc c:/st/stm32cubeide_1.7.0/stm32cubeide/plugins/com.st.stm32cube.ide.mcu.externaltools.gnu-tools-for-stm32.9-2020-q2-update.win32_2.0.0.202105311346/tools/bin/../lib/gcc/arm-none-eabi/9.3.1/../../../../arm-none-eabi/lib/thumb/v7e-m+dp/hard\libc_nano.a(lib_a-errno.o)
                0x0000000024018094                __errno
 .text.exit     0x00000000240180a0       0x28 c:/st/stm32cubeide_1.7.0/stm32cubeide/plugins/com.st.stm32cube.ide.mcu.externaltools.gnu-tools-for-stm32.9-2020-q2-update.win32_2.0.0.202105311346/tools/bin/../lib/gcc/arm-none-eabi/9.3.1/../../../../arm-none-eabi/lib/thumb/v7e-m+dp/hard\libc_nano.a(lib_a-exit.o)
                0x00000000240180a0                exit
 .text.__libc_init_array
                0x00000000240180c8       0x48 c:/st/stm32cubeide_1.7.0/stm32cubeide/plugins/com.st.stm32cube.ide.mcu.externaltools.gnu-tools-for-stm32.9-2020-q2-update.win32_2.0.0.202105311346/tools/bin/../lib/gcc/arm-none-eabi/9.3.1/../../../../arm-none-eabi/lib/thumb/v7e-m+dp/hard\libc_nano.a(lib_a-init.o)
                0x00000000240180c8                __libc_init_array
 .text.memset   0x0000000024018110       0x10 c:/st/stm32cubeide_1.7.0/stm32cubeide/plugins/com.st.stm32cube.ide.mcu.externaltools.gnu-tools-for-stm32.9-2020-q2-update.win32_2.0.0.202105311346/tools/bin/../lib/gcc/arm-none-eabi/9.3.1/../../../../arm-none-eabi/lib/thumb/v7e-m+dp/hard\libc_nano.a(lib_a-memset.o)
                0x0000000024018110                memset
 *(.glue_7)
 .glue_7        0x0000000024018120        0x0 linker stubs
 *(.glue_7t)
 .glue_7t       0x0000000024018120        0x0 linker stubs
 *(.eh_frame)
 .eh_frame      0x0000000024018120        0x0 c:/st/stm32cubeide_1.7.0/stm32cubeide/plugins/com.st.stm32cube.ide.mcu.externaltools.gnu-tools-for-stm32.9-2020-q2-update.win32_2.0.0.202105311346/tools/bin/../lib/gcc/arm-none-eabi/9.3.1/thumb/v7e-m+dp/hard/crtbegin.o
 .eh_frame      0x0000000024018120        0x4 c:/st/stm32cubeide_1.7.0/stm32cubeide/plugins/com.st.stm32cube.ide.mcu.externaltools.gnu-tools-for-stm32.9-2020-q2-update.win32_2.0.0.202105311346/tools/bin/../lib/gcc/arm-none-eabi/9.3.1/thumb/v7e-m+dp/hard/crtend.o
 *(.init)
 .init          0x0000000024018124        0x4 c:/st/stm32cubeide_1.7.0/stm32cubeide/plugins/com.st.stm32cube.ide.mcu.externaltools.gnu-tools-for-stm32.9-2020-q2-update.win32_2.0.0.202105311346/tools/bin/../lib/gcc/arm-none-eabi/9.3.1/thumb/v7e-m+dp/hard/crti.o
                0x0000000024018124                _init
 .init          0x0000000024018128        0x8 c:/st/stm32cubeide_1.7.0/stm32cubeide/plugins/com.st.stm32cube.ide.mcu.externaltools.gnu-tools-for-stm32.9-2020-q2-update.win32_2.0.0.202105311346/tools/bin/../lib/gcc/arm-none-eabi/9.3.1/thumb/v7e-m+dp/hard/crtn.o
 *(.fini)
 .fini          0x0000000024018130        0x4 c:/st/stm32cubeide_1.7.0/stm32cubeide/plugins/com.st.stm32cube.ide.mcu.externaltools.gnu-tools-for-stm32.9-2020-q2-update.win32_2.0.0.202105311346/tools/bin/../lib/gcc/arm-none-eabi/9.3.1/thumb/v7e-m+dp/hard/crti.o
                0x0000000024018130                _fini
 .fini          0x0000000024018134        0x8 c:/st/stm32cubeide_1.7.0/stm32cubeide/plugins/com.st.stm32cube.ide.mcu.externaltools.gnu-tools-for-stm32.9-2020-q2-update.win32_2.0.0.202105311346/tools/bin/../lib/gcc/arm-none-eabi/9.3.1/thumb/v7e-m+dp/hard/crtn.o
                0x000000002401813c                . = ALIGN (0x4)
                0x000000002401813c                _etext = .

.vfp11_veneer   0x000000002401813c        0x0
 .vfp11_veneer  0x000000002401813c        0x0 linker stubs

.v4_bx          0x000000002401813c        0x0
 .v4_bx         0x000000002401813c        0x0 linker stubs

.iplt           0x000000002401813c        0x0
 .iplt          0x000000002401813c        0x0 c:/st/stm32cubeide_1.7.0/stm32cubeide/plugins/com.st.stm32cube.ide.mcu.externaltools.gnu-tools-for-stm32.9-2020-q2-update.win32_2.0.0.202105311346/tools/bin/../lib/gcc/arm-none-eabi/9.3.1/thumb/v7e-m+dp/hard/crtbegin.o

.Dev_info       0x000000002401813c       0xc8
 *Dev_Inf.o(.rodata*)
 .rodata        0x000000002401813c       0xc8 ./Core/Src/Dev_Inf.o
                0x000000002401813c                StorageInfo

.rodata         0x0000000024018204       0x1c
                0x0000000024018204                . = ALIGN (0x4)
 *(.rodata)
 .rodata        0x0000000024018204       0x10 ./Core/Src/system_stm32h7xx.o
                0x0000000024018204                D1CorePrescTable
 .rodata        0x0000000024018214        0x8 ./Drivers/STM32H7xx_HAL_Driver/Src/stm32h7xx_hal_dma.o
 *(.rodata*)
 .rodata._global_impure_ptr
                0x000000002401821c        0x4 c:/st/stm32cubeide_1.7.0/stm32cubeide/plugins/com.st.stm32cube.ide.mcu.externaltools.gnu-tools-for-stm32.9-2020-q2-update.win32_2.0.0.202105311346/tools/bin/../lib/gcc/arm-none-eabi/9.3.1/../../../../arm-none-eabi/lib/thumb/v7e-m+dp/hard\libc_nano.a(lib_a-impure.o)
                0x000000002401821c                _global_impure_ptr
                0x0000000024018220                . = ALIGN (0x4)

.rel.dyn        0x0000000024018220        0x0
 .rel.iplt      0x0000000024018220        0x0 c:/st/stm32cubeide_1.7.0/stm32cubeide/plugins/com.st.stm32cube.ide.mcu.externaltools.gnu-tools-for-stm32.9-2020-q2-update.win32_2.0.0.202105311346/tools/bin/../lib/gcc/arm-none-eabi/9.3.1/thumb/v7e-m+dp/hard/crtbegin.o

._user_heap_stack
                0x0000000024018220      0x600
                0x0000000024018220                . = ALIGN (0x4)
                [!provide]                        PROVIDE (end = .)
                0x0000000024018220                PROVIDE (_end = .)
                0x0000000024018420                . = (. + _Min_Heap_Size)
 *fill*         0x0000000024018220      0x200 
                0x0000000024018820                . = (. + _Min_Stack_Size)
 *fill*         0x0000000024018420      0x400 
                0x0000000024018820                . = ALIGN (0x4)

.ARM.attributes
                0x0000000000000000       0x2e
 *(.ARM.attributes)
 .ARM.attributes
                0x0000000000000000       0x1e c:/st/stm32cubeide_1.7.0/stm32cubeide/plugins/com.st.stm32cube.ide.mcu.externaltools.gnu-tools-for-stm32.9-2020-q2-update.win32_2.0.0.202105311346/tools/bin/../lib/gcc/arm-none-eabi/9.3.1/thumb/v7e-m+dp/hard/crti.o
 .ARM.attributes
                0x000000000000001e       0x32 c:/st/stm32cubeide_1.7.0/stm32cubeide/plugins/com.st.stm32cube.ide.mcu.externaltools.gnu-tools-for-stm32.9-2020-q2-update.win32_2.0.0.202105311346/tools/bin/../lib/gcc/arm-none-eabi/9.3.1/thumb/v7e-m+dp/hard/crtbegin.o
 .ARM.attributes
                0x0000000000000050       0x1c c:/st/stm32cubeide_1.7.0/stm32cubeide/plugins/com.st.stm32cube.ide.mcu.externaltools.gnu-tools-for-stm32.9-2020-q2-update.win32_2.0.0.202105311346/tools/bin/../lib/gcc/arm-none-eabi/9.3.1/../../../../arm-none-eabi/lib/thumb/v7e-m+dp/hard/crt0.o
 .ARM.attributes
                0x000000000000006c       0x37 ./Core/Src/Dev_Inf.o
 .ARM.attributes
                0x00000000000000a3       0x32 ./Core/Src/Loader_Src.o
 .ARM.attributes
                0x00000000000000d5       0x32 ./Core/Src/W25Q128.o
 .ARM.attributes
                0x0000000000000107       0x32 ./Core/Src/gpio.o
 .ARM.attributes
                0x0000000000000139       0x32 ./Core/Src/main.o
 .ARM.attributes
                0x000000000000016b       0x32 ./Core/Src/octospi.o
 .ARM.attributes
                0x000000000000019d       0x32 ./Core/Src/stm32h7xx_hal_msp.o
 .ARM.attributes
                0x00000000000001cf       0x32 ./Core/Src/stm32h7xx_it.o
 .ARM.attributes
                0x0000000000000201       0x32 ./Core/Src/syscalls.o
 .ARM.attributes
                0x0000000000000233       0x32 ./Core/Src/sysmem.o
 .ARM.attributes
                0x0000000000000265       0x32 ./Core/Src/system_stm32h7xx.o
 .ARM.attributes
                0x0000000000000297       0x21 ./Core/Startup/startup_stm32h7b0vbtx.o
 .ARM.attributes
                0x00000000000002b8       0x32 ./Drivers/STM32H7xx_HAL_Driver/Src/stm32h7xx_hal.o
 .ARM.attributes
                0x00000000000002ea       0x32 ./Drivers/STM32H7xx_HAL_Driver/Src/stm32h7xx_hal_cortex.o
 .ARM.attributes
                0x000000000000031c       0x32 ./Drivers/STM32H7xx_HAL_Driver/Src/stm32h7xx_hal_dma.o
 .ARM.attributes
                0x000000000000034e       0x32 ./Drivers/STM32H7xx_HAL_Driver/Src/stm32h7xx_hal_dma_ex.o
 .ARM.attributes
                0x0000000000000380       0x32 ./Drivers/STM32H7xx_HAL_Driver/Src/stm32h7xx_hal_exti.o
 .ARM.attributes
                0x00000000000003b2       0x32 ./Drivers/STM32H7xx_HAL_Driver/Src/stm32h7xx_hal_flash.o
 .ARM.attributes
                0x00000000000003e4       0x32 ./Drivers/STM32H7xx_HAL_Driver/Src/stm32h7xx_hal_flash_ex.o
 .ARM.attributes
                0x0000000000000416       0x32 ./Drivers/STM32H7xx_HAL_Driver/Src/stm32h7xx_hal_gpio.o
 .ARM.attributes
                0x0000000000000448       0x32 ./Drivers/STM32H7xx_HAL_Driver/Src/stm32h7xx_hal_hsem.o
 .ARM.attributes
                0x000000000000047a       0x32 ./Drivers/STM32H7xx_HAL_Driver/Src/stm32h7xx_hal_i2c.o
 .ARM.attributes
                0x00000000000004ac       0x32 ./Drivers/STM32H7xx_HAL_Driver/Src/stm32h7xx_hal_i2c_ex.o
 .ARM.attributes
                0x00000000000004de       0x32 ./Drivers/STM32H7xx_HAL_Driver/Src/stm32h7xx_hal_mdma.o
 .ARM.attributes
                0x0000000000000510       0x32 ./Drivers/STM32H7xx_HAL_Driver/Src/stm32h7xx_hal_ospi.o
 .ARM.attributes
                0x0000000000000542       0x32 ./Drivers/STM32H7xx_HAL_Driver/Src/stm32h7xx_hal_pwr.o
 .ARM.attributes
                0x0000000000000574       0x32 ./Drivers/STM32H7xx_HAL_Driver/Src/stm32h7xx_hal_pwr_ex.o
 .ARM.attributes
                0x00000000000005a6       0x32 ./Drivers/STM32H7xx_HAL_Driver/Src/stm32h7xx_hal_rcc.o
 .ARM.attributes
                0x00000000000005d8       0x32 ./Drivers/STM32H7xx_HAL_Driver/Src/stm32h7xx_hal_rcc_ex.o
 .ARM.attributes
                0x000000000000060a       0x37 ./Drivers/STM32H7xx_HAL_Driver/Src/stm32h7xx_hal_tim.o
 .ARM.attributes
                0x0000000000000641       0x37 ./Drivers/STM32H7xx_HAL_Driver/Src/stm32h7xx_hal_tim_ex.o
 .ARM.attributes
                0x0000000000000678       0x32 c:/st/stm32cubeide_1.7.0/stm32cubeide/plugins/com.st.stm32cube.ide.mcu.externaltools.gnu-tools-for-stm32.9-2020-q2-update.win32_2.0.0.202105311346/tools/bin/../lib/gcc/arm-none-eabi/9.3.1/../../../../arm-none-eabi/lib/thumb/v7e-m+dp/hard\libc_nano.a(lib_a-errno.o)
 .ARM.attributes
                0x00000000000006aa       0x32 c:/st/stm32cubeide_1.7.0/stm32cubeide/plugins/com.st.stm32cube.ide.mcu.externaltools.gnu-tools-for-stm32.9-2020-q2-update.win32_2.0.0.202105311346/tools/bin/../lib/gcc/arm-none-eabi/9.3.1/../../../../arm-none-eabi/lib/thumb/v7e-m+dp/hard\libc_nano.a(lib_a-exit.o)
 .ARM.attributes
                0x00000000000006dc       0x30 c:/st/stm32cubeide_1.7.0/stm32cubeide/plugins/com.st.stm32cube.ide.mcu.externaltools.gnu-tools-for-stm32.9-2020-q2-update.win32_2.0.0.202105311346/tools/bin/../lib/gcc/arm-none-eabi/9.3.1/../../../../arm-none-eabi/lib/thumb/v7e-m+dp/hard\libc_nano.a(lib_a-impure.o)
 .ARM.attributes
                0x000000000000070c       0x32 c:/st/stm32cubeide_1.7.0/stm32cubeide/plugins/com.st.stm32cube.ide.mcu.externaltools.gnu-tools-for-stm32.9-2020-q2-update.win32_2.0.0.202105311346/tools/bin/../lib/gcc/arm-none-eabi/9.3.1/../../../../arm-none-eabi/lib/thumb/v7e-m+dp/hard\libc_nano.a(lib_a-init.o)
 .ARM.attributes
                0x000000000000073e       0x32 c:/st/stm32cubeide_1.7.0/stm32cubeide/plugins/com.st.stm32cube.ide.mcu.externaltools.gnu-tools-for-stm32.9-2020-q2-update.win32_2.0.0.202105311346/tools/bin/../lib/gcc/arm-none-eabi/9.3.1/../../../../arm-none-eabi/lib/thumb/v7e-m+dp/hard\libc_nano.a(lib_a-memset.o)
 .ARM.attributes
                0x0000000000000770       0x30 c:/st/stm32cubeide_1.7.0/stm32cubeide/plugins/com.st.stm32cube.ide.mcu.externaltools.gnu-tools-for-stm32.9-2020-q2-update.win32_2.0.0.202105311346/tools/bin/../lib/gcc/arm-none-eabi/9.3.1/thumb/v7e-m+dp/hard/crtend.o
 .ARM.attributes
                0x00000000000007a0       0x1e c:/st/stm32cubeide_1.7.0/stm32cubeide/plugins/com.st.stm32cube.ide.mcu.externaltools.gnu-tools-for-stm32.9-2020-q2-update.win32_2.0.0.202105311346/tools/bin/../lib/gcc/arm-none-eabi/9.3.1/thumb/v7e-m+dp/hard/crtn.o
OUTPUT(H7B0_W25Q128_OSC16M_ExternalLoader.stldr elf32-littlearm)
LOAD linker stubs

.debug_info     0x0000000000000000    0x28ed1
 .debug_info    0x0000000000000000      0x10d ./Core/Src/Dev_Inf.o
 .debug_info    0x000000000000010d     0x1b7d ./Core/Src/Loader_Src.o
 .debug_info    0x0000000000001c8a     0x1b3e ./Core/Src/W25Q128.o
 .debug_info    0x00000000000037c8     0x111b ./Core/Src/gpio.o
 .debug_info    0x00000000000048e3     0x1d44 ./Core/Src/main.o
 .debug_info    0x0000000000006627     0x1d8b ./Core/Src/octospi.o
 .debug_info    0x00000000000083b2      0xf63 ./Core/Src/stm32h7xx_hal_msp.o
 .debug_info    0x0000000000009315      0xbe2 ./Core/Src/stm32h7xx_it.o
 .debug_info    0x0000000000009ef7      0xfa8 ./Core/Src/syscalls.o
 .debug_info    0x000000000000ae9f      0xa25 ./Core/Src/sysmem.o
 .debug_info    0x000000000000b8c4     0x16cb ./Core/Src/system_stm32h7xx.o
 .debug_info    0x000000000000cf8f       0x22 ./Core/Startup/startup_stm32h7b0vbtx.o
 .debug_info    0x000000000000cfb1     0x1e0f ./Drivers/STM32H7xx_HAL_Driver/Src/stm32h7xx_hal.o
 .debug_info    0x000000000000edc0     0x1bc8 ./Drivers/STM32H7xx_HAL_Driver/Src/stm32h7xx_hal_cortex.o
 .debug_info    0x0000000000010988     0x163e ./Drivers/STM32H7xx_HAL_Driver/Src/stm32h7xx_hal_dma.o
 .debug_info    0x0000000000011fc6     0x1307 ./Drivers/STM32H7xx_HAL_Driver/Src/stm32h7xx_hal_dma_ex.o
 .debug_info    0x00000000000132cd     0x12c5 ./Drivers/STM32H7xx_HAL_Driver/Src/stm32h7xx_hal_exti.o
 .debug_info    0x0000000000014592     0x129b ./Drivers/STM32H7xx_HAL_Driver/Src/stm32h7xx_hal_flash.o
 .debug_info    0x000000000001582d     0x16fd ./Drivers/STM32H7xx_HAL_Driver/Src/stm32h7xx_hal_flash_ex.o
 .debug_info    0x0000000000016f2a     0x167e ./Drivers/STM32H7xx_HAL_Driver/Src/stm32h7xx_hal_gpio.o
 .debug_info    0x00000000000185a8      0xe58 ./Drivers/STM32H7xx_HAL_Driver/Src/stm32h7xx_hal_hsem.o
 .debug_info    0x0000000000019400     0x2d91 ./Drivers/STM32H7xx_HAL_Driver/Src/stm32h7xx_hal_i2c.o
 .debug_info    0x000000000001c191     0x174e ./Drivers/STM32H7xx_HAL_Driver/Src/stm32h7xx_hal_i2c_ex.o
 .debug_info    0x000000000001d8df     0x16c6 ./Drivers/STM32H7xx_HAL_Driver/Src/stm32h7xx_hal_mdma.o
 .debug_info    0x000000000001efa5     0x248c ./Drivers/STM32H7xx_HAL_Driver/Src/stm32h7xx_hal_ospi.o
 .debug_info    0x0000000000021431     0x13e0 ./Drivers/STM32H7xx_HAL_Driver/Src/stm32h7xx_hal_pwr.o
 .debug_info    0x0000000000022811     0x1a23 ./Drivers/STM32H7xx_HAL_Driver/Src/stm32h7xx_hal_pwr_ex.o
 .debug_info    0x0000000000024234     0x197c ./Drivers/STM32H7xx_HAL_Driver/Src/stm32h7xx_hal_rcc.o
 .debug_info    0x0000000000025bb0     0x1cb1 ./Drivers/STM32H7xx_HAL_Driver/Src/stm32h7xx_hal_rcc_ex.o
 .debug_info    0x0000000000027861      0xb38 ./Drivers/STM32H7xx_HAL_Driver/Src/stm32h7xx_hal_tim.o
 .debug_info    0x0000000000028399      0xb38 ./Drivers/STM32H7xx_HAL_Driver/Src/stm32h7xx_hal_tim_ex.o

.debug_abbrev   0x0000000000000000     0x4e2c
 .debug_abbrev  0x0000000000000000       0x6c ./Core/Src/Dev_Inf.o
 .debug_abbrev  0x000000000000006c      0x29d ./Core/Src/Loader_Src.o
 .debug_abbrev  0x0000000000000309      0x2b7 ./Core/Src/W25Q128.o
 .debug_abbrev  0x00000000000005c0      0x23a ./Core/Src/gpio.o
 .debug_abbrev  0x00000000000007fa      0x33e ./Core/Src/main.o
 .debug_abbrev  0x0000000000000b38      0x276 ./Core/Src/octospi.o
 .debug_abbrev  0x0000000000000dae      0x220 ./Core/Src/stm32h7xx_hal_msp.o
 .debug_abbrev  0x0000000000000fce      0x1ef ./Core/Src/stm32h7xx_it.o
 .debug_abbrev  0x00000000000011bd      0x286 ./Core/Src/syscalls.o
 .debug_abbrev  0x0000000000001443      0x1bf ./Core/Src/sysmem.o
 .debug_abbrev  0x0000000000001602      0x262 ./Core/Src/system_stm32h7xx.o
 .debug_abbrev  0x0000000000001864       0x12 ./Core/Startup/startup_stm32h7b0vbtx.o
 .debug_abbrev  0x0000000000001876      0x31b ./Drivers/STM32H7xx_HAL_Driver/Src/stm32h7xx_hal.o
 .debug_abbrev  0x0000000000001b91      0x409 ./Drivers/STM32H7xx_HAL_Driver/Src/stm32h7xx_hal_cortex.o
 .debug_abbrev  0x0000000000001f9a      0x2c1 ./Drivers/STM32H7xx_HAL_Driver/Src/stm32h7xx_hal_dma.o
 .debug_abbrev  0x000000000000225b      0x29c ./Drivers/STM32H7xx_HAL_Driver/Src/stm32h7xx_hal_dma_ex.o
 .debug_abbrev  0x00000000000024f7      0x280 ./Drivers/STM32H7xx_HAL_Driver/Src/stm32h7xx_hal_exti.o
 .debug_abbrev  0x0000000000002777      0x30b ./Drivers/STM32H7xx_HAL_Driver/Src/stm32h7xx_hal_flash.o
 .debug_abbrev  0x0000000000002a82      0x30e ./Drivers/STM32H7xx_HAL_Driver/Src/stm32h7xx_hal_flash_ex.o
 .debug_abbrev  0x0000000000002d90      0x2cb ./Drivers/STM32H7xx_HAL_Driver/Src/stm32h7xx_hal_gpio.o
 .debug_abbrev  0x000000000000305b      0x2e9 ./Drivers/STM32H7xx_HAL_Driver/Src/stm32h7xx_hal_hsem.o
 .debug_abbrev  0x0000000000003344      0x2e6 ./Drivers/STM32H7xx_HAL_Driver/Src/stm32h7xx_hal_i2c.o
 .debug_abbrev  0x000000000000362a      0x29e ./Drivers/STM32H7xx_HAL_Driver/Src/stm32h7xx_hal_i2c_ex.o
 .debug_abbrev  0x00000000000038c8      0x29c ./Drivers/STM32H7xx_HAL_Driver/Src/stm32h7xx_hal_mdma.o
 .debug_abbrev  0x0000000000003b64      0x344 ./Drivers/STM32H7xx_HAL_Driver/Src/stm32h7xx_hal_ospi.o
 .debug_abbrev  0x0000000000003ea8      0x287 ./Drivers/STM32H7xx_HAL_Driver/Src/stm32h7xx_hal_pwr.o
 .debug_abbrev  0x000000000000412f      0x33f ./Drivers/STM32H7xx_HAL_Driver/Src/stm32h7xx_hal_pwr_ex.o
 .debug_abbrev  0x000000000000446e      0x322 ./Drivers/STM32H7xx_HAL_Driver/Src/stm32h7xx_hal_rcc.o
 .debug_abbrev  0x0000000000004790      0x32e ./Drivers/STM32H7xx_HAL_Driver/Src/stm32h7xx_hal_rcc_ex.o
 .debug_abbrev  0x0000000000004abe      0x1b7 ./Drivers/STM32H7xx_HAL_Driver/Src/stm32h7xx_hal_tim.o
 .debug_abbrev  0x0000000000004c75      0x1b7 ./Drivers/STM32H7xx_HAL_Driver/Src/stm32h7xx_hal_tim_ex.o

.debug_aranges  0x0000000000000000      0x3d0
 .debug_aranges
                0x0000000000000000       0x18 ./Core/Src/Dev_Inf.o
 .debug_aranges
                0x0000000000000018       0x20 ./Core/Src/Loader_Src.o
 .debug_aranges
                0x0000000000000038       0x20 ./Core/Src/W25Q128.o
 .debug_aranges
                0x0000000000000058       0x20 ./Core/Src/gpio.o
 .debug_aranges
                0x0000000000000078       0x20 ./Core/Src/main.o
 .debug_aranges
                0x0000000000000098       0x20 ./Core/Src/octospi.o
 .debug_aranges
                0x00000000000000b8       0x20 ./Core/Src/stm32h7xx_hal_msp.o
 .debug_aranges
                0x00000000000000d8       0x20 ./Core/Src/stm32h7xx_it.o
 .debug_aranges
                0x00000000000000f8       0x20 ./Core/Src/syscalls.o
 .debug_aranges
                0x0000000000000118       0x20 ./Core/Src/sysmem.o
 .debug_aranges
                0x0000000000000138       0x20 ./Core/Src/system_stm32h7xx.o
 .debug_aranges
                0x0000000000000158       0x28 ./Core/Startup/startup_stm32h7b0vbtx.o
 .debug_aranges
                0x0000000000000180       0x20 ./Drivers/STM32H7xx_HAL_Driver/Src/stm32h7xx_hal.o
 .debug_aranges
                0x00000000000001a0       0x20 ./Drivers/STM32H7xx_HAL_Driver/Src/stm32h7xx_hal_cortex.o
 .debug_aranges
                0x00000000000001c0       0x20 ./Drivers/STM32H7xx_HAL_Driver/Src/stm32h7xx_hal_dma.o
 .debug_aranges
                0x00000000000001e0       0x20 ./Drivers/STM32H7xx_HAL_Driver/Src/stm32h7xx_hal_dma_ex.o
 .debug_aranges
                0x0000000000000200       0x20 ./Drivers/STM32H7xx_HAL_Driver/Src/stm32h7xx_hal_exti.o
 .debug_aranges
                0x0000000000000220       0x20 ./Drivers/STM32H7xx_HAL_Driver/Src/stm32h7xx_hal_flash.o
 .debug_aranges
                0x0000000000000240       0x20 ./Drivers/STM32H7xx_HAL_Driver/Src/stm32h7xx_hal_flash_ex.o
 .debug_aranges
                0x0000000000000260       0x20 ./Drivers/STM32H7xx_HAL_Driver/Src/stm32h7xx_hal_gpio.o
 .debug_aranges
                0x0000000000000280       0x20 ./Drivers/STM32H7xx_HAL_Driver/Src/stm32h7xx_hal_hsem.o
 .debug_aranges
                0x00000000000002a0       0x20 ./Drivers/STM32H7xx_HAL_Driver/Src/stm32h7xx_hal_i2c.o
 .debug_aranges
                0x00000000000002c0       0x20 ./Drivers/STM32H7xx_HAL_Driver/Src/stm32h7xx_hal_i2c_ex.o
 .debug_aranges
                0x00000000000002e0       0x20 ./Drivers/STM32H7xx_HAL_Driver/Src/stm32h7xx_hal_mdma.o
 .debug_aranges
                0x0000000000000300       0x20 ./Drivers/STM32H7xx_HAL_Driver/Src/stm32h7xx_hal_ospi.o
 .debug_aranges
                0x0000000000000320       0x20 ./Drivers/STM32H7xx_HAL_Driver/Src/stm32h7xx_hal_pwr.o
 .debug_aranges
                0x0000000000000340       0x20 ./Drivers/STM32H7xx_HAL_Driver/Src/stm32h7xx_hal_pwr_ex.o
 .debug_aranges
                0x0000000000000360       0x20 ./Drivers/STM32H7xx_HAL_Driver/Src/stm32h7xx_hal_rcc.o
 .debug_aranges
                0x0000000000000380       0x20 ./Drivers/STM32H7xx_HAL_Driver/Src/stm32h7xx_hal_rcc_ex.o
 .debug_aranges
                0x00000000000003a0       0x18 ./Drivers/STM32H7xx_HAL_Driver/Src/stm32h7xx_hal_tim.o
 .debug_aranges
                0x00000000000003b8       0x18 ./Drivers/STM32H7xx_HAL_Driver/Src/stm32h7xx_hal_tim_ex.o

.debug_macro    0x0000000000000000    0x32c51
 .debug_macro   0x0000000000000000       0x1a ./Core/Src/Dev_Inf.o
 .debug_macro   0x000000000000001a      0xac6 ./Core/Src/Dev_Inf.o
 .debug_macro   0x0000000000000ae0       0x46 ./Core/Src/Dev_Inf.o
 .debug_macro   0x0000000000000b26      0x2f6 ./Core/Src/Loader_Src.o
 .debug_macro   0x0000000000000e1c      0x232 ./Core/Src/Loader_Src.o
 .debug_macro   0x000000000000104e       0x2e ./Core/Src/Loader_Src.o
 .debug_macro   0x000000000000107c       0x3b ./Core/Src/Loader_Src.o
 .debug_macro   0x00000000000010b7       0x22 ./Core/Src/Loader_Src.o
 .debug_macro   0x00000000000010d9       0x8e ./Core/Src/Loader_Src.o
 .debug_macro   0x0000000000001167       0x51 ./Core/Src/Loader_Src.o
 .debug_macro   0x00000000000011b8      0x103 ./Core/Src/Loader_Src.o
 .debug_macro   0x00000000000012bb       0x6a ./Core/Src/Loader_Src.o
 .debug_macro   0x0000000000001325      0x1df ./Core/Src/Loader_Src.o
 .debug_macro   0x0000000000001504       0x1c ./Core/Src/Loader_Src.o
 .debug_macro   0x0000000000001520       0x22 ./Core/Src/Loader_Src.o
 .debug_macro   0x0000000000001542      0x101 ./Core/Src/Loader_Src.o
 .debug_macro   0x0000000000001643     0x1305 ./Core/Src/Loader_Src.o
 .debug_macro   0x0000000000002948      0x11f ./Core/Src/Loader_Src.o
 .debug_macro   0x0000000000002a67       0x27 ./Core/Src/Loader_Src.o
 .debug_macro   0x0000000000002a8e    0x1f222 ./Core/Src/Loader_Src.o
 .debug_macro   0x0000000000021cb0       0x6d ./Core/Src/Loader_Src.o
 .debug_macro   0x0000000000021d1d     0x3d25 ./Core/Src/Loader_Src.o
 .debug_macro   0x0000000000025a42      0x174 ./Core/Src/Loader_Src.o
 .debug_macro   0x0000000000025bb6       0x52 ./Core/Src/Loader_Src.o
 .debug_macro   0x0000000000025c08       0x17 ./Core/Src/Loader_Src.o
 .debug_macro   0x0000000000025c1f       0x3c ./Core/Src/Loader_Src.o
 .debug_macro   0x0000000000025c5b       0x34 ./Core/Src/Loader_Src.o
 .debug_macro   0x0000000000025c8f       0x16 ./Core/Src/Loader_Src.o
 .debug_macro   0x0000000000025ca5       0x43 ./Core/Src/Loader_Src.o
 .debug_macro   0x0000000000025ce8       0x34 ./Core/Src/Loader_Src.o
 .debug_macro   0x0000000000025d1c       0x10 ./Core/Src/Loader_Src.o
 .debug_macro   0x0000000000025d2c       0x58 ./Core/Src/Loader_Src.o
 .debug_macro   0x0000000000025d84       0x71 ./Core/Src/Loader_Src.o
 .debug_macro   0x0000000000025df5       0x1c ./Core/Src/Loader_Src.o
 .debug_macro   0x0000000000025e11      0x12a ./Core/Src/Loader_Src.o
 .debug_macro   0x0000000000025f3b      0x333 ./Core/Src/Loader_Src.o
 .debug_macro   0x000000000002626e      0x1a9 ./Core/Src/Loader_Src.o
 .debug_macro   0x0000000000026417       0x5d ./Core/Src/Loader_Src.o
 .debug_macro   0x0000000000026474     0x2606 ./Core/Src/Loader_Src.o
 .debug_macro   0x0000000000028a7a     0x1010 ./Core/Src/Loader_Src.o
 .debug_macro   0x0000000000029a8a      0x14d ./Core/Src/Loader_Src.o
 .debug_macro   0x0000000000029bd7      0x114 ./Core/Src/Loader_Src.o
 .debug_macro   0x0000000000029ceb      0x3bf ./Core/Src/Loader_Src.o
 .debug_macro   0x000000000002a0aa       0xac ./Core/Src/Loader_Src.o
 .debug_macro   0x000000000002a156      0x70a ./Core/Src/Loader_Src.o
 .debug_macro   0x000000000002a860      0x20c ./Core/Src/Loader_Src.o
 .debug_macro   0x000000000002aa6c       0x66 ./Core/Src/Loader_Src.o
 .debug_macro   0x000000000002aad2      0x3c9 ./Core/Src/Loader_Src.o
 .debug_macro   0x000000000002ae9b      0x3eb ./Core/Src/Loader_Src.o
 .debug_macro   0x000000000002b286      0x275 ./Core/Src/Loader_Src.o
 .debug_macro   0x000000000002b4fb      0x380 ./Core/Src/Loader_Src.o
 .debug_macro   0x000000000002b87b      0x44e ./Core/Src/Loader_Src.o
 .debug_macro   0x000000000002bcc9       0x43 ./Core/Src/Loader_Src.o
 .debug_macro   0x000000000002bd0c       0x4a ./Core/Src/Loader_Src.o
 .debug_macro   0x000000000002bd56      0x22c ./Core/Src/Loader_Src.o
 .debug_macro   0x000000000002bf82       0x67 ./Core/Src/Loader_Src.o
 .debug_macro   0x000000000002bfe9       0xa5 ./Core/Src/Loader_Src.o
 .debug_macro   0x000000000002c08e      0x520 ./Core/Src/Loader_Src.o
 .debug_macro   0x000000000002c5ae      0x1bd ./Core/Src/Loader_Src.o
 .debug_macro   0x000000000002c76b      0x2ab ./Core/Src/Loader_Src.o
 .debug_macro   0x000000000002ca16       0x35 ./Core/Src/Loader_Src.o
 .debug_macro   0x000000000002ca4b      0x5be ./Core/Src/Loader_Src.o
 .debug_macro   0x000000000002d009       0x10 ./Core/Src/Loader_Src.o
 .debug_macro   0x000000000002d019      0x13c ./Core/Src/Loader_Src.o
 .debug_macro   0x000000000002d155       0x16 ./Core/Src/Loader_Src.o
 .debug_macro   0x000000000002d16b       0x35 ./Core/Src/Loader_Src.o
 .debug_macro   0x000000000002d1a0       0x20 ./Core/Src/Loader_Src.o
 .debug_macro   0x000000000002d1c0      0x2b0 ./Core/Src/W25Q128.o
 .debug_macro   0x000000000002d470      0x2a3 ./Core/Src/gpio.o
 .debug_macro   0x000000000002d713      0x3df ./Core/Src/main.o
 .debug_macro   0x000000000002daf2       0x1c ./Core/Src/main.o
 .debug_macro   0x000000000002db0e       0x10 ./Core/Src/main.o