PCM179x.c:56:13:pcm179x_accessible_reg	16	static
PCM179x.c:61:13:pcm179x_writeable_reg	24	static
PCM179x.c:73:5:PCM179x_set_attenuation	32	static
PCM179x.c:114:9:PCM179x_set_attenuation_async	32	static
PCM179x.c:156:5:PCM179x_set_format	32	static
PCM179x.c:170:5:PCM179x_set_mute	32	static
PCM179x.c:188:9:PCM179x_set_mute_async	32	static
PCM179x.c:207:5:PCM179x_set_sample_rate	16	static
PCM179x.c:213:5:PCM179x_set_oversample_multiplier	32	static
PCM179x.c:234:6:pcm179x_hw_reset	8	static
PCM179x.c:250:5:pcm179x_test	24	static
PCM179x.c:268:5:pcm179x_init	24	static
