lv_imagebutton.c:310:31:get_state	8	static
lv_imagebutton.c:137:13:lv_imagebutton_constructor	8	static
lv_imagebutton.c:279:31:suggest_state	0	static
lv_imagebutton.c:258:13:refr_image	16	static
lv_imagebutton.c:148:13:lv_imagebutton_event	200	static
lv_imagebutton.c:331:13:update_src_info	16	static
lv_imagebutton.c:58:12:lv_imagebutton_create	8	static
lv_imagebutton.c:70:6:lv_imagebutton_set_src	24	static
lv_imagebutton.c:84:6:lv_imagebutton_set_state	16	static
lv_imagebutton.c:108:14:lv_imagebutton_get_src_left	0	static
lv_imagebutton.c:117:14:lv_imagebutton_get_src_middle	0	static
lv_imagebutton.c:125:14:lv_imagebutton_get_src_right	0	static
