lv_bin_decoder.c:107:13:lv_bin_decoder_info	32	static
lv_bin_decoder.c:1042:20:fs_read_file_at	24	static
lv_bin_decoder.c:370:13:lv_bin_decoder_get_area	64	static
lv_bin_decoder.c:550:20:decode_indexed.isra.0	48	static
lv_bin_decoder.c:533:13:free_decoder_data.isra.0	16	static
lv_bin_decoder.c:351:6:lv_bin_decoder_close	16	static
lv_bin_decoder.c:815:20:decode_alpha_only.isra.0	56	static
lv_bin_decoder.c:516:25:get_decoder_data.isra.0.part.0	8	static
lv_bin_decoder.c:885:20:decode_compressed.isra.0	48	static
lv_bin_decoder.c:174:13:lv_bin_decoder_open	64	static
lv_bin_decoder.c:89:6:lv_bin_decoder_init	8	static
