lv_ll.h:85:20:_lv_ll_clear	16	static
lv_group.c:46:6:_lv_group_init	8	static
lv_group.c:51:6:_lv_group_deinit	8	static
lv_group.c:56:14:lv_group_create	16	static
lv_group.c:75:6:lv_group_delete	32	static
lv_group.c:106:6:lv_group_set_default	16	static
lv_group.c:111:14:lv_group_get_default	4	static
lv_group.c:116:6:lv_group_add_obj	32	static
lv_group.c:161:6:lv_group_swap_obj	32	static
lv_group.c:180:6:lv_group_remove_obj	32	static
lv_group.c:221:6:lv_group_remove_all_objs	32	static
lv_group.c:239:6:lv_group_focus_obj	40	static
lv_group.c:272:6:lv_group_focus_next	24	static
lv_group.c:281:6:lv_group_focus_prev	24	static
lv_group.c:290:6:lv_group_focus_freeze	16	static
lv_group.c:296:13:lv_group_send_data	24	static
lv_group.c:306:6:lv_group_set_focus_cb	16	static
lv_group.c:311:6:lv_group_set_edge_cb	16	static
lv_group.c:316:6:lv_group_set_editing	40	static
lv_group.c:334:6:lv_group_set_refocus_policy	16	static
lv_group.c:339:6:lv_group_set_wrap	16	static
lv_group.c:344:12:lv_group_get_focused	16	static
lv_group.c:352:21:lv_group_get_focus_cb	16	static
lv_group.c:358:20:lv_group_get_edge_cb	16	static
lv_group.c:364:6:lv_group_get_editing	16	static
lv_group.c:370:6:lv_group_get_wrap	16	static
lv_group.c:376:10:lv_group_get_obj_count	16	static
lv_group.c:381:10:lv_group_get_count	8	static
lv_group.c:386:15:lv_group_by_index	24	static
lv_group.c:404:13:lv_group_refocus	24	static
lv_group.c:418:13:focus_next_core	56	static
lv_group.c:501:21:get_indev	32	static
