lv_draw_buf.c:457:15:buf_align	0	static
lv_draw_buf.c:491:17:_calculate_draw_buf_size	16	static
lv_draw_buf.c:469:17:width_to_stride	8	static
lv_draw_buf.c:452:13:buf_free	0	static
lv_draw_buf.c:443:15:buf_malloc	0	static
lv_draw_buf.c:46:6:_lv_draw_buf_init_handlers	16	static
lv_draw_buf.c:56:26:lv_draw_buf_get_handlers	0	static
lv_draw_buf.c:61:10:lv_draw_buf_width_to_stride	0	static
lv_draw_buf.c:67:8:lv_draw_buf_align	0	static
lv_draw_buf.c:73:6:lv_draw_buf_invalidate_cache	24	static
lv_draw_buf.c:161:13:lv_draw_buf_init	32	static
lv_draw_buf.c:192:17:lv_draw_buf_create	40	static
lv_draw_buf.c:222:17:lv_draw_buf_dup	16	static
lv_draw_buf.c:239:17:lv_draw_buf_reshape	24	static
lv_draw_buf.c:263:6:lv_draw_buf_destroy	8	static
lv_draw_buf.c:277:8:lv_draw_buf_goto_xy	16	static
lv_draw_buf.c:89:6:lv_draw_buf_clear	24	static
lv_draw_buf.c:117:6:lv_draw_buf_copy	32	static
lv_draw_buf.c:290:13:lv_draw_buf_adjust_stride	32	static
lv_draw_buf.c:347:13:lv_draw_buf_premultiply	48	static
lv_draw_buf.c:425:6:lv_draw_buf_set_palette	16	static
