lv_roller.c:772:13:set_y_anim	0	static
lv_roller.c:777:13:transform_vect_recursive	40	static
lv_roller.c:753:16:get_selected_label_width	48	static
lv_roller.c:548:13:get_sel_area	40	static
lv_roller.c:423:13:draw_main	264	static
lv_roller.c:721:13:inf_normalize.part.0	32	static
lv_roller.c:766:13:scroll_anim_completed_cb	8	static
lv_roller.c:572:13:refr_position	120	static
lv_roller.c:392:13:lv_roller_label_event	200	static
lv_roller.c:91:6:lv_roller_set_options.part.0	56	static
lv_roller.c:265:13:lv_roller_constructor	16	static
lv_roller.c:79:12:lv_roller_create	8	static
lv_roller.c:91:6:lv_roller_set_options	0	static
lv_roller.c:147:6:lv_roller_set_selected	16	static
lv_roller.c:287:13:lv_roller_event	56	static
lv_roller.c:181:6:lv_roller_set_visible_row_count	32	static
lv_roller.c:195:10:lv_roller_get_selected	0	static
lv_roller.c:209:6:lv_roller_get_selected_str	24	static
lv_roller.c:241:14:lv_roller_get_options	8	static
lv_roller.c:248:10:lv_roller_get_option_count	0	static
