main.c:1720:6:taskLVGLTimer	24	static
main.c:2057:6:StartDefaultTask	144	static
main.c:162:6:hold_power_enable	0	static
main.c:166:6:power_off	0	static
main.c:170:6:charging_disable	0	static
main.c:174:6:charging_enable	0	static
main.c:179:6:NP_power_enable	0	static
main.c:184:6:encoder_preamp_power_enable	0	static
main.c:200:5:__io_putchar	0	static
main.c:211:6:SAI_encoder_init	16	static,ignoring_inline_asm
main.c:239:6:SAI_decoder_init	16	static,ignoring_inline_asm
main.c:270:6:HAL_SAI_TxHalfCpltCallback	0	static
main.c:285:6:HAL_SAI_TxCpltCallback	0	static
main.c:306:6:HAL_SAI_RxHalfCpltCallback	8	static
main.c:325:6:HAL_SAI_RxCpltCallback	0	static
main.c:337:6:HAL_SAI_ErrorCallback	0	static
main.c:345:6:HAL_GPIO_EXTI_Callback	16	static
main.c:445:6:HAL_TIM_PeriodElapsedCallback	24	static
main.c:584:6:HAL_LTDC_LineEventCallback	0	static
main.c:804:6:SystemClock_Config	136	static,ignoring_inline_asm
main.c:867:6:PeriphCommonClock_Config	208	static,ignoring_inline_asm
main.c:613:5:main	144	static,ignoring_inline_asm
main.c:1784:6:init_async_i2c	16	static
main.c:1812:6:StartHumanInOutTask	56	static
main.c:1793:9:transmit_async_i2c	24	static
main.c:2421:6:Error_Handler	0	static,ignoring_inline_asm
