stm32h7xx_it.c:87:6:NMI_Handler	0	static
stm32h7xx_it.c:102:6:HardFault_Handler	0	static
stm32h7xx_it.c:117:6:MemManage_Handler	0	static
stm32h7xx_it.c:132:6:BusFault_Handler	0	static
stm32h7xx_it.c:147:6:UsageFault_Handler	0	static
stm32h7xx_it.c:162:6:DebugMon_Handler	0	static
stm32h7xx_it.c:182:6:EXTI4_IRQHandler	0	static
stm32h7xx_it.c:193:6:EXTI9_5_IRQHandler	16	static
stm32h7xx_it.c:208:6:EXTI15_10_IRQHandler	16	static
stm32h7xx_it.c:226:6:DMA1_Stream0_IRQHandler	0	static
stm32h7xx_it.c:240:6:DMA1_Stream1_IRQHandler	0	static
stm32h7xx_it.c:255:6:DMA1_Stream2_IRQHandler	0	static
stm32h7xx_it.c:269:6:DMA1_Stream3_IRQHandler	0	static
stm32h7xx_it.c:285:6:TIM2_IRQHandler	0	static
stm32h7xx_it.c:299:6:I2C1_EV_IRQHandler	0	static
stm32h7xx_it.c:313:6:SPI1_IRQHandler	0	static
stm32h7xx_it.c:327:6:USART1_IRQHandler	0	static
stm32h7xx_it.c:341:6:TIM8_UP_TIM13_IRQHandler	0	static
stm32h7xx_it.c:355:6:SDMMC1_IRQHandler	0	static
stm32h7xx_it.c:369:6:OTG_HS_IRQHandler	0	static
stm32h7xx_it.c:383:6:LTDC_IRQHandler	0	static
stm32h7xx_it.c:397:6:DMA2D_IRQHandler	0	static
stm32h7xx_it.c:411:6:SAI2_IRQHandler	8	static
stm32h7xx_it.c:426:6:MDMA_IRQHandler	0	static
