lv_dropdown.c:647:13:lv_dropdownlist_destructor	0	static
lv_dropdown.c:1130:13:position_to_selected	24	static
lv_dropdown.c:1106:17:get_id_on_point	24	static
lv_dropdown.c:934:13:draw_box	168	static
lv_dropdown.c:972:13:draw_box_label	168	static
lv_dropdown.c:632:13:lv_dropdownlist_constructor	16	static
lv_dropdown.c:616:13:lv_dropdown_destructor	16	static
lv_dropdown.c:164:6:lv_dropdown_set_options_static.part.0	16	static
lv_dropdown.c:584:13:lv_dropdown_constructor	16	static
lv_dropdown.c:94:12:lv_dropdown_create	8	static
lv_dropdown.c:106:6:lv_dropdown_set_text	0	static
lv_dropdown.c:117:6:lv_dropdown_set_options	24	static
lv_dropdown.c:164:6:lv_dropdown_set_options_static	0	static
lv_dropdown.c:193:6:lv_dropdown_add_option	32	static
lv_dropdown.c:260:6:lv_dropdown_clear_options	8	static
lv_dropdown.c:277:6:lv_dropdown_set_selected	8	static
lv_dropdown.c:294:6:lv_dropdown_set_dir	4	static
lv_dropdown.c:306:6:lv_dropdown_set_symbol	0	static
lv_dropdown.c:315:6:lv_dropdown_set_selected_highlight	0	static
lv_dropdown.c:328:12:lv_dropdown_get_list	0	static
lv_dropdown.c:336:14:lv_dropdown_get_text	0	static
lv_dropdown.c:344:14:lv_dropdown_get_options	0	static
lv_dropdown.c:352:10:lv_dropdown_get_selected	0	static
lv_dropdown.c:361:10:lv_dropdown_get_option_count	0	static
lv_dropdown.c:370:6:lv_dropdown_get_selected_str	24	static
lv_dropdown.c:781:13:draw_main	416	static
lv_dropdown.c:404:9:lv_dropdown_get_option_index	32	static
lv_dropdown.c:428:14:lv_dropdown_get_symbol	0	static
lv_dropdown.c:435:6:lv_dropdown_get_selected_highlight	0	static
lv_dropdown.c:442:10:lv_dropdown_get_dir	0	static
lv_dropdown.c:453:6:lv_dropdown_open	48	static
lv_dropdown.c:551:6:lv_dropdown_close	8	static
lv_dropdown.c:746:13:lv_dropdown_list_event	64	static
lv_dropdown.c:1019:20:btn_release_handler	24	static
lv_dropdown.c:656:13:lv_dropdown_event	32	static
lv_dropdown.c:564:6:lv_dropdown_is_open	8	static
