lv_anim_timeline.c:161:13:anim_timeline_set_act_time	32	static
lv_anim_timeline.c:198:13:anim_timeline_exec_cb	0	static
lv_anim_timeline.c:192:16:anim_timeline_path_cb	16	static
lv_anim_timeline.c:126:10:lv_anim_timeline_get_playtime.part.0	24	static
lv_anim_timeline.c:54:22:lv_anim_timeline_create	8	static
lv_anim_timeline.c:61:6:lv_anim_timeline_delete	8	static
lv_anim_timeline.c:71:6:lv_anim_timeline_add	24	static
lv_anim_timeline.c:84:10:lv_anim_timeline_start	112	static
lv_anim_timeline.c:104:6:lv_anim_timeline_pause	0	static
lv_anim_timeline.c:111:6:lv_anim_timeline_set_reverse	0	static
lv_anim_timeline.c:117:6:lv_anim_timeline_set_progress	24	static
lv_anim_timeline.c:126:10:lv_anim_timeline_get_playtime	0	static
lv_anim_timeline.c:144:6:lv_anim_timeline_get_reverse	0	static
lv_anim_timeline.c:150:10:lv_anim_timeline_get_progress	16	static
