lv_area.c:42:6:lv_area_set	4	static
lv_area.c:50:6:lv_area_set_width	0	static
lv_area.c:55:6:lv_area_set_height	0	static
lv_area.c:60:6:_lv_area_set_pos	8	static
lv_area.c:70:10:lv_area_get_size	0	static
lv_area.c:79:6:lv_area_increase	8	static
lv_area.c:87:6:lv_area_move	8	static
lv_area.c:95:6:_lv_area_intersect	16	static
lv_area.c:177:6:_lv_area_join	16	static
lv_area.c:185:6:_lv_area_is_point_on	64	static
lv_area.c:245:6:_lv_area_is_on	0	static
lv_area.c:255:6:_lv_area_is_in	32	static
lv_area.c:112:8:_lv_area_diff	32	static
lv_area.c:285:6:_lv_area_is_out	32	static
lv_area.c:312:6:_lv_area_is_equal	0	static
lv_area.c:317:6:lv_area_align	32	static
lv_area.c:443:6:lv_point_transform	56	static
