lv_fs.c:43:6:_lv_fs_init	0	static
lv_fs.c:48:6:_lv_fs_deinit	0	static
lv_fs.c:128:6:lv_fs_make_path_from_buffer	8	static
lv_fs.c:137:13:lv_fs_close	16	static
lv_fs.c:250:13:lv_fs_read	64	static
lv_fs.c:271:13:lv_fs_write	40	static
lv_fs.c:301:13:lv_fs_seek	24	static
lv_fs.c:356:13:lv_fs_tell	4	static
lv_fs.c:414:13:lv_fs_dir_read	8	static
lv_fs.c:435:13:lv_fs_dir_close	8	static
lv_fs.c:453:6:lv_fs_drv_init	0	static
lv_fs.c:458:6:lv_fs_drv_register	8	static
lv_fs.c:469:15:lv_fs_get_drv	16	static
lv_fs.c:53:6:lv_fs_is_ready	8	static
lv_fs.c:64:13:lv_fs_open	24	static
lv_fs.c:380:13:lv_fs_dir_open	16	static
lv_fs.c:482:8:lv_fs_get_letters	16	static
lv_fs.c:497:14:lv_fs_get_ext	8	static
lv_fs.c:512:8:lv_fs_up	8	static
lv_fs.c:538:14:lv_fs_get_last	8	static
